Component: ARM Compiler 5.06 update 4 (build 422) Tool: armlink [4d35ed]

==============================================================================

Section Cross References

    main.o(i.assert_nrf_callback) refers to app_error.o(i.app_error_handler) for app_error_handler
    main.o(i.main) refers to segger_rtt_printf.o(i.SEGGER_RTT_printf) for SEGGER_RTT_printf
    main.o(i.main) refers to in_flash_manage.o(i.boot_to_new_appilacation) for boot_to_new_appilacation
    main.o(i.main) refers to driver_init.o(i.Platform_driver_init) for Platform_driver_init
    main.o(i.main) refers to ble_init.o(i.ble_Init) for ble_Init
    main.o(i.main) refers to beacon2_adv.o(i.Cycletimers_increase) for Cycletimers_increase
    main.o(i.main) refers to driver_init.o(i.Power_manager) for Power_manager
    main.o(i.main) refers to battery_check.o(i.task_read_battery) for task_read_battery
    main.o(i.main) refers to nrf_dfu.o(i.task_dfu_upfile) for task_dfu_upfile
    main.o(i.main) refers to system_time.o(i.task_system_timer) for task_system_timer
    main.o(i.main) refers to user_flash.o(i.task_save_flash) for task_save_flash
    main.o(i.main) refers to ble_adv.o(i.task_adv_update) for task_adv_update
    main.o(i.main) refers to wdt.o(i.Feed_WacthDog) for Feed_WacthDog
    main.o(i.main) refers to main.o(.data) for .data
    driver_init.o(i.Platform_driver_init) refers to app_timer.o(i.app_timer_init) for app_timer_init
    driver_init.o(i.Platform_driver_init) refers to app_error.o(i.app_error_handler) for app_error_handler
    driver_init.o(i.Platform_driver_init) refers to key.o(i.key_Init) for key_Init
    driver_init.o(i.Platform_driver_init) refers to system_time.o(i.system_timer_init) for system_timer_init
    driver_init.o(i.Platform_driver_init) refers to wdt.o(i.watchdog_init) for watchdog_init
    driver_init.o(i.Platform_driver_init) refers to led_manage.o(i.led_init) for led_init
    driver_init.o(i.Platform_driver_init) refers to ble_adv.o(i.adv_timer_config) for adv_timer_config
    driver_init.o(i.Platform_driver_init) refers to user_flash.o(i.read_user_flash) for read_user_flash
    driver_init.o(i.Power_manager) refers to app_error.o(i.app_error_handler) for app_error_handler
    driver_init.o(i.is_newPcb) refers to driver_init.o(i.nrf_gpio_cfg) for nrf_gpio_cfg
    driver_init.o(i.is_newPcb) refers to driver_init.o(.data) for .data
    ble_init.o(i.battery_service_Init) refers to memseta.o(.text) for __aeabi_memclr4
    ble_init.o(i.battery_service_Init) refers to battery_check.o(i.get_battery_level) for get_battery_level
    ble_init.o(i.battery_service_Init) refers to ble_bas.o(i.ble_bas_init) for ble_bas_init
    ble_init.o(i.battery_service_Init) refers to app_error.o(i.app_error_handler) for app_error_handler
    ble_init.o(i.battery_service_Init) refers to ble_init.o(.bss) for .bss
    ble_init.o(i.battery_service_Init) refers to ble_init.o(i.ble_Init) for i.ble_Init
    ble_init.o(i.ble_Init) refers to ble_init.o(i.ble_stack_init) for ble_stack_init
    ble_init.o(i.ble_Init) refers to ble_comm.o(i.ble_mac_init) for ble_mac_init
    ble_init.o(i.ble_Init) refers to ble_init.o(i.dis_service_init) for dis_service_init
    ble_init.o(i.ble_Init) refers to app_error.o(i.app_error_handler) for app_error_handler
    ble_init.o(i.ble_Init) refers to ble_init.o(i.gatt_init) for gatt_init
    ble_init.o(i.ble_Init) refers to ble_init.o(i.battery_service_Init) for battery_service_Init
    ble_init.o(i.ble_Init) refers to nrf_dfu.o(i.dfu_transport_init) for dfu_transport_init
    ble_init.o(i.ble_Init) refers to periph_service.o(i.user_service_init) for user_service_init
    ble_init.o(i.ble_Init) refers to memseta.o(.text) for __aeabi_memclr4
    ble_init.o(i.ble_Init) refers to ble_conn_params.o(i.ble_conn_params_init) for ble_conn_params_init
    ble_init.o(i.ble_Init) refers to ble_init.o(i.on_conn_params_evt) for on_conn_params_evt
    ble_init.o(i.ble_Init) refers to ble_init.o(i.conn_params_error_handler) for conn_params_error_handler
    ble_init.o(i.ble_bas_battery_update) refers to battery_check.o(i.get_battery_level) for get_battery_level
    ble_init.o(i.ble_bas_battery_update) refers to ble_bas.o(i.ble_bas_battery_level_update) for ble_bas_battery_level_update
    ble_init.o(i.ble_bas_battery_update) refers to ble_init.o(.bss) for .bss
    ble_init.o(i.ble_evt_handler) refers to segger_rtt_printf.o(i.SEGGER_RTT_printf) for SEGGER_RTT_printf
    ble_init.o(i.ble_evt_handler) refers to app_error.o(i.app_error_handler) for app_error_handler
    ble_init.o(i.ble_evt_handler) refers to memcpya.o(.text) for __aeabi_memcpy
    ble_init.o(i.ble_evt_handler) refers to ble_init.o(.data) for .data
    ble_init.o(i.ble_stack_init) refers to nrf_sdh.o(i.nrf_sdh_enable_request) for nrf_sdh_enable_request
    ble_init.o(i.ble_stack_init) refers to app_error.o(i.app_error_handler) for app_error_handler
[...]
    .data                                    0x20002b20   Section        8  ble_conn_params.o(.data)
    m_preferred_conn_params                  0x20002b20   Data           8  ble_conn_params.o(.data)
    .data                                    0x20002b28   Section       74  ble_dis.o(.data)
    service_handle                           0x20002b28   Data           2  ble_dis.o(.data)
    manufact_name_handles                    0x20002b2a   Data           8  ble_dis.o(.data)
    model_num_handles                        0x20002b32   Data           8  ble_dis.o(.data)
    serial_num_handles                       0x20002b3a   Data           8  ble_dis.o(.data)
    hw_rev_handles                           0x20002b42   Data           8  ble_dis.o(.data)
    fw_rev_handles                           0x20002b4a   Data           8  ble_dis.o(.data)
    sw_rev_handles                           0x20002b52   Data           8  ble_dis.o(.data)
    sys_id_handles                           0x20002b5a   Data           8  ble_dis.o(.data)
    reg_cert_data_list_handles               0x20002b62   Data           8  ble_dis.o(.data)
    pnp_id_handles                           0x20002b6a   Data           8  ble_dis.o(.data)
    .data                                    0x20002b74   Section       20  app_timer.o(.data)
    m_ticks_elapsed_q_read_ind               0x20002b74   Data           1  app_timer.o(.data)
    m_ticks_elapsed_q_write_ind              0x20002b75   Data           1  app_timer.o(.data)
    m_rtc1_running                           0x20002b76   Data           1  app_timer.o(.data)
    m_rtc1_reset                             0x20002b77   Data           1  app_timer.o(.data)
    mp_timer_id_head                         0x20002b78   Data           4  app_timer.o(.data)
    m_ticks_latest                           0x20002b7c   Data           4  app_timer.o(.data)
    m_ticks_elapsed                          0x20002b80   Data           8  app_timer.o(.data)
    .data                                    0x20002b88   Section        8  nrf_fstorage_sd.o(.data)
    m_p_cur_op                               0x20002b88   Data           4  nrf_fstorage_sd.o(.data)
    m_iget_ctx                               0x20002b8c   Data           4  nrf_fstorage_sd.o(.data)
    .data                                    0x20002b90   Section        3  nrf_sdh.o(.data)
    m_nrf_sdh_enabled                        0x20002b90   Data           1  nrf_sdh.o(.data)
    m_nrf_sdh_suspended                      0x20002b91   Data           1  nrf_sdh.o(.data)
    m_nrf_sdh_continue                       0x20002b92   Data           1  nrf_sdh.o(.data)
    .data                                    0x20002b94   Section        4  nrf_sdh_ble.o(.data)
    .data                                    0x20002b98   Section        4  system_nrf52810.o(.data)
    __tagsym$$used                           0x20002b98   Number         0  system_nrf52810.o(.data)
    .data                                    0x20002b9c   Section       32  nrf_dfu.o(.data)
    m_pkt_type                               0x20002b9c   Data           1  nrf_dfu.o(.data)
    m_pkt_rcpt_notif_enabled                 0x20002b9d   Data           1  nrf_dfu.o(.data)
    write_success                            0x20002b9e   Data           1  nrf_dfu.o(.data)
    dfu_update_mode                          0x20002b9f   Data           1  nrf_dfu.o(.data)
    app_size                                 0x20002ba0   Data           4  nrf_dfu.o(.data)
    app_crc                                  0x20002ba4   Data           4  nrf_dfu.o(.data)
    m_pkt_notif_target                       0x20002ba8   Data           4  nrf_dfu.o(.data)
    m_pkt_notif_target_cnt                   0x20002bac   Data           4  nrf_dfu.o(.data)
    m_num_of_firmware_bytes_rcvd             0x20002bb0   Data           4  nrf_dfu.o(.data)
    .data                                    0x20002bbc   Section        8  ble_dfu.o(.data)
    m_is_dfu_service_initialized             0x20002bbc   Data           1  ble_dfu.o(.data)
    m_notif_buffer                           0x20002bbd   Data           7  ble_dfu.o(.data)
    log_dynamic_data                         0x20002bc4   Section       12  nrf_ble_gatt.o(log_dynamic_data)
    __tagsym$$used                           0x20002bc4   Number         0  nrf_ble_gatt.o(log_dynamic_data)
    log_dynamic_data                         0x20002bd0   Section       12  nrf_drv_clock.o(log_dynamic_data)
    __tagsym$$used                           0x20002bd0   Number         0  nrf_drv_clock.o(log_dynamic_data)
    log_dynamic_data                         0x20002bdc   Section       12  nrf_drv_gpiote.o(log_dynamic_data)
    __tagsym$$used                           0x20002bdc   Number         0  nrf_drv_gpiote.o(log_dynamic_data)
    log_dynamic_data                         0x20002be8   Section       12  nrf_drv_uart.o(log_dynamic_data)
    __tagsym$$used                           0x20002be8   Number         0  nrf_drv_uart.o(log_dynamic_data)
    log_dynamic_data                         0x20002bf4   Section       12  nrf_drv_saadc.o(log_dynamic_data)
    __tagsym$$used                           0x20002bf4   Number         0  nrf_drv_saadc.o(log_dynamic_data)
    log_dynamic_data                         0x20002c00   Section       12  nrf_balloc.o(log_dynamic_data)
    __tagsym$$used                           0x20002c00   Number         0  nrf_balloc.o(log_dynamic_data)
    log_dynamic_data                         0x20002c0c   Section       12  nrf_sdh.o(log_dynamic_data)
    __tagsym$$used                           0x20002c0c   Number         0  nrf_sdh.o(log_dynamic_data)
    log_dynamic_data                         0x20002c18   Section       12  nrf_sdh_soc.o(log_dynamic_data)
    __tagsym$$used                           0x20002c18   Number         0  nrf_sdh_soc.o(log_dynamic_data)
    log_dynamic_data                         0x20002c24   Section       12  nrf_sdh_ble.o(log_dynamic_data)
    __tagsym$$used                           0x20002c24   Number         0  nrf_sdh_ble.o(log_dynamic_data)
    .bss                                     0x20002c30   Section       72  ble_init.o(.bss)
    sw_buf                                   0x20002c30   Data          10  ble_init.o(.bss)
    dd_buf                                   0x20002c3a   Data          20  ble_init.o(.bss)
    m_gatt                                   0x20002c50   Data          16  ble_init.o(.bss)
    m_bas                                    0x20002c60   Data          24  ble_init.o(.bss)
    .bss                                     0x20002c78   Section       80  ble_adv.o(.bss)
    m_adv_data                               0x20002c78   Data          31  ble_adv.o(.bss)
    m_rsp_data                               0x20002c97   Data          31  ble_adv.o(.bss)
    adv_params                               0x20002cb8   Data          16  ble_adv.o(.bss)
    .bss                                     0x20002cc8   Section       32  ble_adv.o(.bss)
    g_adv_update_timer_data                  0x20002cc8   Data          32  ble_adv.o(.bss)
    .bss                                     0x20002ce8   Section       48  periph_service.o(.bss)
    .bss                                     0x20002d18   Section       20  battery_check.o(.bss)
    .bss                                     0x20002d2c   Section      244  user_flash.o(.bss)
    .bss                                     0x20002e20   Section       32  system_time.o(.bss)
    system_timer_id_data                     0x20002e20   Data          32  system_time.o(.bss)
    .bss                                     0x20002e40   Section       32  led_manage.o(.bss)
    m_led_timer_data                         0x20002e40   Data          32  led_manage.o(.bss)
    .bss                                     0x20002e60   Section       80  ble_conn_params.o(.bss)
    m_timer_data                             0x20002e60   Data          32  ble_conn_params.o(.bss)
    m_conn_params_instances                  0x20002e80   Data          20  ble_conn_params.o(.bss)
    m_conn_params_config                     0x20002e94   Data          28  ble_conn_params.o(.bss)
    .bss                                     0x20002eb0   Section      184  ble_conn_state.o(.bss)
    m_bcs                                    0x20002eb0   Data         184  ble_conn_state.o(.bss)
    .bss                                     0x20002f68   Section       20  nrf_drv_clock.o(.bss)
    m_clock_cb                               0x20002f68   Data          20  nrf_drv_clock.o(.bss)
    .bss                                     0x20002f7c   Section       88  nrf_drv_gpiote.o(.bss)
    m_cb                                     0x20002f7c   Data          88  nrf_drv_gpiote.o(.bss)
    .bss                                     0x20002fd4   Section       28  nrf_drv_uart.o(.bss)
    m_cb                                     0x20002fd4   Data          28  nrf_drv_uart.o(.bss)
    .bss                                     0x20002ff0   Section       48  nrf_drv_saadc.o(.bss)
    m_cb                                     0x20002ff0   Data          48  nrf_drv_saadc.o(.bss)
    .bss                                     0x20003020   Section       32  app_error.o(.bss)
    m_error_data                             0x20003020   Data          32  app_error.o(.bss)
    .bss                                     0x20003040   Section      364  app_timer.o(.bss)
    m_op_queue                               0x20003040   Data         364  app_timer.o(.bss)
    .bss                                     0x200031ac   Section       12  app_util_platform.o(.bss)
    .bss                                     0x200031b8   Section      160  nrf_fstorage_sd.o(.bss)
    m_fifo_data                              0x200031b8   Data         140  nrf_fstorage_sd.o(.bss)
    m_flags                                  0x20003244   Data          20  nrf_fstorage_sd.o(.bss)
    .bss                                     0x20003258   Section       16  nrf_fstorage_sd.o(.bss)
    m_fifo_inst                              0x20003258   Data          16  nrf_fstorage_sd.o(.bss)
    .bss                                     0x20003268   Section      340  segger_rtt.o(.bss)
    _acUpBuffer                              0x20003268   Data         256  segger_rtt.o(.bss)
    _acDownBuffer                            0x20003368   Data          10  segger_rtt.o(.bss)
    .bss                                     0x200033bc   Section      256  segger_rtt_printf.o(.bss)
    acBuffer                                 0x200033bc   Data         256  segger_rtt_printf.o(.bss)
    .bss                                     0x200034bc   Section       60  nrf_dfu.o(.bss)
    m_dfu                                    0x200034c8   Data          48  nrf_dfu.o(.bss)
    STACK                                    0x200034f8   Section     2048  arm_startup_nrf52810.o(STACK)

    Global Symbols

    Symbol Name                              Value     Ov Type        Size  Object(Section)

    BuildAttributes$$THM_ISAv4$E$P$D$K$B$S$7EM$PE$A:L22UL41UL21$X:L11$S22US41US21$IEEE1$IW$USESV6$~STKCKD$USESV7$~SHL$OSPACE$ROPI$EBA8$MICROLIB$REQ8$PRES8$EABIv2 0x00000000   Number         0  anon$$obj.o ABSOLUTE
    __ARM_use_no_argv                        0x00000000   Number         0  main.o ABSOLUTE
    _printf_a                                0x00000000   Number         0  stubs.o ABSOLUTE
    _printf_c                                0x00000000   Number         0  stubs.o ABSOLUTE
    _printf_charcount                        0x00000000   Number         0  stubs.o ABSOLUTE
    _printf_d                                0x00000000   Number         0  stubs.o ABSOLUTE
    _printf_e                                0x00000000   Number         0  stubs.o ABSOLUTE
    _printf_f                                0x00000000   Number         0  stubs.o ABSOLUTE
    _printf_flags                            0x00000000   Number         0  stubs.o ABSOLUTE
    _printf_fp_dec                           0x00000000   Number         0  stubs.o ABSOLUTE
    _printf_fp_hex                           0x00000000   Number         0  stubs.o ABSOLUTE
    _printf_g                                0x00000000   Number         0  stubs.o ABSOLUTE
    _printf_i                                0x00000000   Number         0  stubs.o ABSOLUTE
    _printf_int_dec                          0x00000000   Number         0  stubs.o ABSOLUTE
    _printf_l                                0x00000000   Number         0  stubs.o ABSOLUTE
    _printf_lc                               0x00000000   Number         0  stubs.o ABSOLUTE
    _printf_ll                               0x00000000   Number         0  stubs.o ABSOLUTE
    _printf_lld                              0x00000000   Number         0  stubs.o ABSOLUTE
    _printf_lli                              0x00000000   Number         0  stubs.o ABSOLUTE
    _printf_llo                              0x00000000   Number         0  stubs.o ABSOLUTE
    _printf_llu                              0x00000000   Number         0  stubs.o ABSOLUTE
    _printf_llx                              0x00000000   Number         0  stubs.o ABSOLUTE
    _printf_longlong_dec                     0x00000000   Number         0  stubs.o ABSOLUTE
    _printf_longlong_hex                     0x00000000   Number         0  stubs.o ABSOLUTE
    _printf_longlong_oct                     0x00000000   Number         0  stubs.o ABSOLUTE
    _printf_ls                               0x00000000   Number         0  stubs.o ABSOLUTE
    _printf_mbtowc                           0x00000000   Number         0  stubs.o ABSOLUTE
    _printf_n                                0x00000000   Number         0  stubs.o ABSOLUTE
    _printf_o                                0x00000000   Number         0  stubs.o ABSOLUTE
    _printf_p                                0x00000000   Number         0  stubs.o ABSOLUTE
    _printf_percent                          0x00000000   Number         0  stubs.o ABSOLUTE
    _printf_pre_padding                      0x00000000   Number         0  stubs.o ABSOLUTE
    _printf_return_value                     0x00000000   Number         0  stubs.o ABSOLUTE
    _printf_s                                0x00000000   Number         0  stubs.o ABSOLUTE
    _printf_sizespec                         0x00000000   Number         0  stubs.o ABSOLUTE
    _printf_str                              0x00000000   Number         0  stubs.o ABSOLUTE
    _printf_truncate_signed                  0x00000000   Number         0  stubs.o ABSOLUTE
    _printf_truncate_unsigned                0x00000000   Number         0  stubs.o ABSOLUTE
    _printf_u                                0x00000000   Number         0  stubs.o ABSOLUTE
    _printf_wc                               0x00000000   Number         0  stubs.o ABSOLUTE
    _printf_wctomb                           0x00000000   Number         0  stubs.o ABSOLUTE
    _printf_widthprec                        0x00000000   Number         0  stubs.o ABSOLUTE
    _printf_x                                0x00000000   Number         0  stubs.o ABSOLUTE
    __cpp_initialize__aeabi_                  - Undefined Weak Reference
    __cxa_finalize                            - Undefined Weak Reference
    _clock_init                               - Undefined Weak Reference
    _microlib_exit                            - Undefined Weak Reference
    fs_data$$Base                             - Undefined Reference
    fs_data$$Limit                            - Undefined Reference
    sdh_ble_observers2$$Base                  - Undefined Reference
    sdh_ble_observers2$$Limit                 - Undefined Reference
    sdh_req_observers1$$Base                  - Undefined Reference
    sdh_req_observers1$$Limit                 - Undefined Reference
    sdh_soc_observers1$$Base                  - Undefined Reference
    sdh_soc_observers1$$Limit                 - Undefined Reference
    sdh_stack_observers1$$Base                - Undefined Reference
    sdh_stack_observers1$$Limit               - Undefined Reference
    sdh_state_observers1$$Base                - Undefined Reference
    sdh_state_observers1$$Limit               - Undefined Reference
    __Vectors_Size                           0x00000200   Number         0  arm_startup_nrf52810.o ABSOLUTE
    __Vectors                                0x00018000   Data           4  arm_startup_nrf52810.o(RESET)
    __Vectors_End                            0x00018200   Data           0  arm_startup_nrf52810.o(RESET)
    __main                                   0x00018201   Thumb Code     0  entry.o(.ARM.Collect$$$$00000000)
    _main_stk                                0x00018201   Thumb Code     0  entry2.o(.ARM.Collect$$$$00000001)
    _main_scatterload                        0x00018205   Thumb Code     0  entry5.o(.ARM.Collect$$$$00000004)
    __main_after_scatterload                 0x00018209   Thumb Code     0  entry5.o(.ARM.Collect$$$$00000004)
    _main_clock                              0x00018209   Thumb Code     0  entry7b.o(.ARM.Collect$$$$00000008)
    _main_cpp_init                           0x00018209   Thumb Code     0  entry8b.o(.ARM.Collect$$$$0000000A)
    _main_init                               0x00018209   Thumb Code     0  entry9a.o(.ARM.Collect$$$$0000000B)
    __rt_final_cpp                           0x00018211   Thumb Code     0  entry10a.o(.ARM.Collect$$$$0000000D)
    __rt_final_exit                          0x00018211   Thumb Code     0  entry11a.o(.ARM.Collect$$$$0000000F)
    __asm___12_nrf_atfifo_c_51f461e1__nrf_atfifo_wspace_req 0x00018215   Thumb Code    56  nrf_atfifo.o(.emb_text)
    __asm___12_nrf_atfifo_c_51f461e1__nrf_atfifo_wspace_close 0x0001824d   Thumb Code    18  nrf_atfifo.o(.emb_text)
    __asm___12_nrf_atfifo_c_51f461e1__nrf_atfifo_rspace_req 0x0001825f   Thumb Code    58  nrf_atfifo.o(.emb_text)
    __asm___12_nrf_atfifo_c_51f461e1__nrf_atfifo_rspace_close 0x00018299   Thumb Code    18  nrf_atfifo.o(.emb_text)
    __asm___12_nrf_atfifo_c_51f461e1__nrf_atfifo_space_clear 0x000182ab   Thumb Code    50  nrf_atfifo.o(.emb_text)
    Reset_Handler                            0x000182dd   Thumb Code     8  arm_startup_nrf52810.o(.text)
    NMI_Handler                              0x000182e5   Thumb Code     2  arm_startup_nrf52810.o(.text)
    HardFault_Handler                        0x000182e7   Thumb Code     2  arm_startup_nrf52810.o(.text)
    MemoryManagement_Handler                 0x000182e9   Thumb Code     2  arm_startup_nrf52810.o(.text)
    BusFault_Handler                         0x000182eb   Thumb Code     2  arm_startup_nrf52810.o(.text)
    UsageFault_Handler                       0x000182ed   Thumb Code     2  arm_startup_nrf52810.o(.text)
    SVC_Handler                              0x000182ef   Thumb Code     2  arm_startup_nrf52810.o(.text)
    DebugMon_Handler                         0x000182f1   Thumb Code     2  arm_startup_nrf52810.o(.text)
    PendSV_Handler                           0x000182f3   Thumb Code     2  arm_startup_nrf52810.o(.text)
    SysTick_Handler                          0x000182f5   Thumb Code     2  arm_startup_nrf52810.o(.text)
    CCM_AAR_IRQHandler                       0x000182f7   Thumb Code     0  arm_startup_nrf52810.o(.text)
    COMP_IRQHandler                          0x000182f7   Thumb Code     0  arm_startup_nrf52810.o(.text)
    ECB_IRQHandler                           0x000182f7   Thumb Code     0  arm_startup_nrf52810.o(.text)
    PDM_IRQHandler                           0x000182f7   Thumb Code     0  arm_startup_nrf52810.o(.text)
    PWM0_IRQHandler                          0x000182f7   Thumb Code     0  arm_startup_nrf52810.o(.text)
    QDEC_IRQHandler                          0x000182f7   Thumb Code     0  arm_startup_nrf52810.o(.text)
    RADIO_IRQHandler                         0x000182f7   Thumb Code     0  arm_startup_nrf52810.o(.text)
    RNG_IRQHandler                           0x000182f7   Thumb Code     0  arm_startup_nrf52810.o(.text)
    RTC0_IRQHandler                          0x000182f7   Thumb Code     0  arm_startup_nrf52810.o(.text)
    SPIM0_SPIS0_IRQHandler                   0x000182f7   Thumb Code     0  arm_startup_nrf52810.o(.text)
    SWI1_EGU1_IRQHandler                     0x000182f7   Thumb Code     0  arm_startup_nrf52810.o(.text)
    SWI3_IRQHandler                          0x000182f7   Thumb Code     0  arm_startup_nrf52810.o(.text)
    SWI4_IRQHandler                          0x000182f7   Thumb Code     0  arm_startup_nrf52810.o(.text)
    SWI5_IRQHandler                          0x000182f7   Thumb Code     0  arm_startup_nrf52810.o(.text)
    TEMP_IRQHandler                          0x000182f7   Thumb Code     0  arm_startup_nrf52810.o(.text)
    TIMER0_IRQHandler                        0x000182f7   Thumb Code     0  arm_startup_nrf52810.o(.text)
    TIMER1_IRQHandler                        0x000182f7   Thumb Code     0  arm_startup_nrf52810.o(.text)
    TIMER2_IRQHandler                        0x000182f7   Thumb Code     0  arm_startup_nrf52810.o(.text)
    TWIM0_TWIS0_IRQHandler                   0x000182f7   Thumb Code     0  arm_startup_nrf52810.o(.text)
    WDT_IRQHandler                           0x000182f7   Thumb Code     0  arm_startup_nrf52810.o(.text)
    __aeabi_uldivmod                         0x00018301   Thumb Code    98  uldiv.o(.text)
    __aeabi_memcpy                           0x00018363   Thumb Code    36  memcpya.o(.text)
    __aeabi_memcpy4                          0x00018363   Thumb Code     0  memcpya.o(.text)
    __aeabi_memcpy8                          0x00018363   Thumb Code     0  memcpya.o(.text)
    __aeabi_memset                           0x00018387   Thumb Code    14  memseta.o(.text)
    __aeabi_memset4                          0x00018387   Thumb Code     0  memseta.o(.text)
    __aeabi_memset8                          0x00018387   Thumb Code     0  memseta.o(.text)
    __aeabi_memclr                           0x00018395   Thumb Code     4  memseta.o(.text)
    __aeabi_memclr4                          0x00018395   Thumb Code     0  memseta.o(.text)
    __aeabi_memclr8                          0x00018395   Thumb Code     0  memseta.o(.text)
    _memset$wrapper                          0x00018399   Thumb Code    18  memseta.o(.text)
    strlen                                   0x000183ab   Thumb Code    14  strlen.o(.text)
    memcmp                                   0x000183b9   Thumb Code    26  memcmp.o(.text)
    strcpy                                   0x000183d3   Thumb Code    18  strcpy.o(.text)
    CheckAddr                                0x000183e5   Thumb Code    18  in_flash_manage.o(i.CheckAddr)
    SWI0_EGU0_IRQHandler                     0x000183f7   Thumb Code     4  app_timer.o(i.SWI0_EGU0_IRQHandler)
    SWI2_IRQHandler                          0x000183fb   Thumb Code     4  nrf_sdh.o(i.SWI2_IRQHandler)
    __scatterload_null                       0x000183ff   Thumb Code     2  handlers.o(i.__scatterload_null)
    version                                  0x00018400   Data           3  in_flash_manage.o(.ARM.__AT_0x00018400)
    __aeabi_llsl                             0x00018405   Thumb Code    30  llshl.o(.text)
    _ll_shift_l                              0x00018405   Thumb Code     0  llshl.o(.text)
    __aeabi_llsr                             0x00018423   Thumb Code    32  llushr.o(.text)
    _ll_ushift_r                             0x00018423   Thumb Code     0  llushr.o(.text)
    __scatterload                            0x00018445   Thumb Code    28  init.o(.text)
    __scatterload_rt2                        0x00018445   Thumb Code     0  init.o(.text)
    __decompress                             0x00018469   Thumb Code     0  __dczerorl.o(.text)
    __decompress0                            0x00018469   Thumb Code    58  __dczerorl.o(.text)
    Cycletimers_increase                     0x000184a5   Thumb Code    28  beacon2_adv.o(i.Cycletimers_increase)
    EraseBoot                                0x000184c5   Thumb Code    40  in_flash_manage.o(i.EraseBoot)
    EraseBvkFlash                            0x000184f5   Thumb Code    44  nrf_dfu.o(i.EraseBvkFlash)
    Feed_WacthDog                            0x00018521   Thumb Code    20  wdt.o(i.Feed_WacthDog)
    Flash_Erase_Page                         0x0001853d   Thumb Code    42  in_flash_manage.o(i.Flash_Erase_Page)
    Flash_Write_World                        0x0001856d   Thumb Code    32  in_flash_manage.o(i.Flash_Write_World)
    GPIOTE_IRQHandler                        0x00018591   Thumb Code   362  nrf_drv_gpiote.o(i.GPIOTE_IRQHandler)
    InflashRead                              0x00018705   Thumb Code    20  in_flash_manage.o(i.InflashRead)
    InitAdc                                  0x00018719   Thumb Code    56  battery_check.o(i.InitAdc)
    IsRightBoard                             0x0001877d   Thumb Code    22  nrf_dfu.o(i.IsRightBoard)
    POWER_CLOCK_IRQHandler                   0x000187fd   Thumb Code    84  nrf_drv_clock.o(i.POWER_CLOCK_IRQHandler)
    Periph_service_send                      0x00018855   Thumb Code   158  periph_service.o(i.Periph_service_send)
    Platform_driver_init                     0x0001898d   Thumb Code    48  driver_init.o(i.Platform_driver_init)
    Power_manager                            0x000189d9   Thumb Code    16  driver_init.o(i.Power_manager)
    RTC1_IRQHandler                          0x00018a05   Thumb Code    32  app_timer.o(i.RTC1_IRQHandler)
    SAADC_IRQHandler                         0x00018a29   Thumb Code   320  nrf_drv_saadc.o(i.SAADC_IRQHandler)
    SEGGER_RTT_Write                         0x00018b71   Thumb Code    56  segger_rtt.o(i.SEGGER_RTT_Write)
    SEGGER_RTT_WriteNoLock                   0x00018bad   Thumb Code    86  segger_rtt.o(i.SEGGER_RTT_WriteNoLock)
    SEGGER_RTT_printf                        0x00018c09   Thumb Code    22  segger_rtt_printf.o(i.SEGGER_RTT_printf)
    SEGGER_RTT_vprintf                       0x00018c21   Thumb Code   410  segger_rtt_printf.o(i.SEGGER_RTT_vprintf)
    StartAdc                                 0x00018dc1   Thumb Code    58  battery_check.o(i.StartAdc)
    Sterilize_handle                         0x00018e05   Thumb Code    96  beacon1_adv.o(i.Sterilize_handle)
    Sterilize_set_counter_value              0x00018e69   Thumb Code    58  beacon1_adv.o(i.Sterilize_set_counter_value)
    SystemInit                               0x00018eb1   Thumb Code   656  system_nrf52810.o(i.SystemInit)
    UARTE0_IRQHandler                        0x0001918d   Thumb Code     8  nrf_drv_uart.o(i.UARTE0_IRQHandler)
    __0sprintf$8                             0x00019491   Thumb Code    34  printf8.o(i.__0sprintf$8)
    __1sprintf$8                             0x00019491   Thumb Code     0  printf8.o(i.__0sprintf$8)
    __2sprintf                               0x00019491   Thumb Code     0  printf8.o(i.__0sprintf$8)
    __scatterload_copy                       0x000194b9   Thumb Code    14  handlers.o(i.__scatterload_copy)
    __scatterload_zeroinit                   0x000194c7   Thumb Code    14  handlers.o(i.__scatterload_zeroinit)
    adv_timer_config                         0x0001997d   Thumb Code    24  ble_adv.o(i.adv_timer_config)
    adv_update_packet_byte                   0x00019999   Thumb Code     6  ble_adv.o(i.adv_update_packet_byte)
    adv_update_timer_init                    0x000199a5   Thumb Code    30  ble_adv.o(i.adv_update_timer_init)
    app_error_fault_handler                  0x000199e9   Thumb Code   126  app_error_weak.o(i.app_error_fault_handler)
    app_error_handler                        0x00019b15   Thumb Code    24  app_error.o(i.app_error_handler)
    app_error_save_and_stop                  0x00019b2d   Thumb Code    96  app_error.o(i.app_error_save_and_stop)
    app_timer_create                         0x00019b91   Thumb Code    36  app_timer.o(i.app_timer_create)
    app_timer_init                           0x00019bb9   Thumb Code    70  app_timer.o(i.app_timer_init)
    app_timer_start                          0x00019c0d   Thumb Code   128  app_timer.o(i.app_timer_start)
    app_timer_stop                           0x00019c95   Thumb Code    26  app_timer.o(i.app_timer_stop)
    app_util_critical_region_enter           0x00019cb5   Thumb Code    64  app_util_platform.o(i.app_util_critical_region_enter)
    app_util_critical_region_exit            0x00019cfd   Thumb Code    46  app_util_platform.o(i.app_util_critical_region_exit)
    ble_Init                                 0x00019f0d   Thumb Code   144  ble_init.o(i.ble_Init)
    ble_bas_battery_level_update             0x0001a0b9   Thumb Code   122  ble_bas.o(i.ble_bas_battery_level_update)
    ble_bas_battery_update                   0x0001a135   Thumb Code    18  ble_init.o(i.ble_bas_battery_update)
    ble_bas_init                             0x0001a14d   Thumb Code    68  ble_bas.o(i.ble_bas_init)
    ble_commd_analyze                        0x0001a191   Thumb Code   342  ble_data.o(i.ble_commd_analyze)
    ble_conn_params_init                     0x0001a2f1   Thumb Code    90  ble_conn_params.o(i.ble_conn_params_init)
    ble_conn_params_stop                     0x0001a359   Thumb Code    32  ble_conn_params.o(i.ble_conn_params_stop)
    ble_dfu_init                             0x0001a37d   Thumb Code   130  ble_dfu.o(i.ble_dfu_init)
    ble_dfu_on_ble_evt                       0x0001a409   Thumb Code   138  ble_dfu.o(i.ble_dfu_on_ble_evt)
    ble_dfu_pkts_rcpt_notify                 0x0001a495   Thumb Code   106  ble_dfu.o(i.ble_dfu_pkts_rcpt_notify)
    ble_dfu_response_send                    0x0001a505   Thumb Code    90  ble_dfu.o(i.ble_dfu_response_send)
    ble_dis_init                             0x0001a565   Thumb Code   296  ble_dis.o(i.ble_dis_init)
    ble_feex_init                            0x0001aa05   Thumb Code   106  periph_service.o(i.ble_feex_init)
    ble_mac_init                             0x0001aa7d   Thumb Code   126  ble_comm.o(i.ble_mac_init)
    ble_srv_ascii_to_utf8                    0x0001ab09   Thumb Code    18  ble_srv_common.o(i.ble_srv_ascii_to_utf8)
    ble_srv_is_notification_enabled          0x0001ab1b   Thumb Code     8  ble_srv_common.o(i.ble_srv_is_notification_enabled)
    ble_srv_report_ref_encode                0x0001ab23   Thumb Code    12  ble_srv_common.o(i.ble_srv_report_ref_encode)
    ble_stack_init                           0x0001ab31   Thumb Code    58  ble_init.o(i.ble_stack_init)
    boot_to_new_appilacation                 0x0001ab89   Thumb Code    94  in_flash_manage.o(i.boot_to_new_appilacation)
    call_by_sys                              0x0001abed   Thumb Code    12  nrf_dfu.o(i.call_by_sys)
    call_by_sys_flash_manage                 0x0001abfd   Thumb Code    12  in_flash_manage.o(i.call_by_sys_flash_manage)
    check_crc                                0x0001ad5d   Thumb Code    26  nrf_dfu.o(i.check_crc)
    check_is_right_firmware                  0x0001ad7d   Thumb Code     8  nrf_dfu.o(i.check_is_right_firmware)
    check_key_press                          0x0001ad85   Thumb Code    64  key.o(i.check_key_press)
    check_out_data                           0x0001addd   Thumb Code    32  nrf_dfu.o(i.check_out_data)
    crc16_compute_dfu                        0x0001af49   Thumb Code    54  nrf_dfu.o(i.crc16_compute_dfu)
    delay_ms                                 0x0001af7f   Thumb Code    26  utility.o(i.delay_ms)
    delay_us                                 0x0001af99   Thumb Code    12  utility.o(i.delay_us)
    device_OnOff_manage                      0x0001afa5   Thumb Code     4  key.o(i.device_OnOff_manage)
    dfu_prepare_space                        0x0001b0e1   Thumb Code     8  nrf_dfu.o(i.dfu_prepare_space)
    dfu_que_in                               0x0001b0ed   Thumb Code    10  nrf_dfu.o(i.dfu_que_in)
    dfu_que_init                             0x0001b0fd   Thumb Code    18  nrf_dfu.o(i.dfu_que_init)
    dfu_que_out                              0x0001b115   Thumb Code    28  nrf_dfu.o(i.dfu_que_out)
    dfu_transport_callby_irq                 0x0001b1d5   Thumb Code     8  nrf_dfu.o(i.dfu_transport_callby_irq)
    dfu_transport_init                       0x0001b1e1   Thumb Code    46  nrf_dfu.o(i.dfu_transport_init)
    dfu_write_flash                          0x0001b239   Thumb Code    42  nrf_dfu.o(i.dfu_write_flash)
    enable_pin_irq                           0x0001b421   Thumb Code    98  gpio_init.o(i.enable_pin_irq)
    flash_nvic_word_write                    0x0001b5f9   Thumb Code    36  in_flash_manage.o(i.flash_nvic_word_write)
    g_Beacon1_adv                            0x0001b625   Thumb Code    40  beacon1_adv.o(i.g_Beacon1_adv)
    g_Beacon2_adv                            0x0001b651   Thumb Code    42  beacon2_adv.o(i.g_Beacon2_adv)
    gatt_evt_handler                         0x0001b68d   Thumb Code    34  ble_init.o(i.gatt_evt_handler)
    gatt_init                                0x0001b6e5   Thumb Code    50  ble_init.o(i.gatt_init)
    get_Sterilize_byte                       0x0001b73d   Thumb Code     6  beacon1_adv.o(i.get_Sterilize_byte)
    get_battery_level                        0x0001b749   Thumb Code     6  battery_check.o(i.get_battery_level)
    get_time_escape_ms                       0x0001b755   Thumb Code    14  app_timer.o(i.get_time_escape_ms)
    init_update                              0x0001b839   Thumb Code    22  nrf_dfu.o(i.init_update)
    is_ble_connect                           0x0001b869   Thumb Code    20  ble_init.o(i.is_ble_connect)
    key_Init                                 0x0001b8c5   Thumb Code     8  key.o(i.key_Init)
    led_init                                 0x0001b8cd   Thumb Code    12  led_manage.o(i.led_init)
    led_timer_init                           0x0001b8dd   Thumb Code    30  led_manage.o(i.led_timer_init)
    main                                     0x0001ba65   Thumb Code   102  main.o(i.main)
    nrf_atfifo_item_free                     0x0001bb5d   Thumb Code    22  nrf_atfifo.o(i.nrf_atfifo_item_free)
    nrf_atfifo_item_get                      0x0001bb73   Thumb Code    22  nrf_atfifo.o(i.nrf_atfifo_item_get)
    nrf_ble_gatt_att_mtu_periph_set          0x0001bb99   Thumb Code    20  nrf_ble_gatt.o(i.nrf_ble_gatt_att_mtu_periph_set)
    nrf_ble_gatt_init                        0x0001bbad   Thumb Code    34  nrf_ble_gatt.o(i.nrf_ble_gatt_init)
    nrf_ble_gatt_on_ble_evt                  0x0001bbd1   Thumb Code   264  nrf_ble_gatt.o(i.nrf_ble_gatt_on_ble_evt)
    nrf_drv_clock_init                       0x0001bf35   Thumb Code    64  nrf_drv_clock.o(i.nrf_drv_clock_init)
    nrf_drv_clock_lfclk_release              0x0001bf7d   Thumb Code    40  nrf_drv_clock.o(i.nrf_drv_clock_lfclk_release)
    nrf_drv_common_irq_enable                0x0001bfa9   Thumb Code    56  nrf_drv_common.o(i.nrf_drv_common_irq_enable)
    nrf_drv_gpiote_in_event_disable          0x0001bfe1   Thumb Code    66  nrf_drv_gpiote.o(i.nrf_drv_gpiote_in_event_disable)
    nrf_drv_gpiote_in_event_enable           0x0001c029   Thumb Code   156  nrf_drv_gpiote.o(i.nrf_drv_gpiote_in_event_enable)
    nrf_drv_gpiote_in_init                   0x0001c0cd   Thumb Code   172  nrf_drv_gpiote.o(i.nrf_drv_gpiote_in_init)
    nrf_drv_gpiote_in_uninit                 0x0001c185   Thumb Code    64  nrf_drv_gpiote.o(i.nrf_drv_gpiote_in_uninit)
    nrf_drv_gpiote_init                      0x0001c1cd   Thumb Code    84  nrf_drv_gpiote.o(i.nrf_drv_gpiote_init)
    nrf_drv_gpiote_is_init                   0x0001c229   Thumb Code    14  nrf_drv_gpiote.o(i.nrf_drv_gpiote_is_init)
    nrf_drv_saadc_buffer_convert             0x0001c23d   Thumb Code   154  nrf_drv_saadc.o(i.nrf_drv_saadc_buffer_convert)
    nrf_drv_saadc_channel_init               0x0001c2e1   Thumb Code    88  nrf_drv_saadc.o(i.nrf_drv_saadc_channel_init)
    nrf_drv_saadc_init                       0x0001c341   Thumb Code   124  nrf_drv_saadc.o(i.nrf_drv_saadc_init)
    nrf_drv_saadc_is_busy                    0x0001c3cd   Thumb Code    12  nrf_drv_saadc.o(i.nrf_drv_saadc_is_busy)
    nrf_drv_saadc_sample                     0x0001c3dd   Thumb Code    34  nrf_drv_saadc.o(i.nrf_drv_saadc_sample)
    nrf_fstorage_sdh_req_handler             0x0001c409   Thumb Code    18  nrf_fstorage_sd.o(i.nrf_fstorage_sdh_req_handler)
    nrf_fstorage_sdh_state_handler           0x0001c421   Thumb Code    28  nrf_fstorage_sd.o(i.nrf_fstorage_sdh_state_handler)
    nrf_fstorage_sys_evt_handler             0x0001c441   Thumb Code   150  nrf_fstorage_sd.o(i.nrf_fstorage_sys_evt_handler)
    nrf_saadc_channel_init                   0x0001c5b1   Thumb Code   100  nrf_saadc.o(i.nrf_saadc_channel_init)
    nrf_sdh_ble_app_ram_start_get            0x0001c651   Thumb Code    18  nrf_sdh_ble.o(i.nrf_sdh_ble_app_ram_start_get)
    nrf_sdh_ble_default_cfg_set              0x0001c669   Thumb Code   152  nrf_sdh_ble.o(i.nrf_sdh_ble_default_cfg_set)
    nrf_sdh_ble_enable                       0x0001c701   Thumb Code    78  nrf_sdh_ble.o(i.nrf_sdh_ble_enable)
    nrf_sdh_disable_request                  0x0001c85d   Thumb Code    54  nrf_sdh.o(i.nrf_sdh_disable_request)
    nrf_sdh_enable_request                   0x0001c899   Thumb Code    72  nrf_sdh.o(i.nrf_sdh_enable_request)
    nrf_sdh_evts_poll                        0x0001c8ed   Thumb Code    32  nrf_sdh.o(i.nrf_sdh_evts_poll)
    nrf_sdh_is_enabled                       0x0001c911   Thumb Code     6  nrf_sdh.o(i.nrf_sdh_is_enabled)
    nrf_sdh_request_continue                 0x0001c91d   Thumb Code    22  nrf_sdh.o(i.nrf_sdh_request_continue)
    nrf_section_iter_init                    0x0001c9a9   Thumb Code    10  nrf_section_iter.o(i.nrf_section_iter_init)
    nrf_section_iter_next                    0x0001c9d7   Thumb Code    32  nrf_section_iter.o(i.nrf_section_iter_next)
    nrf_strerror_find                        0x0001ca19   Thumb Code    52  nrf_strerror.o(i.nrf_strerror_find)
    nrf_strerror_get                         0x0001ca51   Thumb Code    14  nrf_strerror.o(i.nrf_strerror_get)
    nus_send_cmd                             0x0001ca7b   Thumb Code    62  ble_data.o(i.nus_send_cmd)
    on_dfu_pkt_write                         0x0001cc91   Thumb Code    48  nrf_dfu.o(i.on_dfu_pkt_write)
    periph_service_on_ble_evt                0x0001ccc5   Thumb Code    64  periph_service.o(i.periph_service_on_ble_evt)
    pin_irq_handle                           0x0001cd39   Thumb Code    32  gpio_init.o(i.pin_irq_handle)
    queue_dt_delete                          0x0001cde1   Thumb Code    44  fifo_bytes.o(i.queue_dt_delete)
    queue_dt_in                              0x0001ce0d   Thumb Code    84  fifo_bytes.o(i.queue_dt_in)
    queue_dt_init                            0x0001ce61   Thumb Code    22  fifo_bytes.o(i.queue_dt_init)
    queue_dt_out                             0x0001ce77   Thumb Code    44  fifo_bytes.o(i.queue_dt_out)
    read_user_flash                          0x0001cf85   Thumb Code   132  user_flash.o(i.read_user_flash)
    saadc_callback                           0x0001d0bd   Thumb Code    48  battery_check.o(i.saadc_callback)
    save_user_flash                          0x0001d0f1   Thumb Code     8  user_flash.o(i.save_user_flash)
    sdk_mapped_flags_bulk_update_by_key      0x0001d1f1   Thumb Code    68  sdk_mapped_flags.o(i.sdk_mapped_flags_bulk_update_by_key)
    sdk_mapped_flags_first_key_index_get     0x0001d235   Thumb Code    34  sdk_mapped_flags.o(i.sdk_mapped_flags_first_key_index_get)
    sdk_mapped_flags_key_list_get            0x0001d267   Thumb Code    74  sdk_mapped_flags.o(i.sdk_mapped_flags_key_list_get)
    sdk_mapped_flags_update_by_key           0x0001d2b1   Thumb Code    14  sdk_mapped_flags.o(i.sdk_mapped_flags_update_by_key)
    set_Sterilize_byte                       0x0001d2fd   Thumb Code    28  beacon1_adv.o(i.set_Sterilize_byte)
    start_adv_timer                          0x0001d42d   Thumb Code    46  ble_adv.o(i.start_adv_timer)
    system_timer_init                        0x0001d54d   Thumb Code    30  system_time.o(i.system_timer_init)
    system_timer_start                       0x0001d599   Thumb Code    34  system_time.o(i.system_timer_start)
    task_adv_update                          0x0001d5e5   Thumb Code    92  ble_adv.o(i.task_adv_update)
    task_ble_tx_power                        0x0001d685   Thumb Code    50  ble_comm.o(i.task_ble_tx_power)
    task_dfu_upfile                          0x0001d6fd   Thumb Code   608  nrf_dfu.o(i.task_dfu_upfile)
    task_read_battery                        0x0001d98d   Thumb Code   102  battery_check.o(i.task_read_battery)
    task_save_flash                          0x0001d9f9   Thumb Code    24  user_flash.o(i.task_save_flash)
    task_system_timer                        0x0001da15   Thumb Code    46  system_time.o(i.task_system_timer)
    user_service_init                        0x0001de81   Thumb Code    30  periph_service.o(i.user_service_init)
    wait_after_operation                     0x0001dec9   Thumb Code    34  in_flash_manage.o(i.wait_after_operation)
    watchdog_init                            0x0001def1   Thumb Code    60  wdt.o(i.watchdog_init)
    write_user_flash                         0x0001df39   Thumb Code    90  user_flash.o(i.write_user_flash)
    m_ram_start                              0x0001e1b8   Data           4  nrf_sdh_ble.o(.constdata)
    Region$$Table$$Base                      0x0001e538   Number         0  anon$$obj.o(Region$$Table)
    Region$$Table$$Limit                     0x0001e558   Number         0  anon$$obj.o(Region$$Table)
    m_nrf_log_ble_gatt_logs_data_const       0x0001e558   Data           8  nrf_ble_gatt.o(log_const_data)
    m_nrf_log_clock_logs_data_const          0x0001e560   Data           8  nrf_drv_clock.o(log_const_data)
    m_nrf_log_gpiote_logs_data_const         0x0001e568   Data           8  nrf_drv_gpiote.o(log_const_data)
    m_nrf_log_uart_logs_data_const           0x0001e570   Data           8  nrf_drv_uart.o(log_const_data)
    m_nrf_log_saadc_logs_data_const          0x0001e578   Data           8  nrf_drv_saadc.o(log_const_data)
    m_nrf_log_balloc_logs_data_const         0x0001e580   Data           8  nrf_balloc.o(log_const_data)
    m_nrf_log_nrf_sdh_logs_data_const        0x0001e588   Data           8  nrf_sdh.o(log_const_data)
    m_nrf_log_nrf_sdh_soc_logs_data_const    0x0001e590   Data           8  nrf_sdh_soc.o(log_const_data)
    m_nrf_log_nrf_sdh_ble_logs_data_const    0x0001e598   Data           8  nrf_sdh_ble.o(log_const_data)
    sdh_ble_observers0$$Base                 0x0001e5a0   Number         0  ble_conn_state.o(sdh_ble_observers0)
    sdh_ble_observers0$$Limit                0x0001e5a8   Number         0  ble_conn_state.o(sdh_ble_observers0)
    sdh_ble_observers1$$Base                 0x0001e5a8   Number         0  ble_init.o(sdh_ble_observers1)
    sdh_ble_observers1$$Limit                0x0001e5b8   Number         0  ble_conn_params.o(sdh_ble_observers1)
    sdh_ble_observers3$$Base                 0x0001e5b8   Number         0  ble_init.o(sdh_ble_observers3)
    m_req_obs                                0x0001e5c0   Data           8  nrf_fstorage_sd.o(sdh_req_observers0)
    sdh_ble_observers3$$Limit                0x0001e5c0   Number         0  ble_init.o(sdh_ble_observers3)
    sdh_req_observers0$$Base                 0x0001e5c0   Number         0  nrf_fstorage_sd.o(sdh_req_observers0)
    sdh_req_observers0$$Limit                0x0001e5c8   Number         0  nrf_fstorage_sd.o(sdh_req_observers0)
    sdh_soc_observers0$$Base                 0x0001e5c8   Number         0  ble_init.o(sdh_soc_observers0)
    sdh_soc_observers0$$Limit                0x0001e5e8   Number         0  nrf_fstorage_sd.o(sdh_soc_observers0)
    sdh_stack_observers0$$Base               0x0001e5e8   Number         0  nrf_sdh_soc.o(sdh_stack_observers0)
    sdh_stack_observers0$$Limit              0x0001e5f8   Number         0  nrf_sdh_ble.o(sdh_stack_observers0)
    sdh_state_observers0$$Base               0x0001e5f8   Number         0  nrf_drv_clock.o(sdh_state_observers0)
    sdh_state_observers0$$Limit              0x0001e608   Number         0  nrf_fstorage_sd.o(sdh_state_observers0)
    Image$$RW_IRAM1$$Base                    0x20002ac0   Number         0  anon$$obj.o ABSOLUTE
    SOFTH_VERSION                            0x20002ac0   Data           1  main.o(.data)
    SOFTL_VERSION                            0x20002ac1   Data           1  main.o(.data)
    TEST_VERSION                             0x20002ac2   Data           1  main.o(.data)
    m_conn_handle                            0x20002ac4   Data           2  ble_init.o(.data)
    adv_send_start                           0x20002ac6   Data           1  ble_adv.o(.data)
    beacon_infor                             0x20002acb   Data          21  ble_adv.o(.data)
    c_hvn_tx_complete                        0x20002ae0   Data           1  periph_service.o(.data)
    m_device_addr                            0x20002ae2   Data           7  ble_comm.o(.data)
    Sterilize_send_byte                      0x20002aec   Data           1  beacon1_adv.o(.data)
    avg_sample                               0x20002afc   Data           4  battery_check.o(.data)
    busy_ms                                  0x20002b00   Data           4  battery_check.o(.data)
    Beacon_uuid_initialize                   0x20002b04   Data           1  user_flash.o(.data)
    key_press_flg                            0x20002b1a   Data           1  gpio_init.o(.data)
    end_addr                                 0x20002b94   Data           4  nrf_sdh_ble.o(.data)
    SystemCoreClock                          0x20002b98   Data           4  system_nrf52810.o(.data)
    StuQueuedfu                              0x20002bb4   Data           8  nrf_dfu.o(.data)
    m_nrf_log_ble_gatt_logs_data_dynamic     0x20002bc4   Data          12  nrf_ble_gatt.o(log_dynamic_data)
    m_nrf_log_clock_logs_data_dynamic        0x20002bd0   Data          12  nrf_drv_clock.o(log_dynamic_data)
    m_nrf_log_gpiote_logs_data_dynamic       0x20002bdc   Data          12  nrf_drv_gpiote.o(log_dynamic_data)
    m_nrf_log_uart_logs_data_dynamic         0x20002be8   Data          12  nrf_drv_uart.o(log_dynamic_data)
    m_nrf_log_saadc_logs_data_dynamic        0x20002bf4   Data          12  nrf_drv_saadc.o(log_dynamic_data)
    m_nrf_log_balloc_logs_data_dynamic       0x20002c00   Data          12  nrf_balloc.o(log_dynamic_data)
    m_nrf_log_nrf_sdh_logs_data_dynamic      0x20002c0c   Data          12  nrf_sdh.o(log_dynamic_data)
    m_nrf_log_nrf_sdh_soc_logs_data_dynamic  0x20002c18   Data          12  nrf_sdh_soc.o(log_dynamic_data)
    m_nrf_log_nrf_sdh_ble_logs_data_dynamic  0x20002c24   Data          12  nrf_sdh_ble.o(log_dynamic_data)
    m_feex_servive                           0x20002ce8   Data          48  periph_service.o(.bss)
    m_buffer_pool                            0x20002d18   Data          20  battery_check.o(.bss)
    read_flash_buf                           0x20002d2c   Data          84  user_flash.o(.bss)
    flash_write_buf                          0x20002d80   Data          84  user_flash.o(.bss)
    StuHis                                   0x20002dd4   Data          76  user_flash.o(.bss)
    nrf_nvic_state                           0x200031ac   Data          12  app_util_platform.o(.bss)
    _SEGGER_RTT                              0x20003374   Data          72  segger_rtt.o(.bss)
    IapFlg                                   0x200034bc   Data          12  nrf_dfu.o(.bss)
    __initial_sp                             0x20003cf8   Data           0  arm_startup_nrf52810.o(STACK)



==============================================================================

Memory Map of the image

  Image Entry point : 0x00018201

  Load Region LR_IROM1 (Base: 0x00018000, Size: 0x00006778, Max: 0x0000a000, ABSOLUTE, COMPRESSED[0x00006624])

    Execution Region ER_IROM1 (Base: 0x00018000, Size: 0x00006608, Max: 0x0000a000, ABSOLUTE)

    Base Addr    Size         Type   Attr      Idx    E Section Name        Object

    0x00018000   0x00000200   Data   RO         3951    RESET               arm_startup_nrf52810.o
    0x00018200   0x00000000   Code   RO         4459  * .ARM.Collect$$$$00000000  mc_w.l(entry.o)
    0x00018200   0x00000004   Code   RO         4737    .ARM.Collect$$$$00000001  mc_w.l(entry2.o)
    0x00018204   0x00000004   Code   RO         4740    .ARM.Collect$$$$00000004  mc_w.l(entry5.o)
    0x00018208   0x00000000   Code   RO         4742    .ARM.Collect$$$$00000008  mc_w.l(entry7b.o)
    0x00018208   0x00000000   Code   RO         4744    .ARM.Collect$$$$0000000A  mc_w.l(entry8b.o)
    0x00018208   0x00000008   Code   RO         4745    .ARM.Collect$$$$0000000B  mc_w.l(entry9a.o)
    0x00018210   0x00000000   Code   RO         4747    .ARM.Collect$$$$0000000D  mc_w.l(entry10a.o)
    0x00018210   0x00000000   Code   RO         4749    .ARM.Collect$$$$0000000F  mc_w.l(entry11a.o)
    0x00018210   0x00000004   Code   RO         4738    .ARM.Collect$$$$00002712  mc_w.l(entry2.o)
    0x00018214   0x000000c8   Code   RO         2989    .emb_text           nrf_atfifo.o
    0x000182dc   0x00000024   Code   RO         3952    .text               arm_startup_nrf52810.o
    0x00018300   0x00000062   Code   RO         4462    .text               mc_w.l(uldiv.o)
    0x00018362   0x00000024   Code   RO         4464    .text               mc_w.l(memcpya.o)
    0x00018386   0x00000024   Code   RO         4466    .text               mc_w.l(memseta.o)
    0x000183aa   0x0000000e   Code   RO         4468    .text               mc_w.l(strlen.o)
    0x000183b8   0x0000001a   Code   RO         4470    .text               mc_w.l(memcmp.o)
    0x000183d2   0x00000012   Code   RO         4472    .text               mc_w.l(strcpy.o)
    0x000183e4   0x00000012   Code   RO         1154    i.CheckAddr         in_flash_manage.o
    0x000183f6   0x00000004   Code   RO         2706    i.SWI0_EGU0_IRQHandler  app_timer.o
    0x000183fa   0x00000004   Code   RO         3524    i.SWI2_IRQHandler   nrf_sdh.o
    0x000183fe   0x00000002   Code   RO         4777    i.__scatterload_null  mc_w.l(handlers.o)
    0x00018400   0x00000003   Data   RO         1168    .ARM.__AT_0x00018400  in_flash_manage.o
    0x00018403   0x00000001   PAD
    0x00018404   0x0000001e   Code   RO         4753    .text               mc_w.l(llshl.o)
    0x00018422   0x00000020   Code   RO         4755    .text               mc_w.l(llushr.o)
    0x00018442   0x00000002   PAD
    0x00018444   0x00000024   Code   RO         4768    .text               mc_w.l(init.o)
    0x00018468   0x0000003a   Code   RO         4782    .text               mc_w.l(__dczerorl.o)
    0x000184a2   0x00000002   PAD
    0x000184a4   0x00000020   Code   RO          781    i.Cycletimers_increase  beacon2_adv.o
    0x000184c4   0x00000030   Code   RO         1155    i.EraseBoot         in_flash_manage.o
    0x000184f4   0x0000002c   Code   RO         3999    i.EraseBvkFlash     dfu.lib(nrf_dfu.o)
    0x00018520   0x0000001c   Code   RO         1260    i.Feed_WacthDog     wdt.o
    0x0001853c   0x00000030   Code   RO         1156    i.Flash_Erase_Page  in_flash_manage.o
    0x0001856c   0x00000024   Code   RO         1158    i.Flash_Write_World  in_flash_manage.o
    0x00018590   0x00000174   Code   RO         2014    i.GPIOTE_IRQHandler  nrf_drv_gpiote.o
    0x00018704   0x00000014   Code   RO         1159    i.InflashRead       in_flash_manage.o
    0x00018718   0x00000064   Code   RO          811    i.InitAdc           battery_check.o
    0x0001877c   0x0000001c   Code   RO         4000    i.IsRightBoard      dfu.lib(nrf_dfu.o)
    0x00018798   0x00000016   Code   RO         2701    i.NVIC_ClearPendingIRQ  app_timer.o
    0x000187ae   0x00000016   Code   RO         2702    i.NVIC_EnableIRQ    app_timer.o
    0x000187c4   0x00000016   Code   RO         2703    i.NVIC_SetPendingIRQ  app_timer.o
    0x000187da   0x00000020   Code   RO         2704    i.NVIC_SetPriority  app_timer.o
    0x000187fa   0x00000002   PAD
    0x000187fc   0x00000058   Code   RO         1812    i.POWER_CLOCK_IRQHandler  nrf_drv_clock.o
    0x00018854   0x00000138   Code   RO          550    i.Periph_service_send  periph_service.o
    0x0001898c   0x0000004c   Code   RO          211    i.Platform_driver_init  driver_init.o
    0x000189d8   0x0000002c   Code   RO          212    i.Power_manager     driver_init.o
    0x00018a04   0x00000024   Code   RO         2705    i.RTC1_IRQHandler   app_timer.o
    0x00018a28   0x00000148   Code   RO         2418    i.SAADC_IRQHandler  nrf_drv_saadc.o
    0x00018b70   0x0000003c   Code   RO         3760    i.SEGGER_RTT_Write  segger_rtt.o
    0x00018bac   0x0000005c   Code   RO         3761    i.SEGGER_RTT_WriteNoLock  segger_rtt.o
    0x00018c08   0x00000016   Code   RO         3898    i.SEGGER_RTT_printf  segger_rtt_printf.o
    0x00018c1e   0x00000002   PAD
    0x00018c20   0x000001a0   Code   RO         3899    i.SEGGER_RTT_vprintf  segger_rtt_printf.o
    0x00018dc0   0x00000044   Code   RO          812    i.StartAdc          battery_check.o
    0x00018e04   0x00000064   Code   RO          730    i.Sterilize_handle  beacon1_adv.o
    0x00018e68   0x00000048   Code   RO          731    i.Sterilize_set_counter_value  beacon1_adv.o
    0x00018eb0   0x000002dc   Code   RO         3960    i.SystemInit        system_nrf52810.o
    0x0001918c   0x00000010   Code   RO         2255    i.UARTE0_IRQHandler  nrf_drv_uart.o
    0x0001919c   0x00000068   Code   RO         3764    i._DoInit           segger_rtt.o
    0x00019204   0x00000016   Code   RO         3765    i._GetAvailWriteSpace  segger_rtt.o
    0x0001921a   0x00000002   PAD
    0x0001921c   0x000000c6   Code   RO         3900    i._PrintInt         segger_rtt_printf.o
    0x000192e2   0x00000002   PAD
    0x000192e4   0x000000d4   Code   RO         3901    i._PrintUnsigned    segger_rtt_printf.o
    0x000193b8   0x0000003e   Code   RO         3902    i._StoreChar        segger_rtt_printf.o
    0x000193f6   0x0000005a   Code   RO         3767    i._WriteBlocking    segger_rtt.o
    0x00019450   0x0000003e   Code   RO         3768    i._WriteNoCheck     segger_rtt.o
    0x0001948e   0x00000002   PAD
    0x00019490   0x00000028   Code   RO         4685    i.__0sprintf$8      mc_w.l(printf8.o)
    0x000194b8   0x0000000e   Code   RO         4776    i.__scatterload_copy  mc_w.l(handlers.o)
    0x000194c6   0x0000000e   Code   RO         4778    i.__scatterload_zeroinit  mc_w.l(handlers.o)
    0x000194d4   0x00000024   Code   RO         3525    i.__sd_nvic_app_accessible_irq  nrf_sdh.o
    0x000194f8   0x00000016   Code   RO         3526    i.__sd_nvic_is_app_accessible_priority  nrf_sdh.o
    0x0001950e   0x00000002   PAD
    0x00019510   0x00000410   Code   RO         4690    i._printf_core      mc_w.l(printf8.o)
    0x00019920   0x00000024   Code   RO         4691    i._printf_post_padding  mc_w.l(printf8.o)
    0x00019944   0x0000002e   Code   RO         4692    i._printf_pre_padding  mc_w.l(printf8.o)
    0x00019972   0x0000000a   Code   RO         4694    i._sputc            mc_w.l(printf8.o)
    0x0001997c   0x0000001c   Code   RO          440    i.adv_timer_config  ble_adv.o
    0x00019998   0x0000000c   Code   RO          441    i.adv_update_packet_byte  ble_adv.o
    0x000199a4   0x00000044   Code   RO          442    i.adv_update_timer_init  ble_adv.o
    0x000199e8   0x0000012c   Code   RO         2579    i.app_error_fault_handler  app_error_weak.o
    0x00019b14   0x00000018   Code   RO         2539    i.app_error_handler  app_error.o
    0x00019b2c   0x00000064   Code   RO         2541    i.app_error_save_and_stop  app_error.o
    0x00019b90   0x00000028   Code   RO         2709    i.app_timer_create  app_timer.o
    0x00019bb8   0x00000054   Code   RO         2710    i.app_timer_init    app_timer.o
    0x00019c0c   0x00000088   Code   RO         2713    i.app_timer_start   app_timer.o
    0x00019c94   0x00000020   Code   RO         2714    i.app_timer_stop    app_timer.o
    0x00019cb4   0x00000048   Code   RO         2876    i.app_util_critical_region_enter  app_util_platform.o
    0x00019cfc   0x00000034   Code   RO         2877    i.app_util_critical_region_exit  app_util_platform.o
    0x00019d30   0x0000014e   Code   RO         1771    i.battery_level_char_add  ble_bas.o
    0x00019e7e   0x00000002   PAD
    0x00019e80   0x0000008c   Code   RO          298    i.battery_service_Init  ble_init.o
    0x00019f0c   0x000000b4   Code   RO          299    i.ble_Init          ble_init.o
    0x00019fc0   0x000000f8   Code   RO          443    i.ble_adv_start     ble_adv.o
    0x0001a0b8   0x0000007a   Code   RO         1772    i.ble_bas_battery_level_update  ble_bas.o
    0x0001a132   0x00000002   PAD
    0x0001a134   0x00000018   Code   RO          300    i.ble_bas_battery_update  ble_init.o
    0x0001a14c   0x00000044   Code   RO         1773    i.ble_bas_init      ble_bas.o
    0x0001a190   0x00000160   Code   RO          628    i.ble_commd_analyze  ble_data.o
    0x0001a2f0   0x00000068   Code   RO         1386    i.ble_conn_params_init  ble_conn_params.o
    0x0001a358   0x00000024   Code   RO         1387    i.ble_conn_params_stop  ble_conn_params.o
    0x0001a37c   0x0000008c   Code   RO         4324    i.ble_dfu_init      dfu.lib(ble_dfu.o)
    0x0001a408   0x0000008a   Code   RO         4325    i.ble_dfu_on_ble_evt  dfu.lib(ble_dfu.o)
    0x0001a492   0x00000002   PAD
    0x0001a494   0x00000070   Code   RO         4326    i.ble_dfu_pkts_rcpt_notify  dfu.lib(ble_dfu.o)
    0x0001a504   0x00000060   Code   RO         4327    i.ble_dfu_response_send  dfu.lib(ble_dfu.o)
    0x0001a564   0x0000012c   Code   RO         1730    i.ble_dis_init      ble_dis.o
    0x0001a690   0x00000154   Code   RO          301    i.ble_evt_handler   ble_init.o
    0x0001a7e4   0x000000fc   Code   RO         1388    i.ble_evt_handler   ble_conn_params.o
    0x0001a8e0   0x00000124   Code   RO         1479    i.ble_evt_handler   ble_conn_state.o
    0x0001aa04   0x00000078   Code   RO          551    i.ble_feex_init     periph_service.o
    0x0001aa7c   0x0000008c   Code   RO          676    i.ble_mac_init      ble_comm.o
    0x0001ab08   0x00000012   Code   RO         1600    i.ble_srv_ascii_to_utf8  ble_srv_common.o
    0x0001ab1a   0x00000008   Code   RO         1602    i.ble_srv_is_notification_enabled  ble_srv_common.o
    0x0001ab22   0x0000000c   Code   RO         1603    i.ble_srv_report_ref_encode  ble_srv_common.o
    0x0001ab2e   0x00000002   PAD
    0x0001ab30   0x00000058   Code   RO          302    i.ble_stack_init    ble_init.o
    0x0001ab88   0x00000064   Code   RO         1160    i.boot_to_new_appilacation  in_flash_manage.o
    0x0001abec   0x00000010   Code   RO         4002    i.call_by_sys       dfu.lib(nrf_dfu.o)
    0x0001abfc   0x00000010   Code   RO         1161    i.call_by_sys_flash_manage  in_flash_manage.o
    0x0001ac0c   0x0000001c   Code   RO         2015    i.channel_free      nrf_drv_gpiote.o
    0x0001ac28   0x00000048   Code   RO         2016    i.channel_port_alloc  nrf_drv_gpiote.o
    0x0001ac70   0x00000010   Code   RO         2017    i.channel_port_get  nrf_drv_gpiote.o
    0x0001ac80   0x000000dc   Code   RO         1731    i.char_add          ble_dis.o
    0x0001ad5c   0x00000020   Code   RO         4003    i.check_crc         dfu.lib(nrf_dfu.o)
    0x0001ad7c   0x00000008   Code   RO         4004    i.check_is_right_firmware  dfu.lib(nrf_dfu.o)
    0x0001ad84   0x00000058   Code   RO         1109    i.check_key_press   key.o
    0x0001addc   0x00000028   Code   RO         4005    i.check_out_data    dfu.lib(nrf_dfu.o)
    0x0001ae04   0x00000028   Code   RO         1813    i.clock_clk_started_notify  nrf_drv_clock.o
    0x0001ae2c   0x000000ac   Code   RO         2716    i.compare_reg_update  app_timer.o
    0x0001aed8   0x00000028   Code   RO          303    i.conn_params_error_handler  ble_init.o
    0x0001af00   0x00000048   Code   RO         1389    i.conn_params_negotiation  ble_conn_params.o
    0x0001af48   0x00000036   Code   RO         4006    i.crc16_compute_dfu  dfu.lib(nrf_dfu.o)
    0x0001af7e   0x0000001a   Code   RO         1287    i.delay_ms          utility.o
    0x0001af98   0x0000000c   Code   RO         1288    i.delay_us          utility.o
    0x0001afa4   0x00000004   Code   RO         1110    i.device_OnOff_manage  key.o
    0x0001afa8   0x0000009c   Code   RO         4328    i.dfu_ctrl_pt_add   dfu.lib(ble_dfu.o)
    0x0001b044   0x0000009c   Code   RO         4329    i.dfu_pkt_char_add  dfu.lib(ble_dfu.o)
    0x0001b0e0   0x0000000c   Code   RO         4007    i.dfu_prepare_space  dfu.lib(nrf_dfu.o)
    0x0001b0ec   0x00000010   Code   RO         4008    i.dfu_que_in        dfu.lib(nrf_dfu.o)
    0x0001b0fc   0x00000018   Code   RO         4009    i.dfu_que_init      dfu.lib(nrf_dfu.o)
    0x0001b114   0x00000020   Code   RO         4010    i.dfu_que_out       dfu.lib(nrf_dfu.o)
    0x0001b134   0x0000009e   Code   RO         4330    i.dfu_rev_char_add  dfu.lib(ble_dfu.o)
    0x0001b1d2   0x00000002   PAD
    0x0001b1d4   0x0000000c   Code   RO         4011    i.dfu_transport_callby_irq  dfu.lib(nrf_dfu.o)
    0x0001b1e0   0x00000058   Code   RO         4012    i.dfu_transport_init  dfu.lib(nrf_dfu.o)
    0x0001b238   0x00000030   Code   RO         4013    i.dfu_write_flash   dfu.lib(nrf_dfu.o)
    0x0001b268   0x000000f0   Code   RO          304    i.dis_service_init  ble_init.o
    0x0001b358   0x00000040   Code   RO         2717    i.elapsed_ticks_acquire  app_timer.o
    0x0001b398   0x00000088   Code   RO          552    i.enable_feex_ccfg  periph_service.o
    0x0001b420   0x0000008c   Code   RO         1066    i.enable_pin_irq    gpio_init.o
    0x0001b4ac   0x0000004e   Code   RO         3173    i.event_send        nrf_fstorage_sd.o
    0x0001b4fa   0x000000fc   Code   RO          553    i.feex_char_add     periph_service.o
    0x0001b5f6   0x00000002   PAD
    0x0001b5f8   0x0000002c   Code   RO         1162    i.flash_nvic_word_write  in_flash_manage.o
    0x0001b624   0x0000002c   Code   RO          732    i.g_Beacon1_adv     beacon1_adv.o
    0x0001b650   0x00000030   Code   RO          782    i.g_Beacon2_adv     beacon2_adv.o
    0x0001b680   0x0000000c   Code   RO          445    i.g_adv_update_timeout  ble_adv.o
    0x0001b68c   0x00000058   Code   RO          305    i.gatt_evt_handler  ble_init.o
    0x0001b6e4   0x00000058   Code   RO          306    i.gatt_init         ble_init.o
    0x0001b73c   0x0000000c   Code   RO          733    i.get_Sterilize_byte  beacon1_adv.o
    0x0001b748   0x0000000c   Code   RO          813    i.get_battery_level  battery_check.o
    0x0001b754   0x0000000e   Code   RO         2718    i.get_time_escape_ms  app_timer.o
    0x0001b762   0x00000002   PAD
    0x0001b764   0x00000068   Code   RO          446    i.iBeacon_adv       ble_adv.o
    0x0001b7cc   0x0000006c   Code   RO          447    i.iBeacon_rsp_pack_set  ble_adv.o
    0x0001b838   0x0000001c   Code   RO         4014    i.init_update       dfu.lib(nrf_dfu.o)
    0x0001b854   0x00000014   Code   RO         1390    i.instance_get      ble_conn_params.o
    0x0001b868   0x00000018   Code   RO          308    i.is_ble_connect    ble_init.o
    0x0001b880   0x00000044   Code   RO         1391    i.is_conn_params_ok  ble_conn_params.o
    0x0001b8c4   0x00000008   Code   RO         1112    i.key_Init          key.o
    0x0001b8cc   0x00000010   Code   RO         1003    i.led_init          led_manage.o
    0x0001b8dc   0x00000048   Code   RO         1004    i.led_timer_init    led_manage.o
    0x0001b924   0x00000010   Code   RO         1006    i.led_timer_timeout  led_manage.o
    0x0001b934   0x00000028   Code   RO         1816    i.lfclk_stop        nrf_drv_clock.o
    0x0001b95c   0x0000000e   Code   RO         1659    i.link_init         nrf_ble_gatt.o
    0x0001b96a   0x00000002   PAD
    0x0001b96c   0x000000f8   Code   RO         2719    i.list_insertions_handler  app_timer.o
    0x0001ba64   0x000000f8   Code   RO            5    i.main              main.o
    0x0001bb5c   0x00000016   Code   RO         2995    i.nrf_atfifo_item_free  nrf_atfifo.o
    0x0001bb72   0x00000016   Code   RO         2996    i.nrf_atfifo_item_get  nrf_atfifo.o
    0x0001bb88   0x00000010   Code   RO         2018    i.nrf_bitmask_bit_is_set  nrf_drv_gpiote.o
    0x0001bb98   0x00000014   Code   RO         1661    i.nrf_ble_gatt_att_mtu_periph_set  nrf_ble_gatt.o
    0x0001bbac   0x00000022   Code   RO         1663    i.nrf_ble_gatt_init  nrf_ble_gatt.o
    0x0001bbce   0x00000002   PAD
    0x0001bbd0   0x0000010c   Code   RO         1664    i.nrf_ble_gatt_on_ble_evt  nrf_ble_gatt.o
    0x0001bcdc   0x0000000e   Code   RO         1817    i.nrf_clock_event_check  nrf_drv_clock.o
    0x0001bcea   0x00000010   Code   RO         1818    i.nrf_clock_event_clear  nrf_drv_clock.o
    0x0001bcfa   0x0000000a   Code   RO         4015    i.nrf_delay_ms      dfu.lib(nrf_dfu.o)
    0x0001bd04   0x0000008c   Code   RO          815    i.nrf_delay_us      battery_check.o
    0x0001bd90   0x0000008c   Code   RO         1163    i.nrf_delay_us      in_flash_manage.o
    0x0001be1c   0x0000008c   Code   RO         2720    i.nrf_delay_us      app_timer.o
    0x0001bea8   0x0000008c   Code   RO         4016    i.nrf_delay_us      dfu.lib(nrf_dfu.o)
    0x0001bf34   0x00000048   Code   RO         1825    i.nrf_drv_clock_init  nrf_drv_clock.o
    0x0001bf7c   0x0000002c   Code   RO         1829    i.nrf_drv_clock_lfclk_release  nrf_drv_clock.o
    0x0001bfa8   0x00000038   Code   RO         1978    i.nrf_drv_common_irq_enable  nrf_drv_common.o
    0x0001bfe0   0x00000048   Code   RO         2022    i.nrf_drv_gpiote_in_event_disable  nrf_drv_gpiote.o
    0x0001c028   0x000000a4   Code   RO         2023    i.nrf_drv_gpiote_in_event_enable  nrf_drv_gpiote.o
    0x0001c0cc   0x000000b8   Code   RO         2024    i.nrf_drv_gpiote_in_init  nrf_drv_gpiote.o
    0x0001c184   0x00000048   Code   RO         2026    i.nrf_drv_gpiote_in_uninit  nrf_drv_gpiote.o
    0x0001c1cc   0x0000005c   Code   RO         2027    i.nrf_drv_gpiote_init  nrf_drv_gpiote.o
    0x0001c228   0x00000014   Code   RO         2028    i.nrf_drv_gpiote_is_init  nrf_drv_gpiote.o
    0x0001c23c   0x000000a4   Code   RO         2419    i.nrf_drv_saadc_buffer_convert  nrf_drv_saadc.o
    0x0001c2e0   0x00000060   Code   RO         2420    i.nrf_drv_saadc_channel_init  nrf_drv_saadc.o
    0x0001c340   0x0000008c   Code   RO         2421    i.nrf_drv_saadc_init  nrf_drv_saadc.o
    0x0001c3cc   0x00000010   Code   RO         2422    i.nrf_drv_saadc_is_busy  nrf_drv_saadc.o
    0x0001c3dc   0x0000002c   Code   RO         2423    i.nrf_drv_saadc_sample  nrf_drv_saadc.o
    0x0001c408   0x00000018   Code   RO         3176    i.nrf_fstorage_sdh_req_handler  nrf_fstorage_sd.o
    0x0001c420   0x00000020   Code   RO         3177    i.nrf_fstorage_sdh_state_handler  nrf_fstorage_sd.o
    0x0001c440   0x000000a4   Code   RO         3178    i.nrf_fstorage_sys_evt_handler  nrf_fstorage_sd.o
    0x0001c4e4   0x00000024   Code   RO         2042    i.nrf_gpio_cfg      nrf_drv_gpiote.o
    0x0001c508   0x00000012   Code   RO         2043    i.nrf_gpio_cfg_default  nrf_drv_gpiote.o
    0x0001c51a   0x00000022   Code   RO         2044    i.nrf_gpio_cfg_sense_set  nrf_drv_gpiote.o
    0x0001c53c   0x00000016   Code   RO         4017    i.nrf_gpio_pin_write  dfu.lib(nrf_dfu.o)
    0x0001c552   0x00000002   PAD
    0x0001c554   0x00000028   Code   RO         2045    i.nrf_gpio_ports_read  nrf_drv_gpiote.o
    0x0001c57c   0x00000014   Code   RO         2046    i.nrf_gpiote_event_clear  nrf_drv_gpiote.o
    0x0001c590   0x00000010   Code   RO         2047    i.nrf_gpiote_event_is_set  nrf_drv_gpiote.o
    0x0001c5a0   0x00000010   Code   RO         2425    i.nrf_saadc_buffer_init  nrf_drv_saadc.o
    0x0001c5b0   0x00000068   Code   RO         2512    i.nrf_saadc_channel_init  nrf_saadc.o
    0x0001c618   0x00000014   Code   RO         2426    i.nrf_saadc_channel_input_set  nrf_drv_saadc.o
    0x0001c62c   0x00000010   Code   RO         2427    i.nrf_saadc_event_check  nrf_drv_saadc.o
    0x0001c63c   0x00000014   Code   RO         2428    i.nrf_saadc_event_clear  nrf_drv_saadc.o
    0x0001c650   0x00000018   Code   RO         3692    i.nrf_sdh_ble_app_ram_start_get  nrf_sdh_ble.o
    0x0001c668   0x00000098   Code   RO         3693    i.nrf_sdh_ble_default_cfg_set  nrf_sdh_ble.o
    0x0001c700   0x000000c4   Code   RO         3694    i.nrf_sdh_ble_enable  nrf_sdh_ble.o
    0x0001c7c4   0x00000098   Code   RO         3695    i.nrf_sdh_ble_evts_poll  nrf_sdh_ble.o
    0x0001c85c   0x0000003c   Code   RO         3527    i.nrf_sdh_disable_request  nrf_sdh.o
    0x0001c898   0x00000054   Code   RO         3528    i.nrf_sdh_enable_request  nrf_sdh.o
    0x0001c8ec   0x00000024   Code   RO         3529    i.nrf_sdh_evts_poll  nrf_sdh.o
    0x0001c910   0x0000000c   Code   RO         3530    i.nrf_sdh_is_enabled  nrf_sdh.o
    0x0001c91c   0x0000001c   Code   RO         3532    i.nrf_sdh_request_continue  nrf_sdh.o
    0x0001c938   0x00000070   Code   RO         3660    i.nrf_sdh_soc_evts_poll  nrf_sdh_soc.o
    0x0001c9a8   0x0000000a   Code   RO         3288    i.nrf_section_iter_init  nrf_section_iter.o
    0x0001c9b2   0x00000024   Code   RO         3289    i.nrf_section_iter_item_set  nrf_section_iter.o
    0x0001c9d6   0x00000020   Code   RO         3290    i.nrf_section_iter_next  nrf_section_iter.o
    0x0001c9f6   0x00000002   PAD
    0x0001c9f8   0x00000020   Code   RO          309    i.nrf_stack_evt     ble_init.o
    0x0001ca18   0x00000038   Code   RO         3491    i.nrf_strerror_find  nrf_strerror.o
    0x0001ca50   0x00000014   Code   RO         3492    i.nrf_strerror_get  nrf_strerror.o
    0x0001ca64   0x0000000a   Code   RO         2274    i.nrf_uarte_event_check  nrf_drv_uart.o
    0x0001ca6e   0x0000000c   Code   RO         2275    i.nrf_uarte_event_clear  nrf_drv_uart.o
    0x0001ca7a   0x0000003e   Code   RO          629    i.nus_send_cmd      ble_data.o
    0x0001cab8   0x00000040   Code   RO          310    i.on_conn_params_evt  ble_init.o
    0x0001caf8   0x000000f8   Code   RO         4331    i.on_ctrl_pt_write  dfu.lib(ble_dfu.o)
    0x0001cbf0   0x000000a0   Code   RO         4018    i.on_dfu_evt        dfu.lib(nrf_dfu.o)
    0x0001cc90   0x00000034   Code   RO         4019    i.on_dfu_pkt_write  dfu.lib(nrf_dfu.o)
    0x0001ccc4   0x00000044   Code   RO          554    i.periph_service_on_ble_evt  periph_service.o
    0x0001cd08   0x00000018   Code   RO         2048    i.pin_in_use_by_port  nrf_drv_gpiote.o
    0x0001cd20   0x00000018   Code   RO         2049    i.pin_in_use_by_te  nrf_drv_gpiote.o
    0x0001cd38   0x00000038   Code   RO         1067    i.pin_irq_handle    gpio_init.o
    0x0001cd70   0x00000070   Code   RO         1732    i.pnp_id_encode     ble_dis.o
    0x0001cde0   0x0000002c   Code   RO         4423    i.queue_dt_delete   dfu.lib(fifo_bytes.o)
    0x0001ce0c   0x00000054   Code   RO         4424    i.queue_dt_in       dfu.lib(fifo_bytes.o)
    0x0001ce60   0x00000016   Code   RO         4425    i.queue_dt_init     dfu.lib(fifo_bytes.o)
    0x0001ce76   0x0000002c   Code   RO         4426    i.queue_dt_out      dfu.lib(fifo_bytes.o)
    0x0001cea2   0x00000002   PAD
    0x0001cea4   0x00000098   Code   RO         3179    i.queue_process     nrf_fstorage_sd.o
    0x0001cf3c   0x00000010   Code   RO         3696    i.ram_end_address_get  nrf_sdh_ble.o
    0x0001cf4c   0x00000038   Code   RO          816    i.read_battery      battery_check.o
    0x0001cf84   0x000000e4   Code   RO          893    i.read_user_flash   user_flash.o
    0x0001d068   0x0000003c   Code   RO         2721    i.rtc1_stop         app_timer.o
    0x0001d0a4   0x00000018   Code   RO         2276    i.rx_done_event     nrf_drv_uart.o
    0x0001d0bc   0x00000034   Code   RO          817    i.saadc_callback    battery_check.o
    0x0001d0f0   0x0000000c   Code   RO          894    i.save_user_flash   user_flash.o
    0x0001d0fc   0x00000042   Code   RO         3535    i.sd_nvic_SetPriority  nrf_sdh.o
    0x0001d13e   0x00000002   PAD
    0x0001d140   0x00000054   Code   RO         1832    i.sd_state_evt_handler  nrf_drv_clock.o
    0x0001d194   0x00000030   Code   RO         3536    i.sdh_request_observer_notify  nrf_sdh.o
    0x0001d1c4   0x0000002c   Code   RO         3537    i.sdh_state_observer_notify  nrf_sdh.o
    0x0001d1f0   0x00000044   Code   RO         3364    i.sdk_mapped_flags_bulk_update_by_key  sdk_mapped_flags.o
    0x0001d234   0x00000022   Code   RO         3365    i.sdk_mapped_flags_first_key_index_get  sdk_mapped_flags.o
    0x0001d256   0x00000010   Code   RO         3366    i.sdk_mapped_flags_get_by_index  sdk_mapped_flags.o
    0x0001d266   0x0000004a   Code   RO         3369    i.sdk_mapped_flags_key_list_get  sdk_mapped_flags.o
    0x0001d2b0   0x0000000e   Code   RO         3371    i.sdk_mapped_flags_update_by_key  sdk_mapped_flags.o
    0x0001d2be   0x00000002   PAD
    0x0001d2c0   0x00000010   Code   RO         1392    i.send_error_evt    ble_conn_params.o
    0x0001d2d0   0x0000002c   Code   RO         4020    i.service_error_handler  dfu.lib(nrf_dfu.o)
    0x0001d2fc   0x0000003c   Code   RO          734    i.set_Sterilize_byte  beacon1_adv.o
    0x0001d338   0x0000000a   Code   RO         1833    i.soc_evt_handler   nrf_drv_clock.o
    0x0001d342   0x00000002   PAD
    0x0001d344   0x00000068   Code   RO         3538    i.softdevice_evt_irq_disable  nrf_sdh.o
    0x0001d3ac   0x00000080   Code   RO         3539    i.softdevices_evt_irq_enable  nrf_sdh.o
    0x0001d42c   0x00000038   Code   RO          449    i.start_adv_timer   ble_adv.o
    0x0001d464   0x0000005c   Code   RO         3540    i.swi_interrupt_priority_workaround  nrf_sdh.o
    0x0001d4c0   0x00000080   Code   RO         1733    i.sys_id_encode     ble_dis.o
    0x0001d540   0x0000000c   Code   RO          947    i.system_timer_Hand  system_time.o
    0x0001d54c   0x0000004c   Code   RO          948    i.system_timer_init  system_time.o
    0x0001d598   0x0000004c   Code   RO          949    i.system_timer_start  system_time.o
    0x0001d5e4   0x000000a0   Code   RO          450    i.task_adv_update   ble_adv.o
    0x0001d684   0x00000078   Code   RO          679    i.task_ble_tx_power  ble_comm.o
    0x0001d6fc   0x00000290   Code   RO         4021    i.task_dfu_upfile   dfu.lib(nrf_dfu.o)
    0x0001d98c   0x0000006c   Code   RO          818    i.task_read_battery  battery_check.o
    0x0001d9f8   0x0000001c   Code   RO          895    i.task_save_flash   user_flash.o
    0x0001da14   0x00000044   Code   RO          951    i.task_system_timer  system_time.o
    0x0001da58   0x00000080   Code   RO         2722    i.timer_list_handler  app_timer.o
    0x0001dad8   0x0000003c   Code   RO         2723    i.timer_list_insert  app_timer.o
    0x0001db14   0x00000060   Code   RO         2724    i.timer_list_remove  app_timer.o
    0x0001db74   0x00000048   Code   RO         2725    i.timer_stop_op_schedule  app_timer.o
    0x0001dbbc   0x00000074   Code   RO         2726    i.timer_timeouts_check  app_timer.o
    0x0001dc30   0x000000f8   Code   RO         2277    i.uarte_irq_handler  nrf_drv_uart.o
    0x0001dd28   0x00000012   Code   RO         4332    i.uint32_encode     dfu.lib(ble_dfu.o)
    0x0001dd3a   0x00000002   PAD
    0x0001dd3c   0x00000068   Code   RO         1393    i.update_timeout_handler  ble_conn_params.o
    0x0001dda4   0x000000ac   Code   RO          896    i.user_data_init    user_flash.o
    0x0001de50   0x00000030   Code   RO         2727    i.user_op_alloc     app_timer.o
    0x0001de80   0x00000048   Code   RO          555    i.user_service_init  periph_service.o
    0x0001dec8   0x00000028   Code   RO         1167    i.wait_after_operation  in_flash_manage.o
    0x0001def0   0x00000048   Code   RO         1261    i.watchdog_init     wdt.o
    0x0001df38   0x00000088   Code   RO          897    i.write_user_flash  user_flash.o
    0x0001dfc0   0x00000004   Data   RO          454    .constdata          ble_adv.o
    0x0001dfc4   0x00000010   Data   RO          557    .constdata          periph_service.o
    0x0001dfd4   0x00000009   Data   RO          820    .constdata          battery_check.o
    0x0001dfdd   0x00000003   PAD
    0x0001dfe0   0x00000004   Data   RO          953    .constdata          system_time.o
    0x0001dfe4   0x00000004   Data   RO         1010    .constdata          led_manage.o
    0x0001dfe8   0x00000004   Data   RO         1068    .constdata          gpio_init.o
    0x0001dfec   0x0000000e   Data   RO         1665    .constdata          nrf_ble_gatt.o
    0x0001dffa   0x00000002   PAD
    0x0001dffc   0x00000004   Data   RO         2051    .constdata          nrf_drv_gpiote.o
    0x0001e000   0x00000004   Data   RO         2430    .constdata          nrf_drv_saadc.o
    0x0001e004   0x00000010   Data   RO         3188    .constdata          nrf_fstorage_sd.o
    0x0001e014   0x00000104   Data   RO         3493    .constdata          nrf_strerror.o
    0x0001e118   0x00000010   Data   RO         3541    .constdata          nrf_sdh.o
    0x0001e128   0x00000028   Data   RO         3542    .constdata          nrf_sdh.o
    0x0001e150   0x00000010   Data   RO         3543    .constdata          nrf_sdh.o
    0x0001e160   0x00000010   Data   RO         3544    .constdata          nrf_sdh.o
    0x0001e170   0x00000010   Data   RO         3661    .constdata          nrf_sdh_soc.o
    0x0001e180   0x0000000c   Data   RO         3662    .constdata          nrf_sdh_soc.o
    0x0001e18c   0x00000030   Data   RO         3697    .constdata          nrf_sdh_ble.o
    0x0001e1bc   0x00000010   Data   RO         3904    .constdata          segger_rtt_printf.o
    0x0001e1cc   0x00000010   Data   RO         4333    .constdata          dfu.lib(ble_dfu.o)
    0x0001e1dc   0x00000307   Data   RO         3494    .conststring        nrf_strerror.o
    0x0001e4e3   0x00000001   PAD
    0x0001e4e4   0x00000009   Data   RO         1666    .conststrlit        nrf_ble_gatt.o
    0x0001e4ed   0x00000003   PAD
    0x0001e4f0   0x00000006   Data   RO         1835    .conststrlit        nrf_drv_clock.o
    0x0001e4f6   0x00000002   PAD
    0x0001e4f8   0x00000007   Data   RO         2052    .conststrlit        nrf_drv_gpiote.o
    0x0001e4ff   0x00000001   PAD
    0x0001e500   0x00000005   Data   RO         2279    .conststrlit        nrf_drv_uart.o
    0x0001e505   0x00000003   PAD
    0x0001e508   0x00000006   Data   RO         2432    .conststrlit        nrf_drv_saadc.o
    0x0001e50e   0x00000002   PAD
    0x0001e510   0x00000007   Data   RO         3065    .conststrlit        nrf_balloc.o
    0x0001e517   0x00000001   PAD
    0x0001e518   0x00000008   Data   RO         3545    .conststrlit        nrf_sdh.o
    0x0001e520   0x0000000c   Data   RO         3663    .conststrlit        nrf_sdh_soc.o
    0x0001e52c   0x0000000c   Data   RO         3698    .conststrlit        nrf_sdh_ble.o
    0x0001e538   0x00000020   Data   RO         4774    Region$$Table       anon$$obj.o
    0x0001e558   0x00000008   Data   RO         1667    log_const_data      nrf_ble_gatt.o
    0x0001e560   0x00000008   Data   RO         1836    log_const_data      nrf_drv_clock.o
    0x0001e568   0x00000008   Data   RO         2053    log_const_data      nrf_drv_gpiote.o
    0x0001e570   0x00000008   Data   RO         2280    log_const_data      nrf_drv_uart.o
    0x0001e578   0x00000008   Data   RO         2433    log_const_data      nrf_drv_saadc.o
    0x0001e580   0x00000008   Data   RO         3066    log_const_data      nrf_balloc.o
    0x0001e588   0x00000008   Data   RO         3547    log_const_data      nrf_sdh.o
    0x0001e590   0x00000008   Data   RO         3664    log_const_data      nrf_sdh_soc.o
    0x0001e598   0x00000008   Data   RO         3700    log_const_data      nrf_sdh_ble.o
    0x0001e5a0   0x00000008   Data   RO         1482    sdh_ble_observers0  ble_conn_state.o
    0x0001e5a8   0x00000008   Data   RO          313    sdh_ble_observers1  ble_init.o
    0x0001e5b0   0x00000008   Data   RO         1396    sdh_ble_observers1  ble_conn_params.o
    0x0001e5b8   0x00000008   Data   RO          314    sdh_ble_observers3  ble_init.o
    0x0001e5c0   0x00000008   Data   RO         3191    sdh_req_observers0  nrf_fstorage_sd.o
    0x0001e5c8   0x00000010   Data   RO          315    sdh_soc_observers0  ble_init.o
    0x0001e5d8   0x00000008   Data   RO         1838    sdh_soc_observers0  nrf_drv_clock.o
    0x0001e5e0   0x00000008   Data   RO         3192    sdh_soc_observers0  nrf_fstorage_sd.o
    0x0001e5e8   0x00000008   Data   RO         3666    sdh_stack_observers0  nrf_sdh_soc.o
    0x0001e5f0   0x00000008   Data   RO         3702    sdh_stack_observers0  nrf_sdh_ble.o
    0x0001e5f8   0x00000008   Data   RO         1839    sdh_state_observers0  nrf_drv_clock.o
    0x0001e600   0x00000008   Data   RO         3193    sdh_state_observers0  nrf_fstorage_sd.o


    Execution Region RW_IRAM1 (Base: 0x20002ac0, Size: 0x00001238, Max: 0x00005540, ABSOLUTE, COMPRESSED[0x0000001c])

    Base Addr    Size         Type   Attr      Idx    E Section Name        Object

    0x20002ac0   0x00000001   Data   RW            6    .data               main.o
    0x20002ac1   0x00000001   Data   RW            7    .data               main.o
    0x20002ac2   0x00000001   Data   RW            8    .data               main.o
    0x20002ac3   0x00000001   PAD
    0x20002ac4   0x00000002   Data   RW          312    .data               ble_init.o
    0x20002ac6   0x0000001a   Data   RW          455    .data               ble_adv.o
    0x20002ae0   0x00000001   Data   RW          558    .data               periph_service.o
    0x20002ae1   0x00000008   Data   RW          680    .data               ble_comm.o
    0x20002ae9   0x00000003   PAD
    0x20002aec   0x00000008   Data   RW          735    .data               beacon1_adv.o
    0x20002af4   0x00000010   Data   RW          821    .data               battery_check.o
    0x20002b04   0x00000002   Data   RW          899    .data               user_flash.o
    0x20002b06   0x00000002   PAD
    0x20002b08   0x00000008   Data   RW          954    .data               system_time.o
    0x20002b10   0x0000000a   Data   RW         1011    .data               led_manage.o
    0x20002b1a   0x00000001   Data   RW         1069    .data               gpio_init.o
    0x20002b1b   0x00000003   Data   RW         1113    .data               key.o
    0x20002b1e   0x00000001   Data   RW         1169    .data               in_flash_manage.o
    0x20002b1f   0x00000001   PAD
    0x20002b20   0x00000008   Data   RW         1395    .data               ble_conn_params.o
    0x20002b28   0x0000004a   Data   RW         1734    .data               ble_dis.o
    0x20002b72   0x00000002   PAD
    0x20002b74   0x00000014   Data   RW         2729    .data               app_timer.o
    0x20002b88   0x00000008   Data   RW         3190    .data               nrf_fstorage_sd.o
    0x20002b90   0x00000003   Data   RW         3546    .data               nrf_sdh.o
    0x20002b93   0x00000001   PAD
    0x20002b94   0x00000004   Data   RW         3699    .data               nrf_sdh_ble.o
    0x20002b98   0x00000004   Data   RW         3961    .data               system_nrf52810.o
    0x20002b9c   0x00000020   Data   RW         4023    .data               dfu.lib(nrf_dfu.o)
    0x20002bbc   0x00000008   Data   RW         4334    .data               dfu.lib(ble_dfu.o)
    0x20002bc4   0x0000000c   Data   RW         1668    log_dynamic_data    nrf_ble_gatt.o
    0x20002bd0   0x0000000c   Data   RW         1837    log_dynamic_data    nrf_drv_clock.o
    0x20002bdc   0x0000000c   Data   RW         2054    log_dynamic_data    nrf_drv_gpiote.o
    0x20002be8   0x0000000c   Data   RW         2281    log_dynamic_data    nrf_drv_uart.o
    0x20002bf4   0x0000000c   Data   RW         2434    log_dynamic_data    nrf_drv_saadc.o
    0x20002c00   0x0000000c   Data   RW         3067    log_dynamic_data    nrf_balloc.o
    0x20002c0c   0x0000000c   Data   RW         3548    log_dynamic_data    nrf_sdh.o
    0x20002c18   0x0000000c   Data   RW         3665    log_dynamic_data    nrf_sdh_soc.o
    0x20002c24   0x0000000c   Data   RW         3701    log_dynamic_data    nrf_sdh_ble.o
    0x20002c30   0x00000048   Zero   RW          311    .bss                ble_init.o
    0x20002c78   0x00000050   Zero   RW          452    .bss                ble_adv.o
    0x20002cc8   0x00000020   Zero   RW          453    .bss                ble_adv.o
    0x20002ce8   0x00000030   Zero   RW          556    .bss                periph_service.o
    0x20002d18   0x00000014   Zero   RW          819    .bss                battery_check.o
    0x20002d2c   0x000000f4   Zero   RW          898    .bss                user_flash.o
    0x20002e20   0x00000020   Zero   RW          952    .bss                system_time.o
    0x20002e40   0x00000020   Zero   RW         1009    .bss                led_manage.o
    0x20002e60   0x00000050   Zero   RW         1394    .bss                ble_conn_params.o
    0x20002eb0   0x000000b8   Zero   RW         1481    .bss                ble_conn_state.o
    0x20002f68   0x00000014   Zero   RW         1834    .bss                nrf_drv_clock.o
    0x20002f7c   0x00000058   Zero   RW         2050    .bss                nrf_drv_gpiote.o
    0x20002fd4   0x0000001c   Zero   RW         2278    .bss                nrf_drv_uart.o
    0x20002ff0   0x00000030   Zero   RW         2429    .bss                nrf_drv_saadc.o
    0x20003020   0x00000020   Zero   RW         2542    .bss                app_error.o
    0x20003040   0x0000016c   Zero   RW         2728    .bss                app_timer.o
    0x200031ac   0x0000000c   Zero   RW         2882    .bss                app_util_platform.o
    0x200031b8   0x000000a0   Zero   RW         3186    .bss                nrf_fstorage_sd.o
    0x20003258   0x00000010   Zero   RW         3187    .bss                nrf_fstorage_sd.o
    0x20003268   0x00000154   Zero   RW         3769    .bss                segger_rtt.o
    0x200033bc   0x00000100   Zero   RW         3903    .bss                segger_rtt_printf.o
    0x200034bc   0x0000003c   Zero   RW         4022    .bss                dfu.lib(nrf_dfu.o)
    0x200034f8   0x00000800   Zero   RW         3949    STACK               arm_startup_nrf52810.o


==============================================================================

Image component sizes


      Code (inc. data)   RO Data    RW Data    ZI Data      Debug   Object Name

       124          4          0          0         32       3402   app_error.o
       300        174          0          0          0       8194   app_error_weak.o
      1648        122          0         20        364      42708   app_timer.o
       124         14          0          0         12       8886   app_util_platform.o
        36          8        512          0       2048        824   arm_startup_nrf52810.o
       536         84          9         16         20      14789   battery_check.o
       288         60          0          8          0       2969   beacon1_adv.o
        80         10          0          0          0        991   beacon2_adv.o
       796        310          4         26        112       6136   ble_adv.o
         0          0          0          0          0      20936   ble_advdata.o
       524          0          0          0          0       3482   ble_bas.o
       260         84          0          8          0       2176   ble_comm.o
       672         48          8          8         80      10954   ble_conn_params.o
       292         50          8          0        184       2931   ble_conn_state.o
       414         20          0          0          0       2714   ble_data.o
       760        166          0         74          0       4843   ble_dis.o
      1348        410         32          2         72      19308   ble_init.o
        38          0          0          0          0       2422   ble_srv_common.o
       120         56          0          0          0       2975   driver_init.o
       196         66          4          1          0      11058   gpio_init.o
       510         50          3          1          0       7587   in_flash_manage.o
       100         24          0          3          0       1787   key.o
       104         52          4         10         32       6383   led_manage.o
       248        146          0          3          0      70554   main.o
       244          0          0          0          0       4293   nrf_atfifo.o
         0          0         15         12          0       1210   nrf_balloc.o
       336          4         31         12          0      12986   nrf_ble_gatt.o
       408         40         30         12         20      36715   nrf_drv_clock.o
        56          0          0          0          0      24975   nrf_drv_common.o
      1320         98         19         12         88      26864   nrf_drv_gpiote.o
       860         74         18         12         48      16907   nrf_drv_saadc.o
       310          8         13         12         28      14432   nrf_drv_uart.o
       450         36         40          8        176       9799   nrf_fstorage_sd.o
       104          4          0          0          0       6313   nrf_saadc.o
       764        194        104         15          0      45767   nrf_sdh.o
       540        182         76         16          0       5656   nrf_sdh_ble.o
       112         52         56         12          0       2208   nrf_sdh_soc.o
        78          0          0          0          0       2236   nrf_section_iter.o
        76         10       1035          0          0       2255   nrf_strerror.o
       960        236         16          1         48       9005   periph_service.o
       206          0          0          0          0       4590   sdk_mapped_flags.o
       430         38          0          0        340       7842   segger_rtt.o
       910         12         16          0        256       6225   segger_rtt_printf.o
       732         76          0          4          0      26794   system_nrf52810.o
       232        114          4          8         32       2978   system_time.o
       576        194          0          2        244       4740   user_flash.o
        38          0          0          0          0       1310   utility.o
       100         20          0          0          0       1284   wdt.o

    ----------------------------------------------------------------------
     19394       3350       2108        328       4236     536393   Object Totals
         0          0         32          0          0          0   (incl. Generated)
        34          0         19         10          0          0   (incl. Padding)

    ----------------------------------------------------------------------

      Code (inc. data)   RO Data    RW Data    ZI Data      Debug   Library Member Name

      1222         32         16          8          0      30011   ble_dfu.o
       194          0          0          0          0       2931   fifo_bytes.o
      1566        232          0         32         60     133683   nrf_dfu.o
        58          0          0          0          0          0   __dczerorl.o
         0          0          0          0          0          0   entry.o
         0          0          0          0          0          0   entry10a.o
         0          0          0          0          0          0   entry11a.o
         8          4          0          0          0          0   entry2.o
         4          0          0          0          0          0   entry5.o
         0          0          0          0          0          0   entry7b.o
         0          0          0          0          0          0   entry8b.o
         8          4          0          0          0          0   entry9a.o
        30          0          0          0          0          0   handlers.o
        36          8          0          0          0         68   init.o
        30          0          0          0          0         68   llshl.o
        32          0          0          0          0         68   llushr.o
        26          0          0          0          0         80   memcmp.o
        36          0          0          0          0         68   memcpya.o
        36          0          0          0          0        108   memseta.o
      1172         50          0          0          0        420   printf8.o
        18          0          0          0          0         68   strcpy.o
        14          0          0          0          0         68   strlen.o
        98          0          0          0          0         92   uldiv.o

    ----------------------------------------------------------------------
      4602        330         16         40         60     167733   Library Totals
        14          0          0          0          0          0   (incl. Padding)

    ----------------------------------------------------------------------

      Code (inc. data)   RO Data    RW Data    ZI Data      Debug   Library Name

      2982        264         16         40         60     166625   dfu.lib
      1606         66          0          0          0       1108   mc_w.l

    ----------------------------------------------------------------------
      4602        330         16         40         60     167733   Library Totals

    ----------------------------------------------------------------------

==============================================================================


      Code (inc. data)   RO Data    RW Data    ZI Data      Debug   

     23996       3680       2124        368       4296     690526   Grand Totals
     23996       3680       2124         28       4296     690526   ELF Image Totals (compressed)
     23996       3680       2124         28          0          0   ROM Totals

==============================================================================

    Total RO  Size (Code + RO Data)                26120 (  25.51kB)
    Total RW  Size (RW Data + ZI Data)              4664 (   4.55kB)
    Total ROM Size (Code + RO Data + RW Data)      26148 (  25.54kB)

==============================================================================

