Component: ARM Compiler 5.06 update 4 (build 422) Tool: armlink [4d35ed]

==============================================================================

Section Cross References

    main.o(i.assert_nrf_callback) refers to app_error.o(i.app_error_handler) for app_error_handler
    main.o(i.main) refers to segger_rtt_printf.o(i.SEGGER_RTT_printf) for SEGGER_RTT_printf
    main.o(i.main) refers to in_flash_manage.o(i.boot_to_new_appilacation) for boot_to_new_appilacation
    main.o(i.main) refers to driver_init.o(i.Platform_driver_init) for Platform_driver_init
    main.o(i.main) refers to ble_init.o(i.ble_Init) for ble_Init
    main.o(i.main) refers to beacon2_adv.o(i.Cycletimers_increase) for Cycletimers_increase
    main.o(i.main) refers to driver_init.o(i.Power_manager) for Power_manager
    main.o(i.main) refers to led_manage.o(i.led_timer_manage) for led_timer_manage
    main.o(i.main) refers to battery_check.o(i.task_read_battery) for task_read_battery
    main.o(i.main) refers to nrf_dfu.o(i.task_dfu_upfile) for task_dfu_upfile
    main.o(i.main) refers to system_time.o(i.task_system_timer) for task_system_timer
    main.o(i.main) refers to user_flash.o(i.task_save_flash) for task_save_flash
    main.o(i.main) refers to ble_adv.o(i.task_adv_update) for task_adv_update
    main.o(i.main) refers to wdt.o(i.Feed_WacthDog) for Feed_WacthDog
    main.o(i.main) refers to main.o(.data) for .data
    driver_init.o(i.Platform_driver_init) refers to app_timer.o(i.app_timer_init) for app_timer_init
    driver_init.o(i.Platform_driver_init) refers to app_error.o(i.app_error_handler) for app_error_handler
    driver_init.o(i.Platform_driver_init) refers to key.o(i.key_Init) for key_Init
    driver_init.o(i.Platform_driver_init) refers to system_time.o(i.system_timer_init) for system_timer_init
    driver_init.o(i.Platform_driver_init) refers to wdt.o(i.watchdog_init) for watchdog_init
    driver_init.o(i.Platform_driver_init) refers to led_manage.o(i.led_init) for led_init
    driver_init.o(i.Platform_driver_init) refers to user_flash.o(i.read_user_flash) for read_user_flash
    driver_init.o(i.Power_manager) refers to app_error.o(i.app_error_handler) for app_error_handler
    driver_init.o(i.is_newPcb) refers to driver_init.o(i.nrf_gpio_cfg) for nrf_gpio_cfg
    driver_init.o(i.is_newPcb) refers to driver_init.o(.data) for .data
    ble_init.o(i.battery_service_Init) refers to memseta.o(.text) for __aeabi_memclr4
    ble_init.o(i.battery_service_Init) refers to battery_check.o(i.get_battery_level) for get_battery_level
    ble_init.o(i.battery_service_Init) refers to ble_bas.o(i.ble_bas_init) for ble_bas_init
    ble_init.o(i.battery_service_Init) refers to app_error.o(i.app_error_handler) for app_error_handler
    ble_init.o(i.battery_service_Init) refers to ble_init.o(.bss) for .bss
    ble_init.o(i.battery_service_Init) refers to ble_init.o(i.ble_Init) for i.ble_Init
    ble_init.o(i.ble_Init) refers to ble_init.o(i.ble_stack_init) for ble_stack_init
    ble_init.o(i.ble_Init) refers to ble_comm.o(i.ble_mac_init) for ble_mac_init
    ble_init.o(i.ble_Init) refers to ble_init.o(i.dis_service_init) for dis_service_init
    ble_init.o(i.ble_Init) refers to app_error.o(i.app_error_handler) for app_error_handler
    ble_init.o(i.ble_Init) refers to ble_init.o(i.gatt_init) for gatt_init
    ble_init.o(i.ble_Init) refers to ble_init.o(i.battery_service_Init) for battery_service_Init
    ble_init.o(i.ble_Init) refers to nrf_dfu.o(i.dfu_transport_init) for dfu_transport_init
    ble_init.o(i.ble_Init) refers to periph_service.o(i.user_service_init) for user_service_init
    ble_init.o(i.ble_Init) refers to memseta.o(.text) for __aeabi_memclr4
    ble_init.o(i.ble_Init) refers to ble_conn_params.o(i.ble_conn_params_init) for ble_conn_params_init
    ble_init.o(i.ble_Init) refers to ble_init.o(i.on_conn_params_evt) for on_conn_params_evt
    ble_init.o(i.ble_Init) refers to ble_init.o(i.conn_params_error_handler) for conn_params_error_handler
    ble_init.o(i.ble_bas_battery_update) refers to battery_check.o(i.get_battery_level) for get_battery_level
    ble_init.o(i.ble_bas_battery_update) refers to ble_bas.o(i.ble_bas_battery_level_update) for ble_bas_battery_level_update
    ble_init.o(i.ble_bas_battery_update) refers to ble_init.o(.bss) for .bss
    ble_init.o(i.ble_evt_handler) refers to segger_rtt_printf.o(i.SEGGER_RTT_printf) for SEGGER_RTT_printf
    ble_init.o(i.ble_evt_handler) refers to ble_adv.o(i.set_ble_start) for set_ble_start
    ble_init.o(i.ble_evt_handler) refers to app_error.o(i.app_error_handler) for app_error_handler
    ble_init.o(i.ble_evt_handler) refers to memcpya.o(.text) for __aeabi_memcpy
    ble_init.o(i.ble_evt_handler) refers to ble_init.o(.data) for .data
    ble_init.o(i.ble_stack_init) refers to nrf_sdh.o(i.nrf_sdh_enable_request) for nrf_sdh_enable_request
    ble_init.o(i.ble_stack_init) refers to app_error.o(i.app_error_handler) for app_error_handler
[...]
    fw_rev_handles                           0x20002b40   Data           8  ble_dis.o(.data)
    sw_rev_handles                           0x20002b48   Data           8  ble_dis.o(.data)
    sys_id_handles                           0x20002b50   Data           8  ble_dis.o(.data)
    reg_cert_data_list_handles               0x20002b58   Data           8  ble_dis.o(.data)
    pnp_id_handles                           0x20002b60   Data           8  ble_dis.o(.data)
    .data                                    0x20002b68   Section       20  app_timer.o(.data)
    m_ticks_elapsed_q_read_ind               0x20002b68   Data           1  app_timer.o(.data)
    m_ticks_elapsed_q_write_ind              0x20002b69   Data           1  app_timer.o(.data)
    m_rtc1_running                           0x20002b6a   Data           1  app_timer.o(.data)
    m_rtc1_reset                             0x20002b6b   Data           1  app_timer.o(.data)
    mp_timer_id_head                         0x20002b6c   Data           4  app_timer.o(.data)
    m_ticks_latest                           0x20002b70   Data           4  app_timer.o(.data)
    m_ticks_elapsed                          0x20002b74   Data           8  app_timer.o(.data)
    .data                                    0x20002b7c   Section        8  nrf_fstorage_sd.o(.data)
    m_p_cur_op                               0x20002b7c   Data           4  nrf_fstorage_sd.o(.data)
    m_iget_ctx                               0x20002b80   Data           4  nrf_fstorage_sd.o(.data)
    .data                                    0x20002b84   Section        3  nrf_sdh.o(.data)
    m_nrf_sdh_enabled                        0x20002b84   Data           1  nrf_sdh.o(.data)
    m_nrf_sdh_suspended                      0x20002b85   Data           1  nrf_sdh.o(.data)
    m_nrf_sdh_continue                       0x20002b86   Data           1  nrf_sdh.o(.data)
    .data                                    0x20002b88   Section        4  nrf_sdh_ble.o(.data)
    .data                                    0x20002b8c   Section        4  system_nrf52810.o(.data)
    __tagsym$$used                           0x20002b8c   Number         0  system_nrf52810.o(.data)
    .data                                    0x20002b90   Section       32  nrf_dfu.o(.data)
    m_pkt_type                               0x20002b90   Data           1  nrf_dfu.o(.data)
    m_pkt_rcpt_notif_enabled                 0x20002b91   Data           1  nrf_dfu.o(.data)
    write_success                            0x20002b92   Data           1  nrf_dfu.o(.data)
    dfu_update_mode                          0x20002b93   Data           1  nrf_dfu.o(.data)
    app_size                                 0x20002b94   Data           4  nrf_dfu.o(.data)
    app_crc                                  0x20002b98   Data           4  nrf_dfu.o(.data)
    m_pkt_notif_target                       0x20002b9c   Data           4  nrf_dfu.o(.data)
    m_pkt_notif_target_cnt                   0x20002ba0   Data           4  nrf_dfu.o(.data)
    m_num_of_firmware_bytes_rcvd             0x20002ba4   Data           4  nrf_dfu.o(.data)
    .data                                    0x20002bb0   Section        8  ble_dfu.o(.data)
    m_is_dfu_service_initialized             0x20002bb0   Data           1  ble_dfu.o(.data)
    m_notif_buffer                           0x20002bb1   Data           7  ble_dfu.o(.data)
    log_dynamic_data                         0x20002bb8   Section       12  nrf_ble_gatt.o(log_dynamic_data)
    __tagsym$$used                           0x20002bb8   Number         0  nrf_ble_gatt.o(log_dynamic_data)
    log_dynamic_data                         0x20002bc4   Section       12  nrf_drv_clock.o(log_dynamic_data)
    __tagsym$$used                           0x20002bc4   Number         0  nrf_drv_clock.o(log_dynamic_data)
    log_dynamic_data                         0x20002bd0   Section       12  nrf_drv_gpiote.o(log_dynamic_data)
    __tagsym$$used                           0x20002bd0   Number         0  nrf_drv_gpiote.o(log_dynamic_data)
    log_dynamic_data                         0x20002bdc   Section       12  nrf_drv_uart.o(log_dynamic_data)
    __tagsym$$used                           0x20002bdc   Number         0  nrf_drv_uart.o(log_dynamic_data)
    log_dynamic_data                         0x20002be8   Section       12  nrf_drv_saadc.o(log_dynamic_data)
    __tagsym$$used                           0x20002be8   Number         0  nrf_drv_saadc.o(log_dynamic_data)
    log_dynamic_data                         0x20002bf4   Section       12  nrf_balloc.o(log_dynamic_data)
    __tagsym$$used                           0x20002bf4   Number         0  nrf_balloc.o(log_dynamic_data)
    log_dynamic_data                         0x20002c00   Section       12  nrf_sdh.o(log_dynamic_data)
    __tagsym$$used                           0x20002c00   Number         0  nrf_sdh.o(log_dynamic_data)
    log_dynamic_data                         0x20002c0c   Section       12  nrf_sdh_soc.o(log_dynamic_data)
    __tagsym$$used                           0x20002c0c   Number         0  nrf_sdh_soc.o(log_dynamic_data)
    log_dynamic_data                         0x20002c18   Section       12  nrf_sdh_ble.o(log_dynamic_data)
    __tagsym$$used                           0x20002c18   Number         0  nrf_sdh_ble.o(log_dynamic_data)
    .bss                                     0x20002c24   Section       72  ble_init.o(.bss)
    sw_buf                                   0x20002c24   Data          10  ble_init.o(.bss)
    dd_buf                                   0x20002c2e   Data          20  ble_init.o(.bss)
    m_gatt                                   0x20002c44   Data          16  ble_init.o(.bss)
    m_bas                                    0x20002c54   Data          24  ble_init.o(.bss)
    .bss                                     0x20002c6c   Section       80  ble_adv.o(.bss)
    m_adv_data                               0x20002c6c   Data          31  ble_adv.o(.bss)
    m_rsp_data                               0x20002c8b   Data          31  ble_adv.o(.bss)
    adv_params                               0x20002cac   Data          16  ble_adv.o(.bss)
    .bss                                     0x20002cbc   Section       48  periph_service.o(.bss)
    .bss                                     0x20002cec   Section       20  battery_check.o(.bss)
    .bss                                     0x20002d00   Section      244  user_flash.o(.bss)
    .bss                                     0x20002df4   Section       32  system_time.o(.bss)
    system_timer_id_data                     0x20002df4   Data          32  system_time.o(.bss)
    .bss                                     0x20002e14   Section       32  led_manage.o(.bss)
    m_led_timer_data                         0x20002e14   Data          32  led_manage.o(.bss)
    .bss                                     0x20002e34   Section       80  ble_conn_params.o(.bss)
    m_timer_data                             0x20002e34   Data          32  ble_conn_params.o(.bss)
    m_conn_params_instances                  0x20002e54   Data          20  ble_conn_params.o(.bss)
    m_conn_params_config                     0x20002e68   Data          28  ble_conn_params.o(.bss)
    .bss                                     0x20002e84   Section      184  ble_conn_state.o(.bss)
    m_bcs                                    0x20002e84   Data         184  ble_conn_state.o(.bss)
    .bss                                     0x20002f3c   Section       20  nrf_drv_clock.o(.bss)
    m_clock_cb                               0x20002f3c   Data          20  nrf_drv_clock.o(.bss)
    .bss                                     0x20002f50   Section       88  nrf_drv_gpiote.o(.bss)
    m_cb                                     0x20002f50   Data          88  nrf_drv_gpiote.o(.bss)
    .bss                                     0x20002fa8   Section       28  nrf_drv_uart.o(.bss)
    m_cb                                     0x20002fa8   Data          28  nrf_drv_uart.o(.bss)
    .bss                                     0x20002fc4   Section       48  nrf_drv_saadc.o(.bss)
    m_cb                                     0x20002fc4   Data          48  nrf_drv_saadc.o(.bss)
    .bss                                     0x20002ff4   Section       32  app_error.o(.bss)
    m_error_data                             0x20002ff4   Data          32  app_error.o(.bss)
    .bss                                     0x20003014   Section      364  app_timer.o(.bss)
    m_op_queue                               0x20003014   Data         364  app_timer.o(.bss)
    .bss                                     0x20003180   Section       12  app_util_platform.o(.bss)
    .bss                                     0x2000318c   Section      160  nrf_fstorage_sd.o(.bss)
    m_fifo_data                              0x2000318c   Data         140  nrf_fstorage_sd.o(.bss)
    m_flags                                  0x20003218   Data          20  nrf_fstorage_sd.o(.bss)
    .bss                                     0x2000322c   Section       16  nrf_fstorage_sd.o(.bss)
    m_fifo_inst                              0x2000322c   Data          16  nrf_fstorage_sd.o(.bss)
    .bss                                     0x2000323c   Section      340  segger_rtt.o(.bss)
    _acUpBuffer                              0x2000323c   Data         256  segger_rtt.o(.bss)
    _acDownBuffer                            0x2000333c   Data          10  segger_rtt.o(.bss)
    .bss                                     0x20003390   Section      256  segger_rtt_printf.o(.bss)
    acBuffer                                 0x20003390   Data         256  segger_rtt_printf.o(.bss)
    .bss                                     0x20003490   Section       60  nrf_dfu.o(.bss)
    m_dfu                                    0x2000349c   Data          48  nrf_dfu.o(.bss)
    STACK                                    0x200034d0   Section     2048  arm_startup_nrf52810.o(STACK)

    Global Symbols

    Symbol Name                              Value     Ov Type        Size  Object(Section)

    BuildAttributes$$THM_ISAv4$E$P$D$K$B$S$7EM$PE$A:L22UL41UL21$X:L11$S22US41US21$IEEE1$IW$USESV6$~STKCKD$USESV7$~SHL$OSPACE$ROPI$EBA8$MICROLIB$REQ8$PRES8$EABIv2 0x00000000   Number         0  anon$$obj.o ABSOLUTE
    __ARM_use_no_argv                        0x00000000   Number         0  main.o ABSOLUTE
    _printf_a                                0x00000000   Number         0  stubs.o ABSOLUTE
    _printf_c                                0x00000000   Number         0  stubs.o ABSOLUTE
    _printf_charcount                        0x00000000   Number         0  stubs.o ABSOLUTE
    _printf_d                                0x00000000   Number         0  stubs.o ABSOLUTE
    _printf_e                                0x00000000   Number         0  stubs.o ABSOLUTE
    _printf_f                                0x00000000   Number         0  stubs.o ABSOLUTE
    _printf_flags                            0x00000000   Number         0  stubs.o ABSOLUTE
    _printf_fp_dec                           0x00000000   Number         0  stubs.o ABSOLUTE
    _printf_fp_hex                           0x00000000   Number         0  stubs.o ABSOLUTE
    _printf_g                                0x00000000   Number         0  stubs.o ABSOLUTE
    _printf_i                                0x00000000   Number         0  stubs.o ABSOLUTE
    _printf_int_dec                          0x00000000   Number         0  stubs.o ABSOLUTE
    _printf_l                                0x00000000   Number         0  stubs.o ABSOLUTE
    _printf_lc                               0x00000000   Number         0  stubs.o ABSOLUTE
    _printf_ll                               0x00000000   Number         0  stubs.o ABSOLUTE
    _printf_lld                              0x00000000   Number         0  stubs.o ABSOLUTE
    _printf_lli                              0x00000000   Number         0  stubs.o ABSOLUTE
    _printf_llo                              0x00000000   Number         0  stubs.o ABSOLUTE
    _printf_llu                              0x00000000   Number         0  stubs.o ABSOLUTE
    _printf_llx                              0x00000000   Number         0  stubs.o ABSOLUTE
    _printf_longlong_dec                     0x00000000   Number         0  stubs.o ABSOLUTE
    _printf_longlong_hex                     0x00000000   Number         0  stubs.o ABSOLUTE
    _printf_longlong_oct                     0x00000000   Number         0  stubs.o ABSOLUTE
    _printf_ls                               0x00000000   Number         0  stubs.o ABSOLUTE
    _printf_mbtowc                           0x00000000   Number         0  stubs.o ABSOLUTE
    _printf_n                                0x00000000   Number         0  stubs.o ABSOLUTE
    _printf_o                                0x00000000   Number         0  stubs.o ABSOLUTE
    _printf_p                                0x00000000   Number         0  stubs.o ABSOLUTE
    _printf_percent                          0x00000000   Number         0  stubs.o ABSOLUTE
    _printf_pre_padding                      0x00000000   Number         0  stubs.o ABSOLUTE
    _printf_return_value                     0x00000000   Number         0  stubs.o ABSOLUTE
    _printf_s                                0x00000000   Number         0  stubs.o ABSOLUTE
    _printf_sizespec                         0x00000000   Number         0  stubs.o ABSOLUTE
    _printf_str                              0x00000000   Number         0  stubs.o ABSOLUTE
    _printf_truncate_signed                  0x00000000   Number         0  stubs.o ABSOLUTE
    _printf_truncate_unsigned                0x00000000   Number         0  stubs.o ABSOLUTE
    _printf_u                                0x00000000   Number         0  stubs.o ABSOLUTE
    _printf_wc                               0x00000000   Number         0  stubs.o ABSOLUTE
    _printf_wctomb                           0x00000000   Number         0  stubs.o ABSOLUTE
    _printf_widthprec                        0x00000000   Number         0  stubs.o ABSOLUTE
    _printf_x                                0x00000000   Number         0  stubs.o ABSOLUTE
    __cpp_initialize__aeabi_                  - Undefined Weak Reference
    __cxa_finalize                            - Undefined Weak Reference
    _clock_init                               - Undefined Weak Reference
    _microlib_exit                            - Undefined Weak Reference
    fs_data$$Base                             - Undefined Reference
    fs_data$$Limit                            - Undefined Reference
    sdh_ble_observers2$$Base                  - Undefined Reference
    sdh_ble_observers2$$Limit                 - Undefined Reference
    sdh_req_observers1$$Base                  - Undefined Reference
    sdh_req_observers1$$Limit                 - Undefined Reference
    sdh_soc_observers1$$Base                  - Undefined Reference
    sdh_soc_observers1$$Limit                 - Undefined Reference
    sdh_stack_observers1$$Base                - Undefined Reference
    sdh_stack_observers1$$Limit               - Undefined Reference
    sdh_state_observers1$$Base                - Undefined Reference
    sdh_state_observers1$$Limit               - Undefined Reference
    __Vectors_Size                           0x00000200   Number         0  arm_startup_nrf52810.o ABSOLUTE
    __Vectors                                0x00018000   Data           4  arm_startup_nrf52810.o(RESET)
    __Vectors_End                            0x00018200   Data           0  arm_startup_nrf52810.o(RESET)
    __main                                   0x00018201   Thumb Code     0  entry.o(.ARM.Collect$$$$00000000)
    _main_stk                                0x00018201   Thumb Code     0  entry2.o(.ARM.Collect$$$$00000001)
    _main_scatterload                        0x00018205   Thumb Code     0  entry5.o(.ARM.Collect$$$$00000004)
    __main_after_scatterload                 0x00018209   Thumb Code     0  entry5.o(.ARM.Collect$$$$00000004)
    _main_clock                              0x00018209   Thumb Code     0  entry7b.o(.ARM.Collect$$$$00000008)
    _main_cpp_init                           0x00018209   Thumb Code     0  entry8b.o(.ARM.Collect$$$$0000000A)
    _main_init                               0x00018209   Thumb Code     0  entry9a.o(.ARM.Collect$$$$0000000B)
    __rt_final_cpp                           0x00018211   Thumb Code     0  entry10a.o(.ARM.Collect$$$$0000000D)
    __rt_final_exit                          0x00018211   Thumb Code     0  entry11a.o(.ARM.Collect$$$$0000000F)
    __asm___12_nrf_atfifo_c_51f461e1__nrf_atfifo_wspace_req 0x00018215   Thumb Code    56  nrf_atfifo.o(.emb_text)
    __asm___12_nrf_atfifo_c_51f461e1__nrf_atfifo_wspace_close 0x0001824d   Thumb Code    18  nrf_atfifo.o(.emb_text)
    __asm___12_nrf_atfifo_c_51f461e1__nrf_atfifo_rspace_req 0x0001825f   Thumb Code    58  nrf_atfifo.o(.emb_text)
    __asm___12_nrf_atfifo_c_51f461e1__nrf_atfifo_rspace_close 0x00018299   Thumb Code    18  nrf_atfifo.o(.emb_text)
    __asm___12_nrf_atfifo_c_51f461e1__nrf_atfifo_space_clear 0x000182ab   Thumb Code    50  nrf_atfifo.o(.emb_text)
    Reset_Handler                            0x000182dd   Thumb Code     8  arm_startup_nrf52810.o(.text)
    NMI_Handler                              0x000182e5   Thumb Code     2  arm_startup_nrf52810.o(.text)
    HardFault_Handler                        0x000182e7   Thumb Code     2  arm_startup_nrf52810.o(.text)
    MemoryManagement_Handler                 0x000182e9   Thumb Code     2  arm_startup_nrf52810.o(.text)
    BusFault_Handler                         0x000182eb   Thumb Code     2  arm_startup_nrf52810.o(.text)
    UsageFault_Handler                       0x000182ed   Thumb Code     2  arm_startup_nrf52810.o(.text)
    SVC_Handler                              0x000182ef   Thumb Code     2  arm_startup_nrf52810.o(.text)
    DebugMon_Handler                         0x000182f1   Thumb Code     2  arm_startup_nrf52810.o(.text)
    PendSV_Handler                           0x000182f3   Thumb Code     2  arm_startup_nrf52810.o(.text)
    SysTick_Handler                          0x000182f5   Thumb Code     2  arm_startup_nrf52810.o(.text)
    CCM_AAR_IRQHandler                       0x000182f7   Thumb Code     0  arm_startup_nrf52810.o(.text)
    COMP_IRQHandler                          0x000182f7   Thumb Code     0  arm_startup_nrf52810.o(.text)
    ECB_IRQHandler                           0x000182f7   Thumb Code     0  arm_startup_nrf52810.o(.text)
    PDM_IRQHandler                           0x000182f7   Thumb Code     0  arm_startup_nrf52810.o(.text)
    PWM0_IRQHandler                          0x000182f7   Thumb Code     0  arm_startup_nrf52810.o(.text)
    QDEC_IRQHandler                          0x000182f7   Thumb Code     0  arm_startup_nrf52810.o(.text)
    RADIO_IRQHandler                         0x000182f7   Thumb Code     0  arm_startup_nrf52810.o(.text)
    RNG_IRQHandler                           0x000182f7   Thumb Code     0  arm_startup_nrf52810.o(.text)
    RTC0_IRQHandler                          0x000182f7   Thumb Code     0  arm_startup_nrf52810.o(.text)
    SPIM0_SPIS0_IRQHandler                   0x000182f7   Thumb Code     0  arm_startup_nrf52810.o(.text)
    SWI1_EGU1_IRQHandler                     0x000182f7   Thumb Code     0  arm_startup_nrf52810.o(.text)
    SWI3_IRQHandler                          0x000182f7   Thumb Code     0  arm_startup_nrf52810.o(.text)
    SWI4_IRQHandler                          0x000182f7   Thumb Code     0  arm_startup_nrf52810.o(.text)
    SWI5_IRQHandler                          0x000182f7   Thumb Code     0  arm_startup_nrf52810.o(.text)
    TEMP_IRQHandler                          0x000182f7   Thumb Code     0  arm_startup_nrf52810.o(.text)
    TIMER0_IRQHandler                        0x000182f7   Thumb Code     0  arm_startup_nrf52810.o(.text)
    TIMER1_IRQHandler                        0x000182f7   Thumb Code     0  arm_startup_nrf52810.o(.text)
    TIMER2_IRQHandler                        0x000182f7   Thumb Code     0  arm_startup_nrf52810.o(.text)
    TWIM0_TWIS0_IRQHandler                   0x000182f7   Thumb Code     0  arm_startup_nrf52810.o(.text)
    WDT_IRQHandler                           0x000182f7   Thumb Code     0  arm_startup_nrf52810.o(.text)
    __aeabi_uldivmod                         0x00018301   Thumb Code    98  uldiv.o(.text)
    __aeabi_memcpy                           0x00018363   Thumb Code    36  memcpya.o(.text)
    __aeabi_memcpy4                          0x00018363   Thumb Code     0  memcpya.o(.text)
    __aeabi_memcpy8                          0x00018363   Thumb Code     0  memcpya.o(.text)
    __aeabi_memset                           0x00018387   Thumb Code    14  memseta.o(.text)
    __aeabi_memset4                          0x00018387   Thumb Code     0  memseta.o(.text)
    __aeabi_memset8                          0x00018387   Thumb Code     0  memseta.o(.text)
    __aeabi_memclr                           0x00018395   Thumb Code     4  memseta.o(.text)
    __aeabi_memclr4                          0x00018395   Thumb Code     0  memseta.o(.text)
    __aeabi_memclr8                          0x00018395   Thumb Code     0  memseta.o(.text)
    _memset$wrapper                          0x00018399   Thumb Code    18  memseta.o(.text)
    strlen                                   0x000183ab   Thumb Code    14  strlen.o(.text)
    memcmp                                   0x000183b9   Thumb Code    26  memcmp.o(.text)
    strcpy                                   0x000183d3   Thumb Code    18  strcpy.o(.text)
    CheckAddr                                0x000183e5   Thumb Code    18  in_flash_manage.o(i.CheckAddr)
    SWI0_EGU0_IRQHandler                     0x000183f7   Thumb Code     4  app_timer.o(i.SWI0_EGU0_IRQHandler)
    SWI2_IRQHandler                          0x000183fb   Thumb Code     4  nrf_sdh.o(i.SWI2_IRQHandler)
    __scatterload_null                       0x000183ff   Thumb Code     2  handlers.o(i.__scatterload_null)
    version                                  0x00018400   Data           3  in_flash_manage.o(.ARM.__AT_0x00018400)
    __aeabi_llsl                             0x00018405   Thumb Code    30  llshl.o(.text)
    _ll_shift_l                              0x00018405   Thumb Code     0  llshl.o(.text)
    __aeabi_llsr                             0x00018423   Thumb Code    32  llushr.o(.text)
    _ll_ushift_r                             0x00018423   Thumb Code     0  llushr.o(.text)
    __scatterload                            0x00018445   Thumb Code    28  init.o(.text)
    __scatterload_rt2                        0x00018445   Thumb Code     0  init.o(.text)
    __decompress                             0x00018469   Thumb Code     0  __dczerorl.o(.text)
    __decompress0                            0x00018469   Thumb Code    58  __dczerorl.o(.text)
    Cycletimers_increase                     0x000184a5   Thumb Code    28  beacon2_adv.o(i.Cycletimers_increase)
    EraseBoot                                0x000184c5   Thumb Code    40  in_flash_manage.o(i.EraseBoot)
    EraseBvkFlash                            0x000184f5   Thumb Code    44  nrf_dfu.o(i.EraseBvkFlash)
    Feed_WacthDog                            0x00018521   Thumb Code    20  wdt.o(i.Feed_WacthDog)
    Flash_Erase_Page                         0x0001853d   Thumb Code    42  in_flash_manage.o(i.Flash_Erase_Page)
    Flash_Write_World                        0x0001856d   Thumb Code    32  in_flash_manage.o(i.Flash_Write_World)
    GPIOTE_IRQHandler                        0x00018591   Thumb Code   362  nrf_drv_gpiote.o(i.GPIOTE_IRQHandler)
    InflashRead                              0x00018705   Thumb Code    20  in_flash_manage.o(i.InflashRead)
    InitAdc                                  0x00018719   Thumb Code    56  battery_check.o(i.InitAdc)
    IsRightBoard                             0x0001877d   Thumb Code    22  nrf_dfu.o(i.IsRightBoard)
    POWER_CLOCK_IRQHandler                   0x000187fd   Thumb Code    84  nrf_drv_clock.o(i.POWER_CLOCK_IRQHandler)
    Periph_service_send                      0x00018855   Thumb Code   158  periph_service.o(i.Periph_service_send)
    Platform_driver_init                     0x0001898d   Thumb Code    44  driver_init.o(i.Platform_driver_init)
    Power_manager                            0x000189d5   Thumb Code    16  driver_init.o(i.Power_manager)
    RTC1_IRQHandler                          0x00018a01   Thumb Code    32  app_timer.o(i.RTC1_IRQHandler)
    SAADC_IRQHandler                         0x00018a25   Thumb Code   320  nrf_drv_saadc.o(i.SAADC_IRQHandler)
    SEGGER_RTT_Write                         0x00018b6d   Thumb Code    56  segger_rtt.o(i.SEGGER_RTT_Write)
    SEGGER_RTT_WriteNoLock                   0x00018ba9   Thumb Code    86  segger_rtt.o(i.SEGGER_RTT_WriteNoLock)
    SEGGER_RTT_printf                        0x00018c05   Thumb Code    22  segger_rtt_printf.o(i.SEGGER_RTT_printf)
    SEGGER_RTT_vprintf                       0x00018c1d   Thumb Code   410  segger_rtt_printf.o(i.SEGGER_RTT_vprintf)
    StartAdc                                 0x00018dbd   Thumb Code    58  battery_check.o(i.StartAdc)
    Sterilize_handle                         0x00018e01   Thumb Code    96  beacon1_adv.o(i.Sterilize_handle)
    Sterilize_set_counter_value              0x00018e65   Thumb Code    58  beacon1_adv.o(i.Sterilize_set_counter_value)
    SystemInit                               0x00018ead   Thumb Code   656  system_nrf52810.o(i.SystemInit)
    UARTE0_IRQHandler                        0x00019189   Thumb Code     8  nrf_drv_uart.o(i.UARTE0_IRQHandler)
    __0sprintf$8                             0x0001948d   Thumb Code    34  printf8.o(i.__0sprintf$8)
    __1sprintf$8                             0x0001948d   Thumb Code     0  printf8.o(i.__0sprintf$8)
    __2sprintf                               0x0001948d   Thumb Code     0  printf8.o(i.__0sprintf$8)
    __scatterload_copy                       0x000194b5   Thumb Code    14  handlers.o(i.__scatterload_copy)
    __scatterload_zeroinit                   0x000194c3   Thumb Code    14  handlers.o(i.__scatterload_zeroinit)
    adv_update_packet_byte                   0x00019979   Thumb Code     6  ble_adv.o(i.adv_update_packet_byte)
    app_error_fault_handler                  0x00019985   Thumb Code   126  app_error_weak.o(i.app_error_fault_handler)
    app_error_handler                        0x00019ab1   Thumb Code    24  app_error.o(i.app_error_handler)
    app_error_save_and_stop                  0x00019ac9   Thumb Code    96  app_error.o(i.app_error_save_and_stop)
    app_timer_create                         0x00019b2d   Thumb Code    36  app_timer.o(i.app_timer_create)
    app_timer_init                           0x00019b55   Thumb Code    70  app_timer.o(i.app_timer_init)
    app_timer_start                          0x00019ba9   Thumb Code   128  app_timer.o(i.app_timer_start)
    app_timer_stop                           0x00019c31   Thumb Code    26  app_timer.o(i.app_timer_stop)
    app_util_critical_region_enter           0x00019c51   Thumb Code    64  app_util_platform.o(i.app_util_critical_region_enter)
    app_util_critical_region_exit            0x00019c99   Thumb Code    46  app_util_platform.o(i.app_util_critical_region_exit)
    ble_Init                                 0x00019ea9   Thumb Code   144  ble_init.o(i.ble_Init)
    ble_adv_stop                             0x0001a069   Thumb Code    28  ble_adv.o(i.ble_adv_stop)
    ble_bas_battery_level_update             0x0001a0c1   Thumb Code   122  ble_bas.o(i.ble_bas_battery_level_update)
    ble_bas_battery_update                   0x0001a13d   Thumb Code    18  ble_init.o(i.ble_bas_battery_update)
    ble_bas_init                             0x0001a155   Thumb Code    68  ble_bas.o(i.ble_bas_init)
    ble_commd_analyze                        0x0001a199   Thumb Code   358  ble_data.o(i.ble_commd_analyze)
    ble_conn_params_init                     0x0001a309   Thumb Code    90  ble_conn_params.o(i.ble_conn_params_init)
    ble_conn_params_stop                     0x0001a371   Thumb Code    32  ble_conn_params.o(i.ble_conn_params_stop)
    ble_dfu_init                             0x0001a395   Thumb Code   130  ble_dfu.o(i.ble_dfu_init)
    ble_dfu_on_ble_evt                       0x0001a421   Thumb Code   138  ble_dfu.o(i.ble_dfu_on_ble_evt)
    ble_dfu_pkts_rcpt_notify                 0x0001a4ad   Thumb Code   106  ble_dfu.o(i.ble_dfu_pkts_rcpt_notify)
    ble_dfu_response_send                    0x0001a51d   Thumb Code    90  ble_dfu.o(i.ble_dfu_response_send)
    ble_dis_init                             0x0001a57d   Thumb Code   296  ble_dis.o(i.ble_dis_init)
    ble_disconnect                           0x0001a6a9   Thumb Code    20  ble_comm.o(i.ble_disconnect)
    ble_feex_init                            0x0001aa35   Thumb Code   106  periph_service.o(i.ble_feex_init)
    ble_mac_init                             0x0001aaad   Thumb Code   126  ble_comm.o(i.ble_mac_init)
    ble_srv_ascii_to_utf8                    0x0001ab39   Thumb Code    18  ble_srv_common.o(i.ble_srv_ascii_to_utf8)
    ble_srv_is_notification_enabled          0x0001ab4b   Thumb Code     8  ble_srv_common.o(i.ble_srv_is_notification_enabled)
    ble_srv_report_ref_encode                0x0001ab53   Thumb Code    12  ble_srv_common.o(i.ble_srv_report_ref_encode)
    ble_stack_init                           0x0001ab61   Thumb Code    58  ble_init.o(i.ble_stack_init)
    boot_to_new_appilacation                 0x0001abb9   Thumb Code    94  in_flash_manage.o(i.boot_to_new_appilacation)
    call_by_sys                              0x0001ac1d   Thumb Code    12  nrf_dfu.o(i.call_by_sys)
    call_by_sys_flash_manage                 0x0001ac2d   Thumb Code    12  in_flash_manage.o(i.call_by_sys_flash_manage)
    check_crc                                0x0001ad8d   Thumb Code    26  nrf_dfu.o(i.check_crc)
    check_is_right_firmware                  0x0001adad   Thumb Code     8  nrf_dfu.o(i.check_is_right_firmware)
    check_key_press                          0x0001adb5   Thumb Code    64  key.o(i.check_key_press)
    check_out_data                           0x0001ae0d   Thumb Code    32  nrf_dfu.o(i.check_out_data)
    crc16_compute_dfu                        0x0001af79   Thumb Code    54  nrf_dfu.o(i.crc16_compute_dfu)
    delay_ms                                 0x0001afaf   Thumb Code    26  utility.o(i.delay_ms)
    delay_us                                 0x0001afc9   Thumb Code    12  utility.o(i.delay_us)
    device_OnOff_manage                      0x0001afd5   Thumb Code    96  key.o(i.device_OnOff_manage)
    dfu_prepare_space                        0x0001b199   Thumb Code     8  nrf_dfu.o(i.dfu_prepare_space)
    dfu_que_in                               0x0001b1a5   Thumb Code    10  nrf_dfu.o(i.dfu_que_in)
    dfu_que_init                             0x0001b1b5   Thumb Code    18  nrf_dfu.o(i.dfu_que_init)
    dfu_que_out                              0x0001b1cd   Thumb Code    28  nrf_dfu.o(i.dfu_que_out)
    dfu_transport_callby_irq                 0x0001b28d   Thumb Code     8  nrf_dfu.o(i.dfu_transport_callby_irq)
    dfu_transport_init                       0x0001b299   Thumb Code    46  nrf_dfu.o(i.dfu_transport_init)
    dfu_write_flash                          0x0001b2f1   Thumb Code    42  nrf_dfu.o(i.dfu_write_flash)
    enable_pin_irq                           0x0001b4d9   Thumb Code    98  gpio_init.o(i.enable_pin_irq)
    flash_nvic_word_write                    0x0001b6b1   Thumb Code    36  in_flash_manage.o(i.flash_nvic_word_write)
    g_Beacon1_adv                            0x0001b6dd   Thumb Code    44  beacon1_adv.o(i.g_Beacon1_adv)
    g_Beacon2_adv                            0x0001b70d   Thumb Code    46  beacon2_adv.o(i.g_Beacon2_adv)
    g_send_cmd                               0x0001b741   Thumb Code    62  ble_data.o(i.g_send_cmd)
    gatt_evt_handler                         0x0001b781   Thumb Code    34  ble_init.o(i.gatt_evt_handler)
    gatt_init                                0x0001b7d9   Thumb Code    50  ble_init.o(i.gatt_init)
    get_Sterilize_byte                       0x0001b831   Thumb Code     6  beacon1_adv.o(i.get_Sterilize_byte)
    get_battery_level                        0x0001b83d   Thumb Code     6  battery_check.o(i.get_battery_level)
    get_device_sta                           0x0001b849   Thumb Code     6  key.o(i.get_device_sta)
    get_m_conn_handle                        0x0001b855   Thumb Code     6  ble_init.o(i.get_m_conn_handle)
    get_time_escape_ms                       0x0001b861   Thumb Code    14  app_timer.o(i.get_time_escape_ms)
    init_update                              0x0001b93d   Thumb Code    22  nrf_dfu.o(i.init_update)
    is_ble_connect                           0x0001b96d   Thumb Code    20  ble_init.o(i.is_ble_connect)
    key_Init                                 0x0001b9c9   Thumb Code     8  key.o(i.key_Init)
    led_ctrl                                 0x0001b9d1   Thumb Code    38  led_manage.o(i.led_ctrl)
    led_init                                 0x0001b9fd   Thumb Code    12  led_manage.o(i.led_init)
    led_timer_init                           0x0001ba0d   Thumb Code    30  led_manage.o(i.led_timer_init)
    led_timer_manage                         0x0001ba55   Thumb Code   146  led_manage.o(i.led_timer_manage)
    main                                     0x0001bc2d   Thumb Code   106  main.o(i.main)
    nrf_atfifo_item_free                     0x0001bd29   Thumb Code    22  nrf_atfifo.o(i.nrf_atfifo_item_free)
    nrf_atfifo_item_get                      0x0001bd3f   Thumb Code    22  nrf_atfifo.o(i.nrf_atfifo_item_get)
    nrf_ble_gatt_att_mtu_periph_set          0x0001bd65   Thumb Code    20  nrf_ble_gatt.o(i.nrf_ble_gatt_att_mtu_periph_set)
    nrf_ble_gatt_init                        0x0001bd79   Thumb Code    34  nrf_ble_gatt.o(i.nrf_ble_gatt_init)
    nrf_ble_gatt_on_ble_evt                  0x0001bd9d   Thumb Code   264  nrf_ble_gatt.o(i.nrf_ble_gatt_on_ble_evt)
    nrf_drv_clock_init                       0x0001c18d   Thumb Code    64  nrf_drv_clock.o(i.nrf_drv_clock_init)
    nrf_drv_clock_lfclk_release              0x0001c1d5   Thumb Code    40  nrf_drv_clock.o(i.nrf_drv_clock_lfclk_release)
    nrf_drv_common_irq_enable                0x0001c201   Thumb Code    56  nrf_drv_common.o(i.nrf_drv_common_irq_enable)
    nrf_drv_gpiote_in_event_disable          0x0001c239   Thumb Code    66  nrf_drv_gpiote.o(i.nrf_drv_gpiote_in_event_disable)
    nrf_drv_gpiote_in_event_enable           0x0001c281   Thumb Code   156  nrf_drv_gpiote.o(i.nrf_drv_gpiote_in_event_enable)
    nrf_drv_gpiote_in_init                   0x0001c325   Thumb Code   172  nrf_drv_gpiote.o(i.nrf_drv_gpiote_in_init)
    nrf_drv_gpiote_in_uninit                 0x0001c3dd   Thumb Code    64  nrf_drv_gpiote.o(i.nrf_drv_gpiote_in_uninit)
    nrf_drv_gpiote_init                      0x0001c425   Thumb Code    84  nrf_drv_gpiote.o(i.nrf_drv_gpiote_init)
    nrf_drv_gpiote_is_init                   0x0001c481   Thumb Code    14  nrf_drv_gpiote.o(i.nrf_drv_gpiote_is_init)
    nrf_drv_saadc_buffer_convert             0x0001c495   Thumb Code   154  nrf_drv_saadc.o(i.nrf_drv_saadc_buffer_convert)
    nrf_drv_saadc_channel_init               0x0001c539   Thumb Code    88  nrf_drv_saadc.o(i.nrf_drv_saadc_channel_init)
    nrf_drv_saadc_init                       0x0001c599   Thumb Code   124  nrf_drv_saadc.o(i.nrf_drv_saadc_init)
    nrf_drv_saadc_is_busy                    0x0001c625   Thumb Code    12  nrf_drv_saadc.o(i.nrf_drv_saadc_is_busy)
    nrf_drv_saadc_sample                     0x0001c635   Thumb Code    34  nrf_drv_saadc.o(i.nrf_drv_saadc_sample)
    nrf_fstorage_sdh_req_handler             0x0001c661   Thumb Code    18  nrf_fstorage_sd.o(i.nrf_fstorage_sdh_req_handler)
    nrf_fstorage_sdh_state_handler           0x0001c679   Thumb Code    28  nrf_fstorage_sd.o(i.nrf_fstorage_sdh_state_handler)
    nrf_fstorage_sys_evt_handler             0x0001c699   Thumb Code   150  nrf_fstorage_sd.o(i.nrf_fstorage_sys_evt_handler)
    nrf_saadc_channel_init                   0x0001c81d   Thumb Code   100  nrf_saadc.o(i.nrf_saadc_channel_init)
    nrf_sdh_ble_app_ram_start_get            0x0001c8bd   Thumb Code    18  nrf_sdh_ble.o(i.nrf_sdh_ble_app_ram_start_get)
    nrf_sdh_ble_default_cfg_set              0x0001c8d5   Thumb Code   152  nrf_sdh_ble.o(i.nrf_sdh_ble_default_cfg_set)
    nrf_sdh_ble_enable                       0x0001c96d   Thumb Code    78  nrf_sdh_ble.o(i.nrf_sdh_ble_enable)
    nrf_sdh_disable_request                  0x0001cac9   Thumb Code    54  nrf_sdh.o(i.nrf_sdh_disable_request)
    nrf_sdh_enable_request                   0x0001cb05   Thumb Code    72  nrf_sdh.o(i.nrf_sdh_enable_request)
    nrf_sdh_evts_poll                        0x0001cb59   Thumb Code    32  nrf_sdh.o(i.nrf_sdh_evts_poll)
    nrf_sdh_is_enabled                       0x0001cb7d   Thumb Code     6  nrf_sdh.o(i.nrf_sdh_is_enabled)
    nrf_sdh_request_continue                 0x0001cb89   Thumb Code    22  nrf_sdh.o(i.nrf_sdh_request_continue)
    nrf_section_iter_init                    0x0001cc15   Thumb Code    10  nrf_section_iter.o(i.nrf_section_iter_init)
    nrf_section_iter_next                    0x0001cc43   Thumb Code    32  nrf_section_iter.o(i.nrf_section_iter_next)
    nrf_strerror_find                        0x0001cc85   Thumb Code    52  nrf_strerror.o(i.nrf_strerror_find)
    nrf_strerror_get                         0x0001ccbd   Thumb Code    14  nrf_strerror.o(i.nrf_strerror_get)
    on_dfu_pkt_write                         0x0001cec1   Thumb Code    48  nrf_dfu.o(i.on_dfu_pkt_write)
    periph_service_on_ble_evt                0x0001cef5   Thumb Code    64  periph_service.o(i.periph_service_on_ble_evt)
    pin_irq_handle                           0x0001cf69   Thumb Code    32  gpio_init.o(i.pin_irq_handle)
    queue_dt_delete                          0x0001d011   Thumb Code    44  fifo_bytes.o(i.queue_dt_delete)
    queue_dt_in                              0x0001d03d   Thumb Code    84  fifo_bytes.o(i.queue_dt_in)
    queue_dt_init                            0x0001d091   Thumb Code    22  fifo_bytes.o(i.queue_dt_init)
    queue_dt_out                             0x0001d0a7   Thumb Code    44  fifo_bytes.o(i.queue_dt_out)
    read_user_flash                          0x0001d1b5   Thumb Code   132  user_flash.o(i.read_user_flash)
    saadc_callback                           0x0001d2ed   Thumb Code    48  battery_check.o(i.saadc_callback)
    save_user_flash                          0x0001d321   Thumb Code     8  user_flash.o(i.save_user_flash)
    sdk_mapped_flags_bulk_update_by_key      0x0001d421   Thumb Code    68  sdk_mapped_flags.o(i.sdk_mapped_flags_bulk_update_by_key)
    sdk_mapped_flags_first_key_index_get     0x0001d465   Thumb Code    34  sdk_mapped_flags.o(i.sdk_mapped_flags_first_key_index_get)
    sdk_mapped_flags_key_list_get            0x0001d497   Thumb Code    74  sdk_mapped_flags.o(i.sdk_mapped_flags_key_list_get)
    sdk_mapped_flags_update_by_key           0x0001d4e1   Thumb Code    14  sdk_mapped_flags.o(i.sdk_mapped_flags_update_by_key)
    set_Sterilize_byte                       0x0001d52d   Thumb Code    28  beacon1_adv.o(i.set_Sterilize_byte)
    set_ble_start                            0x0001d569   Thumb Code     8  ble_adv.o(i.set_ble_start)
    system_timer_init                        0x0001d7bd   Thumb Code    30  system_time.o(i.system_timer_init)
    system_timer_start                       0x0001d809   Thumb Code    34  system_time.o(i.system_timer_start)
    task_adv_update                          0x0001d855   Thumb Code    30  ble_adv.o(i.task_adv_update)
    task_ble_adv_start                       0x0001d879   Thumb Code    36  ble_adv.o(i.task_ble_adv_start)
    task_ble_tx_power                        0x0001d8a1   Thumb Code    34  ble_comm.o(i.task_ble_tx_power)
    task_dfu_upfile                          0x0001d8e9   Thumb Code   608  nrf_dfu.o(i.task_dfu_upfile)
    task_read_battery                        0x0001db79   Thumb Code   102  battery_check.o(i.task_read_battery)
    task_save_flash                          0x0001dbe5   Thumb Code    24  user_flash.o(i.task_save_flash)
    task_system_timer                        0x0001dc01   Thumb Code    36  system_time.o(i.task_system_timer)
    user_service_init                        0x0001e051   Thumb Code    30  periph_service.o(i.user_service_init)
    wait_after_operation                     0x0001e099   Thumb Code    34  in_flash_manage.o(i.wait_after_operation)
    watchdog_init                            0x0001e0c1   Thumb Code    60  wdt.o(i.watchdog_init)
    write_user_flash                         0x0001e109   Thumb Code    90  user_flash.o(i.write_user_flash)
    m_ram_start                              0x0001e384   Data           4  nrf_sdh_ble.o(.constdata)
    Region$$Table$$Base                      0x0001e704   Number         0  anon$$obj.o(Region$$Table)
    Region$$Table$$Limit                     0x0001e724   Number         0  anon$$obj.o(Region$$Table)
    m_nrf_log_ble_gatt_logs_data_const       0x0001e724   Data           8  nrf_ble_gatt.o(log_const_data)
    m_nrf_log_clock_logs_data_const          0x0001e72c   Data           8  nrf_drv_clock.o(log_const_data)
    m_nrf_log_gpiote_logs_data_const         0x0001e734   Data           8  nrf_drv_gpiote.o(log_const_data)
    m_nrf_log_uart_logs_data_const           0x0001e73c   Data           8  nrf_drv_uart.o(log_const_data)
    m_nrf_log_saadc_logs_data_const          0x0001e744   Data           8  nrf_drv_saadc.o(log_const_data)
    m_nrf_log_balloc_logs_data_const         0x0001e74c   Data           8  nrf_balloc.o(log_const_data)
    m_nrf_log_nrf_sdh_logs_data_const        0x0001e754   Data           8  nrf_sdh.o(log_const_data)
    m_nrf_log_nrf_sdh_soc_logs_data_const    0x0001e75c   Data           8  nrf_sdh_soc.o(log_const_data)
    m_nrf_log_nrf_sdh_ble_logs_data_const    0x0001e764   Data           8  nrf_sdh_ble.o(log_const_data)
    sdh_ble_observers0$$Base                 0x0001e76c   Number         0  ble_conn_state.o(sdh_ble_observers0)
    sdh_ble_observers0$$Limit                0x0001e774   Number         0  ble_conn_state.o(sdh_ble_observers0)
    sdh_ble_observers1$$Base                 0x0001e774   Number         0  ble_init.o(sdh_ble_observers1)
    sdh_ble_observers1$$Limit                0x0001e784   Number         0  ble_conn_params.o(sdh_ble_observers1)
    sdh_ble_observers3$$Base                 0x0001e784   Number         0  ble_init.o(sdh_ble_observers3)
    m_req_obs                                0x0001e78c   Data           8  nrf_fstorage_sd.o(sdh_req_observers0)
    sdh_ble_observers3$$Limit                0x0001e78c   Number         0  ble_init.o(sdh_ble_observers3)
    sdh_req_observers0$$Base                 0x0001e78c   Number         0  nrf_fstorage_sd.o(sdh_req_observers0)
    sdh_req_observers0$$Limit                0x0001e794   Number         0  nrf_fstorage_sd.o(sdh_req_observers0)
    sdh_soc_observers0$$Base                 0x0001e794   Number         0  ble_init.o(sdh_soc_observers0)
    sdh_soc_observers0$$Limit                0x0001e7b4   Number         0  nrf_fstorage_sd.o(sdh_soc_observers0)
    sdh_stack_observers0$$Base               0x0001e7b4   Number         0  nrf_sdh_soc.o(sdh_stack_observers0)
    sdh_stack_observers0$$Limit              0x0001e7c4   Number         0  nrf_sdh_ble.o(sdh_stack_observers0)
    sdh_state_observers0$$Base               0x0001e7c4   Number         0  nrf_drv_clock.o(sdh_state_observers0)
    sdh_state_observers0$$Limit              0x0001e7d4   Number         0  nrf_fstorage_sd.o(sdh_state_observers0)
    Image$$RW_IRAM1$$Base                    0x20002ac0   Number         0  anon$$obj.o ABSOLUTE
    SOFTH_VERSION                            0x20002ac0   Data           1  main.o(.data)
    SOFTL_VERSION                            0x20002ac1   Data           1  main.o(.data)
    TEST_VERSION                             0x20002ac2   Data           1  main.o(.data)
    m_conn_handle                            0x20002ac4   Data           2  ble_init.o(.data)
    beacon_infor                             0x20002ac9   Data          21  ble_adv.o(.data)
    c_hvn_tx_complete                        0x20002ade   Data           1  periph_service.o(.data)
    m_device_addr                            0x20002ae0   Data           7  ble_comm.o(.data)
    Sterilize_send_byte                      0x20002ae8   Data           1  beacon1_adv.o(.data)
    avg_sample                               0x20002af8   Data           4  battery_check.o(.data)
    busy_ms                                  0x20002afc   Data           4  battery_check.o(.data)
    Beacon_uuid_initialize                   0x20002b00   Data           1  user_flash.o(.data)
    key_press_flg                            0x20002b0e   Data           1  gpio_init.o(.data)
    end_addr                                 0x20002b88   Data           4  nrf_sdh_ble.o(.data)
    SystemCoreClock                          0x20002b8c   Data           4  system_nrf52810.o(.data)
    StuQueuedfu                              0x20002ba8   Data           8  nrf_dfu.o(.data)
    m_nrf_log_ble_gatt_logs_data_dynamic     0x20002bb8   Data          12  nrf_ble_gatt.o(log_dynamic_data)
    m_nrf_log_clock_logs_data_dynamic        0x20002bc4   Data          12  nrf_drv_clock.o(log_dynamic_data)
    m_nrf_log_gpiote_logs_data_dynamic       0x20002bd0   Data          12  nrf_drv_gpiote.o(log_dynamic_data)
    m_nrf_log_uart_logs_data_dynamic         0x20002bdc   Data          12  nrf_drv_uart.o(log_dynamic_data)
    m_nrf_log_saadc_logs_data_dynamic        0x20002be8   Data          12  nrf_drv_saadc.o(log_dynamic_data)
    m_nrf_log_balloc_logs_data_dynamic       0x20002bf4   Data          12  nrf_balloc.o(log_dynamic_data)
    m_nrf_log_nrf_sdh_logs_data_dynamic      0x20002c00   Data          12  nrf_sdh.o(log_dynamic_data)
    m_nrf_log_nrf_sdh_soc_logs_data_dynamic  0x20002c0c   Data          12  nrf_sdh_soc.o(log_dynamic_data)
    m_nrf_log_nrf_sdh_ble_logs_data_dynamic  0x20002c18   Data          12  nrf_sdh_ble.o(log_dynamic_data)
    m_feex_servive                           0x20002cbc   Data          48  periph_service.o(.bss)
    m_buffer_pool                            0x20002cec   Data          20  battery_check.o(.bss)
    read_flash_buf                           0x20002d00   Data          84  user_flash.o(.bss)
    flash_write_buf                          0x20002d54   Data          84  user_flash.o(.bss)
    StuHis                                   0x20002da8   Data          76  user_flash.o(.bss)
    nrf_nvic_state                           0x20003180   Data          12  app_util_platform.o(.bss)
    _SEGGER_RTT                              0x20003348   Data          72  segger_rtt.o(.bss)
    IapFlg                                   0x20003490   Data          12  nrf_dfu.o(.bss)
    __initial_sp                             0x20003cd0   Data           0  arm_startup_nrf52810.o(STACK)



==============================================================================

Memory Map of the image

  Image Entry point : 0x00018201

  Load Region LR_IROM1 (Base: 0x00018000, Size: 0x00006938, Max: 0x0000a000, ABSOLUTE, COMPRESSED[0x000067f0])

    Execution Region ER_IROM1 (Base: 0x00018000, Size: 0x000067d4, Max: 0x0000a000, ABSOLUTE)

    Base Addr    Size         Type   Attr      Idx    E Section Name        Object

    0x00018000   0x00000200   Data   RO         3942    RESET               arm_startup_nrf52810.o
    0x00018200   0x00000000   Code   RO         4450  * .ARM.Collect$$$$00000000  mc_w.l(entry.o)
    0x00018200   0x00000004   Code   RO         4728    .ARM.Collect$$$$00000001  mc_w.l(entry2.o)
    0x00018204   0x00000004   Code   RO         4731    .ARM.Collect$$$$00000004  mc_w.l(entry5.o)
    0x00018208   0x00000000   Code   RO         4733    .ARM.Collect$$$$00000008  mc_w.l(entry7b.o)
    0x00018208   0x00000000   Code   RO         4735    .ARM.Collect$$$$0000000A  mc_w.l(entry8b.o)
    0x00018208   0x00000008   Code   RO         4736    .ARM.Collect$$$$0000000B  mc_w.l(entry9a.o)
    0x00018210   0x00000000   Code   RO         4738    .ARM.Collect$$$$0000000D  mc_w.l(entry10a.o)
    0x00018210   0x00000000   Code   RO         4740    .ARM.Collect$$$$0000000F  mc_w.l(entry11a.o)
    0x00018210   0x00000004   Code   RO         4729    .ARM.Collect$$$$00002712  mc_w.l(entry2.o)
    0x00018214   0x000000c8   Code   RO         2980    .emb_text           nrf_atfifo.o
    0x000182dc   0x00000024   Code   RO         3943    .text               arm_startup_nrf52810.o
    0x00018300   0x00000062   Code   RO         4453    .text               mc_w.l(uldiv.o)
    0x00018362   0x00000024   Code   RO         4455    .text               mc_w.l(memcpya.o)
    0x00018386   0x00000024   Code   RO         4457    .text               mc_w.l(memseta.o)
    0x000183aa   0x0000000e   Code   RO         4459    .text               mc_w.l(strlen.o)
    0x000183b8   0x0000001a   Code   RO         4461    .text               mc_w.l(memcmp.o)
    0x000183d2   0x00000012   Code   RO         4463    .text               mc_w.l(strcpy.o)
    0x000183e4   0x00000012   Code   RO         1145    i.CheckAddr         in_flash_manage.o
    0x000183f6   0x00000004   Code   RO         2697    i.SWI0_EGU0_IRQHandler  app_timer.o
    0x000183fa   0x00000004   Code   RO         3515    i.SWI2_IRQHandler   nrf_sdh.o
    0x000183fe   0x00000002   Code   RO         4768    i.__scatterload_null  mc_w.l(handlers.o)
    0x00018400   0x00000003   Data   RO         1159    .ARM.__AT_0x00018400  in_flash_manage.o
    0x00018403   0x00000001   PAD
    0x00018404   0x0000001e   Code   RO         4744    .text               mc_w.l(llshl.o)
    0x00018422   0x00000020   Code   RO         4746    .text               mc_w.l(llushr.o)
    0x00018442   0x00000002   PAD
    0x00018444   0x00000024   Code   RO         4759    .text               mc_w.l(init.o)
    0x00018468   0x0000003a   Code   RO         4773    .text               mc_w.l(__dczerorl.o)
    0x000184a2   0x00000002   PAD
    0x000184a4   0x00000020   Code   RO          771    i.Cycletimers_increase  beacon2_adv.o
    0x000184c4   0x00000030   Code   RO         1146    i.EraseBoot         in_flash_manage.o
    0x000184f4   0x0000002c   Code   RO         3990    i.EraseBvkFlash     dfu.lib(nrf_dfu.o)
    0x00018520   0x0000001c   Code   RO         1251    i.Feed_WacthDog     wdt.o
    0x0001853c   0x00000030   Code   RO         1147    i.Flash_Erase_Page  in_flash_manage.o
    0x0001856c   0x00000024   Code   RO         1149    i.Flash_Write_World  in_flash_manage.o
    0x00018590   0x00000174   Code   RO         2005    i.GPIOTE_IRQHandler  nrf_drv_gpiote.o
    0x00018704   0x00000014   Code   RO         1150    i.InflashRead       in_flash_manage.o
    0x00018718   0x00000064   Code   RO          801    i.InitAdc           battery_check.o
    0x0001877c   0x0000001c   Code   RO         3991    i.IsRightBoard      dfu.lib(nrf_dfu.o)
    0x00018798   0x00000016   Code   RO         2692    i.NVIC_ClearPendingIRQ  app_timer.o
    0x000187ae   0x00000016   Code   RO         2693    i.NVIC_EnableIRQ    app_timer.o
    0x000187c4   0x00000016   Code   RO         2694    i.NVIC_SetPendingIRQ  app_timer.o
    0x000187da   0x00000020   Code   RO         2695    i.NVIC_SetPriority  app_timer.o
    0x000187fa   0x00000002   PAD
    0x000187fc   0x00000058   Code   RO         1803    i.POWER_CLOCK_IRQHandler  nrf_drv_clock.o
    0x00018854   0x00000138   Code   RO          531    i.Periph_service_send  periph_service.o
    0x0001898c   0x00000048   Code   RO          211    i.Platform_driver_init  driver_init.o
    0x000189d4   0x0000002c   Code   RO          212    i.Power_manager     driver_init.o
    0x00018a00   0x00000024   Code   RO         2696    i.RTC1_IRQHandler   app_timer.o
    0x00018a24   0x00000148   Code   RO         2409    i.SAADC_IRQHandler  nrf_drv_saadc.o
    0x00018b6c   0x0000003c   Code   RO         3751    i.SEGGER_RTT_Write  segger_rtt.o
    0x00018ba8   0x0000005c   Code   RO         3752    i.SEGGER_RTT_WriteNoLock  segger_rtt.o
    0x00018c04   0x00000016   Code   RO         3889    i.SEGGER_RTT_printf  segger_rtt_printf.o
    0x00018c1a   0x00000002   PAD
    0x00018c1c   0x000001a0   Code   RO         3890    i.SEGGER_RTT_vprintf  segger_rtt_printf.o
    0x00018dbc   0x00000044   Code   RO          802    i.StartAdc          battery_check.o
    0x00018e00   0x00000064   Code   RO          720    i.Sterilize_handle  beacon1_adv.o
    0x00018e64   0x00000048   Code   RO          721    i.Sterilize_set_counter_value  beacon1_adv.o
    0x00018eac   0x000002dc   Code   RO         3951    i.SystemInit        system_nrf52810.o
    0x00019188   0x00000010   Code   RO         2246    i.UARTE0_IRQHandler  nrf_drv_uart.o
    0x00019198   0x00000068   Code   RO         3755    i._DoInit           segger_rtt.o
    0x00019200   0x00000016   Code   RO         3756    i._GetAvailWriteSpace  segger_rtt.o
    0x00019216   0x00000002   PAD
    0x00019218   0x000000c6   Code   RO         3891    i._PrintInt         segger_rtt_printf.o
    0x000192de   0x00000002   PAD
    0x000192e0   0x000000d4   Code   RO         3892    i._PrintUnsigned    segger_rtt_printf.o
    0x000193b4   0x0000003e   Code   RO         3893    i._StoreChar        segger_rtt_printf.o
    0x000193f2   0x0000005a   Code   RO         3758    i._WriteBlocking    segger_rtt.o
    0x0001944c   0x0000003e   Code   RO         3759    i._WriteNoCheck     segger_rtt.o
    0x0001948a   0x00000002   PAD
    0x0001948c   0x00000028   Code   RO         4676    i.__0sprintf$8      mc_w.l(printf8.o)
    0x000194b4   0x0000000e   Code   RO         4767    i.__scatterload_copy  mc_w.l(handlers.o)
    0x000194c2   0x0000000e   Code   RO         4769    i.__scatterload_zeroinit  mc_w.l(handlers.o)
    0x000194d0   0x00000024   Code   RO         3516    i.__sd_nvic_app_accessible_irq  nrf_sdh.o
    0x000194f4   0x00000016   Code   RO         3517    i.__sd_nvic_is_app_accessible_priority  nrf_sdh.o
    0x0001950a   0x00000002   PAD
    0x0001950c   0x00000410   Code   RO         4681    i._printf_core      mc_w.l(printf8.o)
    0x0001991c   0x00000024   Code   RO         4682    i._printf_post_padding  mc_w.l(printf8.o)
    0x00019940   0x0000002e   Code   RO         4683    i._printf_pre_padding  mc_w.l(printf8.o)
    0x0001996e   0x0000000a   Code   RO         4685    i._sputc            mc_w.l(printf8.o)
    0x00019978   0x0000000c   Code   RO          440    i.adv_update_packet_byte  ble_adv.o
    0x00019984   0x0000012c   Code   RO         2570    i.app_error_fault_handler  app_error_weak.o
    0x00019ab0   0x00000018   Code   RO         2530    i.app_error_handler  app_error.o
    0x00019ac8   0x00000064   Code   RO         2532    i.app_error_save_and_stop  app_error.o
    0x00019b2c   0x00000028   Code   RO         2700    i.app_timer_create  app_timer.o
    0x00019b54   0x00000054   Code   RO         2701    i.app_timer_init    app_timer.o
    0x00019ba8   0x00000088   Code   RO         2704    i.app_timer_start   app_timer.o
    0x00019c30   0x00000020   Code   RO         2705    i.app_timer_stop    app_timer.o
    0x00019c50   0x00000048   Code   RO         2867    i.app_util_critical_region_enter  app_util_platform.o
    0x00019c98   0x00000034   Code   RO         2868    i.app_util_critical_region_exit  app_util_platform.o
    0x00019ccc   0x0000014e   Code   RO         1762    i.battery_level_char_add  ble_bas.o
    0x00019e1a   0x00000002   PAD
    0x00019e1c   0x0000008c   Code   RO          298    i.battery_service_Init  ble_init.o
    0x00019ea8   0x000000b4   Code   RO          299    i.ble_Init          ble_init.o
    0x00019f5c   0x0000010c   Code   RO          441    i.ble_adv_start     ble_adv.o
    0x0001a068   0x00000058   Code   RO          442    i.ble_adv_stop      ble_adv.o
    0x0001a0c0   0x0000007a   Code   RO         1763    i.ble_bas_battery_level_update  ble_bas.o
    0x0001a13a   0x00000002   PAD
    0x0001a13c   0x00000018   Code   RO          300    i.ble_bas_battery_update  ble_init.o
    0x0001a154   0x00000044   Code   RO         1764    i.ble_bas_init      ble_bas.o
    0x0001a198   0x00000170   Code   RO          612    i.ble_commd_analyze  ble_data.o
    0x0001a308   0x00000068   Code   RO         1377    i.ble_conn_params_init  ble_conn_params.o
    0x0001a370   0x00000024   Code   RO         1378    i.ble_conn_params_stop  ble_conn_params.o
    0x0001a394   0x0000008c   Code   RO         4315    i.ble_dfu_init      dfu.lib(ble_dfu.o)
    0x0001a420   0x0000008a   Code   RO         4316    i.ble_dfu_on_ble_evt  dfu.lib(ble_dfu.o)
    0x0001a4aa   0x00000002   PAD
    0x0001a4ac   0x00000070   Code   RO         4317    i.ble_dfu_pkts_rcpt_notify  dfu.lib(ble_dfu.o)
    0x0001a51c   0x00000060   Code   RO         4318    i.ble_dfu_response_send  dfu.lib(ble_dfu.o)
    0x0001a57c   0x0000012c   Code   RO         1721    i.ble_dis_init      ble_dis.o
    0x0001a6a8   0x00000014   Code   RO          665    i.ble_disconnect    ble_comm.o
    0x0001a6bc   0x00000158   Code   RO          301    i.ble_evt_handler   ble_init.o
    0x0001a814   0x000000fc   Code   RO         1379    i.ble_evt_handler   ble_conn_params.o
    0x0001a910   0x00000124   Code   RO         1470    i.ble_evt_handler   ble_conn_state.o
    0x0001aa34   0x00000078   Code   RO          532    i.ble_feex_init     periph_service.o
    0x0001aaac   0x0000008c   Code   RO          666    i.ble_mac_init      ble_comm.o
    0x0001ab38   0x00000012   Code   RO         1591    i.ble_srv_ascii_to_utf8  ble_srv_common.o
    0x0001ab4a   0x00000008   Code   RO         1593    i.ble_srv_is_notification_enabled  ble_srv_common.o
    0x0001ab52   0x0000000c   Code   RO         1594    i.ble_srv_report_ref_encode  ble_srv_common.o
    0x0001ab5e   0x00000002   PAD
    0x0001ab60   0x00000058   Code   RO          302    i.ble_stack_init    ble_init.o
    0x0001abb8   0x00000064   Code   RO         1151    i.boot_to_new_appilacation  in_flash_manage.o
    0x0001ac1c   0x00000010   Code   RO         3993    i.call_by_sys       dfu.lib(nrf_dfu.o)
    0x0001ac2c   0x00000010   Code   RO         1152    i.call_by_sys_flash_manage  in_flash_manage.o
    0x0001ac3c   0x0000001c   Code   RO         2006    i.channel_free      nrf_drv_gpiote.o
    0x0001ac58   0x00000048   Code   RO         2007    i.channel_port_alloc  nrf_drv_gpiote.o
    0x0001aca0   0x00000010   Code   RO         2008    i.channel_port_get  nrf_drv_gpiote.o
    0x0001acb0   0x000000dc   Code   RO         1722    i.char_add          ble_dis.o
    0x0001ad8c   0x00000020   Code   RO         3994    i.check_crc         dfu.lib(nrf_dfu.o)
    0x0001adac   0x00000008   Code   RO         3995    i.check_is_right_firmware  dfu.lib(nrf_dfu.o)
    0x0001adb4   0x00000058   Code   RO         1095    i.check_key_press   key.o
    0x0001ae0c   0x00000028   Code   RO         3996    i.check_out_data    dfu.lib(nrf_dfu.o)
    0x0001ae34   0x00000028   Code   RO         1804    i.clock_clk_started_notify  nrf_drv_clock.o
    0x0001ae5c   0x000000ac   Code   RO         2707    i.compare_reg_update  app_timer.o
    0x0001af08   0x00000028   Code   RO          303    i.conn_params_error_handler  ble_init.o
    0x0001af30   0x00000048   Code   RO         1380    i.conn_params_negotiation  ble_conn_params.o
    0x0001af78   0x00000036   Code   RO         3997    i.crc16_compute_dfu  dfu.lib(nrf_dfu.o)
    0x0001afae   0x0000001a   Code   RO         1278    i.delay_ms          utility.o
    0x0001afc8   0x0000000c   Code   RO         1279    i.delay_us          utility.o
    0x0001afd4   0x0000008c   Code   RO         1096    i.device_OnOff_manage  key.o
    0x0001b060   0x0000009c   Code   RO         4319    i.dfu_ctrl_pt_add   dfu.lib(ble_dfu.o)
    0x0001b0fc   0x0000009c   Code   RO         4320    i.dfu_pkt_char_add  dfu.lib(ble_dfu.o)
    0x0001b198   0x0000000c   Code   RO         3998    i.dfu_prepare_space  dfu.lib(nrf_dfu.o)
    0x0001b1a4   0x00000010   Code   RO         3999    i.dfu_que_in        dfu.lib(nrf_dfu.o)
    0x0001b1b4   0x00000018   Code   RO         4000    i.dfu_que_init      dfu.lib(nrf_dfu.o)
    0x0001b1cc   0x00000020   Code   RO         4001    i.dfu_que_out       dfu.lib(nrf_dfu.o)
    0x0001b1ec   0x0000009e   Code   RO         4321    i.dfu_rev_char_add  dfu.lib(ble_dfu.o)
    0x0001b28a   0x00000002   PAD
    0x0001b28c   0x0000000c   Code   RO         4002    i.dfu_transport_callby_irq  dfu.lib(nrf_dfu.o)
    0x0001b298   0x00000058   Code   RO         4003    i.dfu_transport_init  dfu.lib(nrf_dfu.o)
    0x0001b2f0   0x00000030   Code   RO         4004    i.dfu_write_flash   dfu.lib(nrf_dfu.o)
    0x0001b320   0x000000f0   Code   RO          304    i.dis_service_init  ble_init.o
    0x0001b410   0x00000040   Code   RO         2708    i.elapsed_ticks_acquire  app_timer.o
    0x0001b450   0x00000088   Code   RO          533    i.enable_feex_ccfg  periph_service.o
    0x0001b4d8   0x0000008c   Code   RO         1052    i.enable_pin_irq    gpio_init.o
    0x0001b564   0x0000004e   Code   RO         3164    i.event_send        nrf_fstorage_sd.o
    0x0001b5b2   0x000000fc   Code   RO          534    i.feex_char_add     periph_service.o
    0x0001b6ae   0x00000002   PAD
    0x0001b6b0   0x0000002c   Code   RO         1153    i.flash_nvic_word_write  in_flash_manage.o
    0x0001b6dc   0x00000030   Code   RO          722    i.g_Beacon1_adv     beacon1_adv.o
    0x0001b70c   0x00000034   Code   RO          772    i.g_Beacon2_adv     beacon2_adv.o
    0x0001b740   0x0000003e   Code   RO          613    i.g_send_cmd        ble_data.o
    0x0001b77e   0x00000002   PAD
    0x0001b780   0x00000058   Code   RO          305    i.gatt_evt_handler  ble_init.o
    0x0001b7d8   0x00000058   Code   RO          306    i.gatt_init         ble_init.o
    0x0001b830   0x0000000c   Code   RO          723    i.get_Sterilize_byte  beacon1_adv.o
    0x0001b83c   0x0000000c   Code   RO          803    i.get_battery_level  battery_check.o
    0x0001b848   0x0000000c   Code   RO         1097    i.get_device_sta    key.o
    0x0001b854   0x0000000c   Code   RO          307    i.get_m_conn_handle  ble_init.o
    0x0001b860   0x0000000e   Code   RO         2709    i.get_time_escape_ms  app_timer.o
    0x0001b86e   0x00000002   PAD
    0x0001b870   0x00000060   Code   RO          443    i.iBeacon_adv       ble_adv.o
    0x0001b8d0   0x0000006c   Code   RO          444    i.iBeacon_rsp_pack_set  ble_adv.o
    0x0001b93c   0x0000001c   Code   RO         4005    i.init_update       dfu.lib(nrf_dfu.o)
    0x0001b958   0x00000014   Code   RO         1381    i.instance_get      ble_conn_params.o
    0x0001b96c   0x00000018   Code   RO          308    i.is_ble_connect    ble_init.o
    0x0001b984   0x00000044   Code   RO         1382    i.is_conn_params_ok  ble_conn_params.o
    0x0001b9c8   0x00000008   Code   RO         1098    i.key_Init          key.o
    0x0001b9d0   0x0000002c   Code   RO          988    i.led_ctrl          led_manage.o
    0x0001b9fc   0x00000010   Code   RO          989    i.led_init          led_manage.o
    0x0001ba0c   0x00000048   Code   RO          990    i.led_timer_init    led_manage.o
    0x0001ba54   0x00000098   Code   RO          991    i.led_timer_manage  led_manage.o
    0x0001baec   0x00000010   Code   RO          992    i.led_timer_timeout  led_manage.o
    0x0001bafc   0x00000028   Code   RO         1807    i.lfclk_stop        nrf_drv_clock.o
    0x0001bb24   0x0000000e   Code   RO         1650    i.link_init         nrf_ble_gatt.o
    0x0001bb32   0x00000002   PAD
    0x0001bb34   0x000000f8   Code   RO         2710    i.list_insertions_handler  app_timer.o
    0x0001bc2c   0x000000fc   Code   RO            5    i.main              main.o
    0x0001bd28   0x00000016   Code   RO         2986    i.nrf_atfifo_item_free  nrf_atfifo.o
    0x0001bd3e   0x00000016   Code   RO         2987    i.nrf_atfifo_item_get  nrf_atfifo.o
    0x0001bd54   0x00000010   Code   RO         2009    i.nrf_bitmask_bit_is_set  nrf_drv_gpiote.o
    0x0001bd64   0x00000014   Code   RO         1652    i.nrf_ble_gatt_att_mtu_periph_set  nrf_ble_gatt.o
    0x0001bd78   0x00000022   Code   RO         1654    i.nrf_ble_gatt_init  nrf_ble_gatt.o
    0x0001bd9a   0x00000002   PAD
    0x0001bd9c   0x0000010c   Code   RO         1655    i.nrf_ble_gatt_on_ble_evt  nrf_ble_gatt.o
    0x0001bea8   0x0000000e   Code   RO         1808    i.nrf_clock_event_check  nrf_drv_clock.o
    0x0001beb6   0x00000010   Code   RO         1809    i.nrf_clock_event_clear  nrf_drv_clock.o
    0x0001bec6   0x0000000a   Code   RO         4006    i.nrf_delay_ms      dfu.lib(nrf_dfu.o)
    0x0001bed0   0x0000008c   Code   RO          445    i.nrf_delay_us      ble_adv.o
    0x0001bf5c   0x0000008c   Code   RO          805    i.nrf_delay_us      battery_check.o
    0x0001bfe8   0x0000008c   Code   RO         1154    i.nrf_delay_us      in_flash_manage.o
    0x0001c074   0x0000008c   Code   RO         2711    i.nrf_delay_us      app_timer.o
    0x0001c100   0x0000008c   Code   RO         4007    i.nrf_delay_us      dfu.lib(nrf_dfu.o)
    0x0001c18c   0x00000048   Code   RO         1816    i.nrf_drv_clock_init  nrf_drv_clock.o
    0x0001c1d4   0x0000002c   Code   RO         1820    i.nrf_drv_clock_lfclk_release  nrf_drv_clock.o
    0x0001c200   0x00000038   Code   RO         1969    i.nrf_drv_common_irq_enable  nrf_drv_common.o
    0x0001c238   0x00000048   Code   RO         2013    i.nrf_drv_gpiote_in_event_disable  nrf_drv_gpiote.o
    0x0001c280   0x000000a4   Code   RO         2014    i.nrf_drv_gpiote_in_event_enable  nrf_drv_gpiote.o
    0x0001c324   0x000000b8   Code   RO         2015    i.nrf_drv_gpiote_in_init  nrf_drv_gpiote.o
    0x0001c3dc   0x00000048   Code   RO         2017    i.nrf_drv_gpiote_in_uninit  nrf_drv_gpiote.o
    0x0001c424   0x0000005c   Code   RO         2018    i.nrf_drv_gpiote_init  nrf_drv_gpiote.o
    0x0001c480   0x00000014   Code   RO         2019    i.nrf_drv_gpiote_is_init  nrf_drv_gpiote.o
    0x0001c494   0x000000a4   Code   RO         2410    i.nrf_drv_saadc_buffer_convert  nrf_drv_saadc.o
    0x0001c538   0x00000060   Code   RO         2411    i.nrf_drv_saadc_channel_init  nrf_drv_saadc.o
    0x0001c598   0x0000008c   Code   RO         2412    i.nrf_drv_saadc_init  nrf_drv_saadc.o
    0x0001c624   0x00000010   Code   RO         2413    i.nrf_drv_saadc_is_busy  nrf_drv_saadc.o
    0x0001c634   0x0000002c   Code   RO         2414    i.nrf_drv_saadc_sample  nrf_drv_saadc.o
    0x0001c660   0x00000018   Code   RO         3167    i.nrf_fstorage_sdh_req_handler  nrf_fstorage_sd.o
    0x0001c678   0x00000020   Code   RO         3168    i.nrf_fstorage_sdh_state_handler  nrf_fstorage_sd.o
    0x0001c698   0x000000a4   Code   RO         3169    i.nrf_fstorage_sys_evt_handler  nrf_fstorage_sd.o
    0x0001c73c   0x00000024   Code   RO         2033    i.nrf_gpio_cfg      nrf_drv_gpiote.o
    0x0001c760   0x00000012   Code   RO         2034    i.nrf_gpio_cfg_default  nrf_drv_gpiote.o
    0x0001c772   0x00000022   Code   RO         2035    i.nrf_gpio_cfg_sense_set  nrf_drv_gpiote.o
    0x0001c794   0x00000016   Code   RO          993    i.nrf_gpio_pin_write  led_manage.o
    0x0001c7aa   0x00000016   Code   RO         4008    i.nrf_gpio_pin_write  dfu.lib(nrf_dfu.o)
    0x0001c7c0   0x00000028   Code   RO         2036    i.nrf_gpio_ports_read  nrf_drv_gpiote.o
    0x0001c7e8   0x00000014   Code   RO         2037    i.nrf_gpiote_event_clear  nrf_drv_gpiote.o
    0x0001c7fc   0x00000010   Code   RO         2038    i.nrf_gpiote_event_is_set  nrf_drv_gpiote.o
    0x0001c80c   0x00000010   Code   RO         2416    i.nrf_saadc_buffer_init  nrf_drv_saadc.o
    0x0001c81c   0x00000068   Code   RO         2503    i.nrf_saadc_channel_init  nrf_saadc.o
    0x0001c884   0x00000014   Code   RO         2417    i.nrf_saadc_channel_input_set  nrf_drv_saadc.o
    0x0001c898   0x00000010   Code   RO         2418    i.nrf_saadc_event_check  nrf_drv_saadc.o
    0x0001c8a8   0x00000014   Code   RO         2419    i.nrf_saadc_event_clear  nrf_drv_saadc.o
    0x0001c8bc   0x00000018   Code   RO         3683    i.nrf_sdh_ble_app_ram_start_get  nrf_sdh_ble.o
    0x0001c8d4   0x00000098   Code   RO         3684    i.nrf_sdh_ble_default_cfg_set  nrf_sdh_ble.o
    0x0001c96c   0x000000c4   Code   RO         3685    i.nrf_sdh_ble_enable  nrf_sdh_ble.o
    0x0001ca30   0x00000098   Code   RO         3686    i.nrf_sdh_ble_evts_poll  nrf_sdh_ble.o
    0x0001cac8   0x0000003c   Code   RO         3518    i.nrf_sdh_disable_request  nrf_sdh.o
    0x0001cb04   0x00000054   Code   RO         3519    i.nrf_sdh_enable_request  nrf_sdh.o
    0x0001cb58   0x00000024   Code   RO         3520    i.nrf_sdh_evts_poll  nrf_sdh.o
    0x0001cb7c   0x0000000c   Code   RO         3521    i.nrf_sdh_is_enabled  nrf_sdh.o
    0x0001cb88   0x0000001c   Code   RO         3523    i.nrf_sdh_request_continue  nrf_sdh.o
    0x0001cba4   0x00000070   Code   RO         3651    i.nrf_sdh_soc_evts_poll  nrf_sdh_soc.o
    0x0001cc14   0x0000000a   Code   RO         3279    i.nrf_section_iter_init  nrf_section_iter.o
    0x0001cc1e   0x00000024   Code   RO         3280    i.nrf_section_iter_item_set  nrf_section_iter.o
    0x0001cc42   0x00000020   Code   RO         3281    i.nrf_section_iter_next  nrf_section_iter.o
    0x0001cc62   0x00000002   PAD
    0x0001cc64   0x00000020   Code   RO          309    i.nrf_stack_evt     ble_init.o
    0x0001cc84   0x00000038   Code   RO         3482    i.nrf_strerror_find  nrf_strerror.o
    0x0001ccbc   0x00000014   Code   RO         3483    i.nrf_strerror_get  nrf_strerror.o
    0x0001ccd0   0x0000000a   Code   RO         2265    i.nrf_uarte_event_check  nrf_drv_uart.o
    0x0001ccda   0x0000000c   Code   RO         2266    i.nrf_uarte_event_clear  nrf_drv_uart.o
    0x0001cce6   0x00000002   PAD
    0x0001cce8   0x00000040   Code   RO          310    i.on_conn_params_evt  ble_init.o
    0x0001cd28   0x000000f8   Code   RO         4322    i.on_ctrl_pt_write  dfu.lib(ble_dfu.o)
    0x0001ce20   0x000000a0   Code   RO         4009    i.on_dfu_evt        dfu.lib(nrf_dfu.o)
    0x0001cec0   0x00000034   Code   RO         4010    i.on_dfu_pkt_write  dfu.lib(nrf_dfu.o)
    0x0001cef4   0x00000044   Code   RO          535    i.periph_service_on_ble_evt  periph_service.o
    0x0001cf38   0x00000018   Code   RO         2039    i.pin_in_use_by_port  nrf_drv_gpiote.o
    0x0001cf50   0x00000018   Code   RO         2040    i.pin_in_use_by_te  nrf_drv_gpiote.o
    0x0001cf68   0x00000038   Code   RO         1053    i.pin_irq_handle    gpio_init.o
    0x0001cfa0   0x00000070   Code   RO         1723    i.pnp_id_encode     ble_dis.o
    0x0001d010   0x0000002c   Code   RO         4414    i.queue_dt_delete   dfu.lib(fifo_bytes.o)
    0x0001d03c   0x00000054   Code   RO         4415    i.queue_dt_in       dfu.lib(fifo_bytes.o)
    0x0001d090   0x00000016   Code   RO         4416    i.queue_dt_init     dfu.lib(fifo_bytes.o)
    0x0001d0a6   0x0000002c   Code   RO         4417    i.queue_dt_out      dfu.lib(fifo_bytes.o)
    0x0001d0d2   0x00000002   PAD
    0x0001d0d4   0x00000098   Code   RO         3170    i.queue_process     nrf_fstorage_sd.o
    0x0001d16c   0x00000010   Code   RO         3687    i.ram_end_address_get  nrf_sdh_ble.o
    0x0001d17c   0x00000038   Code   RO          806    i.read_battery      battery_check.o
    0x0001d1b4   0x000000e4   Code   RO          880    i.read_user_flash   user_flash.o
    0x0001d298   0x0000003c   Code   RO         2712    i.rtc1_stop         app_timer.o
    0x0001d2d4   0x00000018   Code   RO         2267    i.rx_done_event     nrf_drv_uart.o
    0x0001d2ec   0x00000034   Code   RO          807    i.saadc_callback    battery_check.o
    0x0001d320   0x0000000c   Code   RO          881    i.save_user_flash   user_flash.o
    0x0001d32c   0x00000042   Code   RO         3526    i.sd_nvic_SetPriority  nrf_sdh.o
    0x0001d36e   0x00000002   PAD
    0x0001d370   0x00000054   Code   RO         1823    i.sd_state_evt_handler  nrf_drv_clock.o
    0x0001d3c4   0x00000030   Code   RO         3527    i.sdh_request_observer_notify  nrf_sdh.o
    0x0001d3f4   0x0000002c   Code   RO         3528    i.sdh_state_observer_notify  nrf_sdh.o
    0x0001d420   0x00000044   Code   RO         3355    i.sdk_mapped_flags_bulk_update_by_key  sdk_mapped_flags.o
    0x0001d464   0x00000022   Code   RO         3356    i.sdk_mapped_flags_first_key_index_get  sdk_mapped_flags.o
    0x0001d486   0x00000010   Code   RO         3357    i.sdk_mapped_flags_get_by_index  sdk_mapped_flags.o
    0x0001d496   0x0000004a   Code   RO         3360    i.sdk_mapped_flags_key_list_get  sdk_mapped_flags.o
    0x0001d4e0   0x0000000e   Code   RO         3362    i.sdk_mapped_flags_update_by_key  sdk_mapped_flags.o
    0x0001d4ee   0x00000002   PAD
    0x0001d4f0   0x00000010   Code   RO         1383    i.send_error_evt    ble_conn_params.o
    0x0001d500   0x0000002c   Code   RO         4011    i.service_error_handler  dfu.lib(nrf_dfu.o)
    0x0001d52c   0x0000003c   Code   RO          724    i.set_Sterilize_byte  beacon1_adv.o
    0x0001d568   0x0000000c   Code   RO          446    i.set_ble_start     ble_adv.o
    0x0001d574   0x0000000a   Code   RO         1824    i.soc_evt_handler   nrf_drv_clock.o
    0x0001d57e   0x00000002   PAD
    0x0001d580   0x00000068   Code   RO         3529    i.softdevice_evt_irq_disable  nrf_sdh.o
    0x0001d5e8   0x00000080   Code   RO         3530    i.softdevices_evt_irq_enable  nrf_sdh.o
    0x0001d668   0x00000054   Code   RO          994    i.start_timer       led_manage.o
    0x0001d6bc   0x00000018   Code   RO         1099    i.stop_adv_mode     key.o
    0x0001d6d4   0x0000005c   Code   RO         3531    i.swi_interrupt_priority_workaround  nrf_sdh.o
    0x0001d730   0x00000080   Code   RO         1724    i.sys_id_encode     ble_dis.o
    0x0001d7b0   0x0000000c   Code   RO          934    i.system_timer_Hand  system_time.o
    0x0001d7bc   0x0000004c   Code   RO          935    i.system_timer_init  system_time.o
    0x0001d808   0x0000004c   Code   RO          936    i.system_timer_start  system_time.o
    0x0001d854   0x00000024   Code   RO          447    i.task_adv_update   ble_adv.o
    0x0001d878   0x00000028   Code   RO          448    i.task_ble_adv_start  ble_adv.o
    0x0001d8a0   0x00000048   Code   RO          669    i.task_ble_tx_power  ble_comm.o
    0x0001d8e8   0x00000290   Code   RO         4012    i.task_dfu_upfile   dfu.lib(nrf_dfu.o)
    0x0001db78   0x0000006c   Code   RO          808    i.task_read_battery  battery_check.o
    0x0001dbe4   0x0000001c   Code   RO          882    i.task_save_flash   user_flash.o
    0x0001dc00   0x00000028   Code   RO          938    i.task_system_timer  system_time.o
    0x0001dc28   0x00000080   Code   RO         2713    i.timer_list_handler  app_timer.o
    0x0001dca8   0x0000003c   Code   RO         2714    i.timer_list_insert  app_timer.o
    0x0001dce4   0x00000060   Code   RO         2715    i.timer_list_remove  app_timer.o
    0x0001dd44   0x00000048   Code   RO         2716    i.timer_stop_op_schedule  app_timer.o
    0x0001dd8c   0x00000074   Code   RO         2717    i.timer_timeouts_check  app_timer.o
    0x0001de00   0x000000f8   Code   RO         2268    i.uarte_irq_handler  nrf_drv_uart.o
    0x0001def8   0x00000012   Code   RO         4323    i.uint32_encode     dfu.lib(ble_dfu.o)
    0x0001df0a   0x00000002   PAD
    0x0001df0c   0x00000068   Code   RO         1384    i.update_timeout_handler  ble_conn_params.o
    0x0001df74   0x000000ac   Code   RO          883    i.user_data_init    user_flash.o
    0x0001e020   0x00000030   Code   RO         2718    i.user_op_alloc     app_timer.o
    0x0001e050   0x00000048   Code   RO          536    i.user_service_init  periph_service.o
    0x0001e098   0x00000028   Code   RO         1158    i.wait_after_operation  in_flash_manage.o
    0x0001e0c0   0x00000048   Code   RO         1252    i.watchdog_init     wdt.o
    0x0001e108   0x00000088   Code   RO          884    i.write_user_flash  user_flash.o
    0x0001e190   0x00000010   Data   RO          538    .constdata          periph_service.o
    0x0001e1a0   0x00000009   Data   RO          810    .constdata          battery_check.o
    0x0001e1a9   0x00000003   PAD
    0x0001e1ac   0x00000004   Data   RO          940    .constdata          system_time.o
    0x0001e1b0   0x00000004   Data   RO          996    .constdata          led_manage.o
    0x0001e1b4   0x00000004   Data   RO         1054    .constdata          gpio_init.o
    0x0001e1b8   0x0000000e   Data   RO         1656    .constdata          nrf_ble_gatt.o
    0x0001e1c6   0x00000002   PAD
    0x0001e1c8   0x00000004   Data   RO         2042    .constdata          nrf_drv_gpiote.o
    0x0001e1cc   0x00000004   Data   RO         2421    .constdata          nrf_drv_saadc.o
    0x0001e1d0   0x00000010   Data   RO         3179    .constdata          nrf_fstorage_sd.o
    0x0001e1e0   0x00000104   Data   RO         3484    .constdata          nrf_strerror.o
    0x0001e2e4   0x00000010   Data   RO         3532    .constdata          nrf_sdh.o
    0x0001e2f4   0x00000028   Data   RO         3533    .constdata          nrf_sdh.o
    0x0001e31c   0x00000010   Data   RO         3534    .constdata          nrf_sdh.o
    0x0001e32c   0x00000010   Data   RO         3535    .constdata          nrf_sdh.o
    0x0001e33c   0x00000010   Data   RO         3652    .constdata          nrf_sdh_soc.o
    0x0001e34c   0x0000000c   Data   RO         3653    .constdata          nrf_sdh_soc.o
    0x0001e358   0x00000030   Data   RO         3688    .constdata          nrf_sdh_ble.o
    0x0001e388   0x00000010   Data   RO         3895    .constdata          segger_rtt_printf.o
    0x0001e398   0x00000010   Data   RO         4324    .constdata          dfu.lib(ble_dfu.o)
    0x0001e3a8   0x00000307   Data   RO         3485    .conststring        nrf_strerror.o
    0x0001e6af   0x00000001   PAD
    0x0001e6b0   0x00000009   Data   RO         1657    .conststrlit        nrf_ble_gatt.o
    0x0001e6b9   0x00000003   PAD
    0x0001e6bc   0x00000006   Data   RO         1826    .conststrlit        nrf_drv_clock.o
    0x0001e6c2   0x00000002   PAD
    0x0001e6c4   0x00000007   Data   RO         2043    .conststrlit        nrf_drv_gpiote.o
    0x0001e6cb   0x00000001   PAD
    0x0001e6cc   0x00000005   Data   RO         2270    .conststrlit        nrf_drv_uart.o
    0x0001e6d1   0x00000003   PAD
    0x0001e6d4   0x00000006   Data   RO         2423    .conststrlit        nrf_drv_saadc.o
    0x0001e6da   0x00000002   PAD
    0x0001e6dc   0x00000007   Data   RO         3056    .conststrlit        nrf_balloc.o
    0x0001e6e3   0x00000001   PAD
    0x0001e6e4   0x00000008   Data   RO         3536    .conststrlit        nrf_sdh.o
    0x0001e6ec   0x0000000c   Data   RO         3654    .conststrlit        nrf_sdh_soc.o
    0x0001e6f8   0x0000000c   Data   RO         3689    .conststrlit        nrf_sdh_ble.o
    0x0001e704   0x00000020   Data   RO         4765    Region$$Table       anon$$obj.o
    0x0001e724   0x00000008   Data   RO         1658    log_const_data      nrf_ble_gatt.o
    0x0001e72c   0x00000008   Data   RO         1827    log_const_data      nrf_drv_clock.o
    0x0001e734   0x00000008   Data   RO         2044    log_const_data      nrf_drv_gpiote.o
    0x0001e73c   0x00000008   Data   RO         2271    log_const_data      nrf_drv_uart.o
    0x0001e744   0x00000008   Data   RO         2424    log_const_data      nrf_drv_saadc.o
    0x0001e74c   0x00000008   Data   RO         3057    log_const_data      nrf_balloc.o
    0x0001e754   0x00000008   Data   RO         3538    log_const_data      nrf_sdh.o
    0x0001e75c   0x00000008   Data   RO         3655    log_const_data      nrf_sdh_soc.o
    0x0001e764   0x00000008   Data   RO         3691    log_const_data      nrf_sdh_ble.o
    0x0001e76c   0x00000008   Data   RO         1473    sdh_ble_observers0  ble_conn_state.o
    0x0001e774   0x00000008   Data   RO          313    sdh_ble_observers1  ble_init.o
    0x0001e77c   0x00000008   Data   RO         1387    sdh_ble_observers1  ble_conn_params.o
    0x0001e784   0x00000008   Data   RO          314    sdh_ble_observers3  ble_init.o
    0x0001e78c   0x00000008   Data   RO         3182    sdh_req_observers0  nrf_fstorage_sd.o
    0x0001e794   0x00000010   Data   RO          315    sdh_soc_observers0  ble_init.o
    0x0001e7a4   0x00000008   Data   RO         1829    sdh_soc_observers0  nrf_drv_clock.o
    0x0001e7ac   0x00000008   Data   RO         3183    sdh_soc_observers0  nrf_fstorage_sd.o
    0x0001e7b4   0x00000008   Data   RO         3657    sdh_stack_observers0  nrf_sdh_soc.o
    0x0001e7bc   0x00000008   Data   RO         3693    sdh_stack_observers0  nrf_sdh_ble.o
    0x0001e7c4   0x00000008   Data   RO         1830    sdh_state_observers0  nrf_drv_clock.o
    0x0001e7cc   0x00000008   Data   RO         3184    sdh_state_observers0  nrf_fstorage_sd.o


    Execution Region RW_IRAM1 (Base: 0x20002ac0, Size: 0x00001210, Max: 0x00005540, ABSOLUTE, COMPRESSED[0x0000001c])

    Base Addr    Size         Type   Attr      Idx    E Section Name        Object

    0x20002ac0   0x00000001   Data   RW            6    .data               main.o
    0x20002ac1   0x00000001   Data   RW            7    .data               main.o
    0x20002ac2   0x00000001   Data   RW            8    .data               main.o
    0x20002ac3   0x00000001   PAD
    0x20002ac4   0x00000002   Data   RW          312    .data               ble_init.o
    0x20002ac6   0x00000018   Data   RW          451    .data               ble_adv.o
    0x20002ade   0x00000001   Data   RW          539    .data               periph_service.o
    0x20002adf   0x00000008   Data   RW          670    .data               ble_comm.o
    0x20002ae7   0x00000001   PAD
    0x20002ae8   0x00000008   Data   RW          725    .data               beacon1_adv.o
    0x20002af0   0x00000010   Data   RW          811    .data               battery_check.o
    0x20002b00   0x00000002   Data   RW          886    .data               user_flash.o
    0x20002b02   0x00000001   Data   RW          941    .data               system_time.o
    0x20002b03   0x00000001   PAD
    0x20002b04   0x0000000a   Data   RW          997    .data               led_manage.o
    0x20002b0e   0x00000001   Data   RW         1055    .data               gpio_init.o
    0x20002b0f   0x00000005   Data   RW         1100    .data               key.o
    0x20002b14   0x00000001   Data   RW         1160    .data               in_flash_manage.o
    0x20002b15   0x00000001   PAD
    0x20002b16   0x00000008   Data   RW         1386    .data               ble_conn_params.o
    0x20002b1e   0x0000004a   Data   RW         1725    .data               ble_dis.o
    0x20002b68   0x00000014   Data   RW         2720    .data               app_timer.o
    0x20002b7c   0x00000008   Data   RW         3181    .data               nrf_fstorage_sd.o
    0x20002b84   0x00000003   Data   RW         3537    .data               nrf_sdh.o
    0x20002b87   0x00000001   PAD
    0x20002b88   0x00000004   Data   RW         3690    .data               nrf_sdh_ble.o
    0x20002b8c   0x00000004   Data   RW         3952    .data               system_nrf52810.o
    0x20002b90   0x00000020   Data   RW         4014    .data               dfu.lib(nrf_dfu.o)
    0x20002bb0   0x00000008   Data   RW         4325    .data               dfu.lib(ble_dfu.o)
    0x20002bb8   0x0000000c   Data   RW         1659    log_dynamic_data    nrf_ble_gatt.o
    0x20002bc4   0x0000000c   Data   RW         1828    log_dynamic_data    nrf_drv_clock.o
    0x20002bd0   0x0000000c   Data   RW         2045    log_dynamic_data    nrf_drv_gpiote.o
    0x20002bdc   0x0000000c   Data   RW         2272    log_dynamic_data    nrf_drv_uart.o
    0x20002be8   0x0000000c   Data   RW         2425    log_dynamic_data    nrf_drv_saadc.o
    0x20002bf4   0x0000000c   Data   RW         3058    log_dynamic_data    nrf_balloc.o
    0x20002c00   0x0000000c   Data   RW         3539    log_dynamic_data    nrf_sdh.o
    0x20002c0c   0x0000000c   Data   RW         3656    log_dynamic_data    nrf_sdh_soc.o
    0x20002c18   0x0000000c   Data   RW         3692    log_dynamic_data    nrf_sdh_ble.o
    0x20002c24   0x00000048   Zero   RW          311    .bss                ble_init.o
    0x20002c6c   0x00000050   Zero   RW          449    .bss                ble_adv.o
    0x20002cbc   0x00000030   Zero   RW          537    .bss                periph_service.o
    0x20002cec   0x00000014   Zero   RW          809    .bss                battery_check.o
    0x20002d00   0x000000f4   Zero   RW          885    .bss                user_flash.o
    0x20002df4   0x00000020   Zero   RW          939    .bss                system_time.o
    0x20002e14   0x00000020   Zero   RW          995    .bss                led_manage.o
    0x20002e34   0x00000050   Zero   RW         1385    .bss                ble_conn_params.o
    0x20002e84   0x000000b8   Zero   RW         1472    .bss                ble_conn_state.o
    0x20002f3c   0x00000014   Zero   RW         1825    .bss                nrf_drv_clock.o
    0x20002f50   0x00000058   Zero   RW         2041    .bss                nrf_drv_gpiote.o
    0x20002fa8   0x0000001c   Zero   RW         2269    .bss                nrf_drv_uart.o
    0x20002fc4   0x00000030   Zero   RW         2420    .bss                nrf_drv_saadc.o
    0x20002ff4   0x00000020   Zero   RW         2533    .bss                app_error.o
    0x20003014   0x0000016c   Zero   RW         2719    .bss                app_timer.o
    0x20003180   0x0000000c   Zero   RW         2873    .bss                app_util_platform.o
    0x2000318c   0x000000a0   Zero   RW         3177    .bss                nrf_fstorage_sd.o
    0x2000322c   0x00000010   Zero   RW         3178    .bss                nrf_fstorage_sd.o
    0x2000323c   0x00000154   Zero   RW         3760    .bss                segger_rtt.o
    0x20003390   0x00000100   Zero   RW         3894    .bss                segger_rtt_printf.o
    0x20003490   0x0000003c   Zero   RW         4013    .bss                dfu.lib(nrf_dfu.o)
    0x200034cc   0x00000004   PAD
    0x200034d0   0x00000800   Zero   RW         3940    STACK               arm_startup_nrf52810.o


==============================================================================

Image component sizes


      Code (inc. data)   RO Data    RW Data    ZI Data      Debug   Object Name

       124          4          0          0         32       3418   app_error.o
       300        174          0          0          0       8210   app_error_weak.o
      1648        122          0         20        364      42804   app_timer.o
       124         14          0          0         12       8906   app_util_platform.o
        36          8        512          0       2048        828   arm_startup_nrf52810.o
       536         84          9         16         20      14309   battery_check.o
       292         60          0          8          0       2997   beacon1_adv.o
        84         10          0          0          0       1003   beacon2_adv.o
       800        272          0         24         80       6439   ble_adv.o
         0          0          0          0          0      20940   ble_advdata.o
       524          0          0          0          0       3498   ble_bas.o
       232         52          0          8          0       2605   ble_comm.o
       672         48          8          8         80      11002   ble_conn_params.o
       292         50          8          0        184       2943   ble_conn_state.o
       430         20          0          0          0       2860   ble_data.o
       760        166          0         74          0       4867   ble_dis.o
      1364        416         32          2         72      19860   ble_init.o
        38          0          0          0          0       2438   ble_srv_common.o
       116         56          0          0          0       2955   driver_init.o
       196         66          4          1          0      11086   gpio_init.o
       510         50          3          1          0       7639   in_flash_manage.o
       272         80          0          5          0       3284   key.o
       406         88          4         10         32       8330   led_manage.o
       252        146          0          3          0      70602   main.o
       244          0          0          0          0       4313   nrf_atfifo.o
         0          0         15         12          0       1218   nrf_balloc.o
       336          4         31         12          0      13018   nrf_ble_gatt.o
       408         40         30         12         20      36771   nrf_drv_clock.o
        56          0          0          0          0      24979   nrf_drv_common.o
      1320         98         19         12         88      26964   nrf_drv_gpiote.o
       860         74         18         12         48      16963   nrf_drv_saadc.o
       310          8         13         12         28      14472   nrf_drv_uart.o
       450         36         40          8        176       9835   nrf_fstorage_sd.o
       104          4          0          0          0       6325   nrf_saadc.o
       764        194        104         15          0      45843   nrf_sdh.o
       540        182         76         16          0       5684   nrf_sdh_ble.o
       112         52         56         12          0       2220   nrf_sdh_soc.o
        78          0          0          0          0       2252   nrf_section_iter.o
        76         10       1035          0          0       2271   nrf_strerror.o
       960        236         16          1         48       9045   periph_service.o
       206          0          0          0          0       4614   sdk_mapped_flags.o
       430         38          0          0        340       7878   segger_rtt.o
       910         12         16          0        256       6249   segger_rtt_printf.o
       732         76          0          4          0      26806   system_nrf52810.o
       204         96          4          1         32       2885   system_time.o
       576        194          0          2        244       4772   user_flash.o
        38          0          0          0          0       1322   utility.o
       100         20          0          0          0       1296   wdt.o

    ----------------------------------------------------------------------
     19860       3360       2104        316       4204     541818   Object Totals
         0          0         32          0          0          0   (incl. Generated)
        38          0         19          5          0          0   (incl. Padding)

    ----------------------------------------------------------------------

      Code (inc. data)   RO Data    RW Data    ZI Data      Debug   Library Member Name

      1222         32         16          8          0      30011   ble_dfu.o
       194          0          0          0          0       2931   fifo_bytes.o
      1566        232          0         32         60     133683   nrf_dfu.o
        58          0          0          0          0          0   __dczerorl.o
         0          0          0          0          0          0   entry.o
         0          0          0          0          0          0   entry10a.o
         0          0          0          0          0          0   entry11a.o
         8          4          0          0          0          0   entry2.o
         4          0          0          0          0          0   entry5.o
         0          0          0          0          0          0   entry7b.o
         0          0          0          0          0          0   entry8b.o
         8          4          0          0          0          0   entry9a.o
        30          0          0          0          0          0   handlers.o
        36          8          0          0          0         68   init.o
        30          0          0          0          0         68   llshl.o
        32          0          0          0          0         68   llushr.o
        26          0          0          0          0         80   memcmp.o
        36          0          0          0          0         68   memcpya.o
        36          0          0          0          0        108   memseta.o
      1172         50          0          0          0        420   printf8.o
        18          0          0          0          0         68   strcpy.o
        14          0          0          0          0         68   strlen.o
        98          0          0          0          0         92   uldiv.o

    ----------------------------------------------------------------------
      4600        330         16         40         64     167733   Library Totals
        12          0          0          0          4          0   (incl. Padding)

    ----------------------------------------------------------------------

      Code (inc. data)   RO Data    RW Data    ZI Data      Debug   Library Name

      2982        264         16         40         60     166625   dfu.lib
      1606         66          0          0          0       1108   mc_w.l

    ----------------------------------------------------------------------
      4600        330         16         40         64     167733   Library Totals

    ----------------------------------------------------------------------

==============================================================================


      Code (inc. data)   RO Data    RW Data    ZI Data      Debug   

     24460       3690       2120        356       4268     695535   Grand Totals
     24460       3690       2120         28       4268     695535   ELF Image Totals (compressed)
     24460       3690       2120         28          0          0   ROM Totals

==============================================================================

    Total RO  Size (Code + RO Data)                26580 (  25.96kB)
    Total RW  Size (RW Data + ZI Data)              4624 (   4.52kB)
    Total ROM Size (Code + RO Data + RW Data)      26608 (  25.98kB)

==============================================================================

